11-07 18:35:11.927  1881  2119 I imsrcsd : ImsCallInfoService: Ctor[e7055780]
11-07 18:35:11.927  1881  2119 E imsrcsd : [IMS_COM] |ImsQmiPrivate.cpp | 233 | | 2119 |QMI IMS Private listener added 0x6ee7055780
11-07 18:35:11.927  1881  2119 I imsrcsd : ImsCallInfoService - <API SVC> registerServiceImpl: Registering for vendor.qti.ims.callinfo 
11-07 18:35:11.916  1881  1881 I imsrcsd : type=1400 audit(0.0:1149): avc: denied { call } for scontext=u:r:init:s0 tcontext=u:r:hwservicemanager:s0 tclass=binder permissive=1
11-07 18:35:11.916  1881  1881 I imsrcsd : type=1400 audit(0.0:1150): avc: denied { transfer } for scontext=u:r:init:s0 tcontext=u:r:hwservicemanager:s0 tclass=binder permissive=1
11-07 18:35:11.925     0     0 I binder  : 1881:1881 ioctl 40046210 7fe778cff4 returned -22
11-07 18:35:11.928  1881  2119 I HidlServiceManagement: Registered vendor.qti.ims.callinfo@1.0::IService/default
11-07 18:35:11.928  1881  2119 E imsrcsd : [IMS_COM] |ImsQmiSvc.cpp | 38 | | 2119 |ImsQmiSvc[ImsQmiSettings]:  
11-07 18:35:11.928  1881  2119 E imsrcsd : [IMS_COM] |ImsQmiSvc.cpp | 42 | | 2119 |ImsQmiSvc: qmiimssvcfd : 19 svcObj[x26eb318] 
11-07 18:35:11.928  1881  2119 E imsrcsd : [IMS_COM] |ImsCom.cpp | 167 | | 2119 |ImsCom::addComEventHandler(int 19, ComEventCallback 0x6e02ca0e34, void* 0x6f770550f0, ComCloseCallback 0x0, events 1) EX
11-07 18:35:11.928  1881  2119 E imsrcsd : [IMS_COM] |ImsCom.cpp | 179 | | 2119 |ImsCom::addComEventHandler epoll_ctl returns: 0
11-07 18:35:11.928  1881  2119 E QMI_FW  : qmi_cci_get_ref: ref count increased 2
11-07 18:35:11.928  1881  2119 E QMI_FW  : qmi_cci_get_ref: ref count increased 2
11-07 18:35:11.928  1881  2119 E imsrcsd : [IMS_COM] |ImsQmiSvc.cpp | 156 | | 2119 |ImsQmiSvc[ImsQmiSettings]: imsQmiNotifyCb Service Up event 
11-07 18:35:11.928  1881  2119 E imsrcsd : [IMS_COM] |ImsQmiSvc.cpp | 174 | | 2119 |ImsQmiSvc[ImsQmiSettings]: Another Service up event processing 
11-07 18:35:11.928  1881  2119 E imsrcsd : [IMS_COM] |ImsQmiSvc.cpp | 122 | | 2119 |ImsQmiSvc[ImsQmiSettings]: registerForQmiSvcUp 
11-07 18:35:11.928  1881  2119 E imsrcsd : [IMS_COM] |ImsComHandler.h | 52 | | 2119 |imsComHandler ctor
11-07 18:35:11.928  1881  2119 E imsrcsd : [IMS_COM] |ImsCom.cpp | 167 | | 2119 |ImsCom::addComEventHandler(int 20, ComEventCallback 0x6e0596d938, void* 0x6f77055218, ComCloseCallback 0x0, events 1) EX
11-07 18:35:11.928  1881  2119 E imsrcsd : [IMS_COM] |ImsCom.cpp | 179 | | 2119 |ImsCom::addComEventHandler epoll_ctl returns: 0
11-07 18:35:11.928  1881  2119 E imsrcsd : [IMS_COM] |ImsComHandler.h | 54 | | 2119 |imsComHandler: ctor fd[20]
11-07 18:35:11.928  1881  2119 E imsrcsd : [IMS_COM] |ImsQmiSettings.cpp | 38 | | 2119 |ImsQmiSettings Xtor
11-07 18:35:11.928  1881  2119 E imsrcsd : [IMS_COM] |ImsQmiSvc.cpp | 38 | | 2119 |ImsQmiSvc[ImsQmiApplication]:  
11-07 18:35:11.928  1881  2119 E imsrcsd : [IMS_COM] |ImsQmiSvc.cpp | 42 | | 2119 |ImsQmiSvc: qmiimssvcfd : 21 svcObj[x26eb378] 
11-07 18:35:11.928  1881  2119 E imsrcsd : [IMS_COM] |ImsCom.cpp | 167 | | 2119 |ImsCom::addComEventHandler(int 21, ComEventCallback 0x6e02ca0e34, void* 0x6f6705bc90, ComCloseCallback 0x0, events 1) EX
11-07 18:35:11.928  1881  2119 E imsrcsd : [IMS_COM] |ImsCom.cpp | 179 | | 2119 |ImsCom::addComEventHandler epoll_ctl returns: 0
11-07 18:35:11.928  1881  2119 E QMI_FW  : qmi_cci_get_ref: ref count increased 2
11-07 18:35:11.928  1881  2119 E QMI_FW  : qmi_cci_get_ref: ref count increased 2
11-07 18:35:11.928  1881  2119 E imsrcsd : [IMS_COM] |ImsQmiSvc.cpp | 156 | | 2119 |ImsQmiSvc[ImsQmiApplication]: imsQmiNotifyCb Service Up event 
11-07 18:35:11.928  1881  2119 E imsrcsd : [IMS_COM] |ImsQmiSvc.cpp | 174 | | 2119 |ImsQmiSvc[ImsQmiApplication]: Another Service up event processing 
11-07 18:35:11.928  1881  2119 E imsrcsd : [IMS_COM] |ImsQmiSvc.cpp | 122 | | 2119 |ImsQmiSvc[ImsQmiApplication]: registerForQmiSvcUp 
11-07 18:35:11.928  1881  2119 E imsrcsd : [IMS_COM] |ImsComHandler.h | 52 | | 2119 |imsComHandler ctor
11-07 18:35:11.928  1881  2119 E imsrcsd : [IMS_COM] |ImsCom.cpp | 167 | | 2119 |ImsCom::addComEventHandler(int 22, ComEventCallback 0x6e0597023c, void* 0x6f6705bdb8, ComCloseCallback 0x0, events 1) EX
11-07 18:35:11.928  1881  2119 E imsrcsd : [IMS_COM] |ImsCom.cpp | 179 | | 2119 |ImsCom::addComEventHandler epoll_ctl returns: 0
11-07 18:35:11.928  1881  2119 E imsrcsd : [IMS_COM] |ImsComHandler.h | 54 | | 2119 |imsComHandler: ctor fd[22]
11-07 18:35:11.928  1881  2119 E imsrcsd : [IMS_COM] |ImsQmiApplication.cpp | 20 | | 2119 |ImsQmiApplication : Xtor
11-07 18:35:11.928  1881  2119 I imsrcsd : ImsFactory registration for api:createRcsConfig
11-07 18:35:11.928  1881  2119 I imsrcsd : ImsFactory registration for api:createRcsConfig_1_1
11-07 18:35:11.928  1881  2119 E imsrcsd : [IMS_COM] |ImsComHandler.h | 52 | | 2119 |imsComHandler ctor
11-07 18:35:11.928  1881  2119 E imsrcsd : [IMS_COM] |ImsCom.cpp | 167 | | 2119 |ImsCom::addComEventHandler(int 23, ComEventCallback 0x6e059682f0, void* 0x6f4704ccb0, ComCloseCallback 0x0, events 1) EX
11-07 18:35:11.928  1881  2119 E imsrcsd : [IMS_COM] |ImsCom.cpp | 179 | | 2119 |ImsCom::addComEventHandler epoll_ctl returns: 0
11-07 18:35:11.928  1881  2119 E imsrcsd : [IMS_COM] |ImsComHandler.h | 54 | | 2119 |imsComHandler: ctor fd[23]
11-07 18:35:11.928  1881  2119 E imsrcsd : [IMS_COM] |RcsConfigManager.cpp | 44 | | 2119 |RcsConfigManager::Constructor
11-07 18:35:11.928  1881  2119 E imsrcsd : [IMS_COM] |ImsQmiSettings.cpp | 278 | | 2119 |ImsQmiSettings: registerServiceStatusListener
11-07 18:35:11.928  1881  2119 I imsrcsd : ImsFactory registration for api:createCallCapabilityService
11-07 18:35:11.928  1881  2119 I imsrcsd : ImsFactory registration for api:createCallCapabilityService
11-07 18:35:11.928  1881  2119 E imsrcsd : [IMS_COM] |ImsCallCapabilityService.h | 109 | | 2119 |ImsCallCapabilityCreatable::Constructor
11-07 18:35:11.926   583   583 I hwservicemanage: type=1400 audit(0.0:1151): avc: denied { transfer } for scontext=u:r:hwservicemanager:s0 tcontext=u:r:init:s0 tclass=binder permissive=1
11-07 18:35:11.929  1881  2119 I imsrcsd : Interface vendor.qti.ims.factory@1.1::IImsFactory  default is not found in manifest
11-07 18:35:11.929  1881  2119 I HidlServiceManagement: Registered vendor.qti.ims.factory@1.0::IImsFactory/default
11-07 18:35:11.929  1881  2119 I imsrcsd : ImsServiceMain Running..
11-07 18:35:11.929  1881  2119 E imsrcsd : [IMS_COM] |ImsCom.cpp | 77 | | 2119 |waiting on events (-1ms)
11-07 18:35:11.929  1881  2119 E imsrcsd : [IMS_COM] |ImsCom.cpp | 87 | | 2119 |currEvent(0) pending (1)
11-07 18:35:11.929  1881  2119 E imsrcsd : [IMS_COM] |ImsCom.cpp | 89 | | 2119 |there are 1 file descriptor(s) with events pending
11-07 18:35:11.929  1881  2119 E imsrcsd : [IMS_COM] |ImsCom.cpp | 100 | | 2119 |processing event number: 0, handling 1 for 11
11-07 18:35:11.929  1881  2119 E imsrcsd : [IMS_COM] |ImsCom.cpp | 115 | | 2119 |file descriptor '11' is processing events [callback:0x6e02ca0e34, data:0x6f5704f710]
11-07 18:35:11.929  1881  2119 E imsrcsd : [IMS_COM] |ImsCom.cpp | 117 | | 2119 |calling FD: 11
11-07 18:35:11.929  1881  2119 E imsrcsd : [IMS_COM] |ImsQmiSvc.cpp | 229 | | 2119 |a modem service is up, trying to initialize svc client
11-07 18:35:11.929  1881  2119 E imsrcsd : [IMS_COM] |ImsQmiSvc.cpp | 245 | | 2119 |ImsQmiSvc[ImsQmiPrivate]: handleImsSvcStatusEvent Service Up event 1 
11-07 18:35:11.929  1881  2119 E QMI_FW  : qmi_cci_get_ref: ref count increased 2
11-07 18:35:11.929  1881  2119 E QMI_FW  : qmi_cci_get_ref: ref count increased 2
11-07 18:35:11.929  1881  2119 E imsrcsd : [IMS_COM] |ImsQmiPrivate.cpp | 178 | | 2119 |ImsQmiPrivate: A modem service is up, trying to initialize Ims private  service client
11-07 18:35:11.929  1881  2119 E QMI_FW  : qmi_cci_get_ref: ref count increased 2
11-07 18:35:11.929  1881  2119 E imsrcsd : [IMS_COM] |ImsQmiPrivate.cpp | 202 | | 2119 |QMI IMS Private service Client initialized
11-07 18:35:11.929  1881  2119 E imsrcsd : [IMS_COM] |ImsQmiPrivate.cpp | 204 | | 2119 |qmi client handle 0x6f5704f718
11-07 18:35:11.929  1881  2119 E imsrcsd : [IMS_COM] |ImsQmiPrivate.cpp | 207 | | 2119 |QMI IMS Private callInfoObj 0x6ee7055780
11-07 18:35:11.929  1881  2119 I imsrcsd : ImsCallInfoService - <API SVC> handleServiceUp: Modem IMS QMI Priv service up
11-07 18:35:11.929  1881  2119 E imsrcsd : [IMS_COM] |ImsQmiPrivate.cpp | 209 | | 2119 |QMI IMS Private service up handled
11-07 18:35:11.929  1881  2119 E QMI_FW  : qmi_cci_get_ref: ref count increased 2
11-07 18:35:11.929  1881  2119 E QMI_FW  : qmi_cci_get_ref: ref count increased 2
11-07 18:35:11.929  1881  2119 E QMI_FW  : qmi_cci_get_ref: ref count increased 2
11-07 18:35:11.929  1881  2119 E imsrcsd : [IMS_COM] |ImsQmiSettings.cpp | 233 | | 2119 |ImsQmiSettings: A modem service is up,trying to initialize Ims settings service client
11-07 18:35:11.929  1881  2119 E imsrcsd : [IMS_COM] |RcsConfigManager.cpp | 2673 | | 2119 |RcsConfigManager::serviceStatusCb service status event from qmi client
11-07 18:35:11.930  1881  2119 E imsrcsd : [IMS_COM] |RcsConfigManager.cpp | 2696 | | 2119 |RcsConfigManager: MODEM_DOWN or NOT_SUPPORTED
11-07 18:35:11.930  1881  2119 E QMI_FW  : qmi_cci_get_ref: ref count increased 2
11-07 18:35:11.930  1881  2119 E QMI_FW  : qmi_cci_get_ref: ref count increased 2
11-07 18:35:11.930  1881  2119 E imsrcsd : [IMS_COM] |ImsQmiSettings.cpp | 902 | | 2119 |ImsQmiSettings:qmi send sync res 0 for clientHdl[5]
11-07 18:35:11.930  1881  2119 E imsrcsd : [IMS_COM] |ImsQmiSettings.cpp | 249 | | 2119 |ImsQmiSettings: Carrier config is disabled
11-07 18:35:11.930  1881  2119 E imsrcsd : [IMS_COM] |RcsConfigManager.cpp | 2673 | | 2119 |RcsConfigManager::serviceStatusCb service status event from qmi client
11-07 18:35:11.930  1881  2119 E imsrcsd : [IMS_COM] |RcsConfigManager.cpp | 2685 | | 2119 |RcsConfigManager: ServiceStatus::MODEM_UP
11-07 18:35:11.930  1881  2119 E QMI_FW  : qmi_cci_get_ref: ref count increased 2
11-07 18:35:11.930  1881  2119 E imsrcsd : [IMS_COM] |ImsQmiSettings.cpp | 261 | | 2119 |ImsQmiSettings: qmi_client_register_error_cb result: 0
11-07 18:35:11.930  1881  2119 E imsrcsd : [IMS_COM] |ImsQmiSettings.cpp | 264 | | 2119 |ImsQmiSettings: service Client initialized,clientHandle[5]
11-07 18:35:11.931  1881  2119 E QMI_FW  : qmi_cci_get_ref: ref count increased 2
11-07 18:35:11.931  1881  2119 E QMI_FW  : qmi_cci_get_ref: ref count increased 2
11-07 18:35:11.931  1881  2119 E QMI_FW  : qmi_cci_get_ref: ref count increased 2
11-07 18:35:11.931  1881  2119 E imsrcsd : [IMS_COM] |ImsQmiApplication.cpp | 55 | | 2119 |ImsQmiApplication: A modem service is up,trying to initialize Ims settings service client
11-07 18:35:11.931  1881  2119 E QMI_FW  : qmi_cci_get_ref: ref count increased 2
11-07 18:35:11.931  1881  2119 E QMI_FW  : qmi_cci_get_ref: ref count increased 2
11-07 18:35:11.931  1881  2119 E imsrcsd : [IMS_COM] |ImsQmiApplication.cpp | 80 | | 2119 |ImsQmiApplication: qmi_client_register_error_cb result: 0
11-07 18:35:11.931  1881  2119 E imsrcsd : [IMS_COM] |ImsQmiApplication.cpp | 81 | | 2119 |ImsQmiSettings: service Client initialized,clientHandle[6]
11-07 18:35:11.931  1881  2119 E imsrcsd : [IMS_COM] |RcsConfigManager.cpp | 2647 | | 2119 |RcsConfigManager::imsAppServiceEventCb::MODEM_UP
11-07 18:35:11.931  1881  2119 E QMI_FW  : qmi_cci_get_ref: ref count increased 2
11-07 18:35:11.931  1881  2119 E imsrcsd : [IMS_COM] |ImsCom.cpp | 77 | | 2119 |waiting on events (-1ms)
11-07 18:35:12.016  1881  1881 I imsrcsd : type=1400 audit(0.0:1152): avc: denied { getopt } for scontext=u:r:init:s0 tcontext=u:r:init:s0 tclass=udp_socket permissive=1
11-07 18:35:12.016  1881  1881 I imsrcsd : type=1400 audit(0.0:1153): avc: denied { write } for name="fwmarkd" dev="tmpfs" ino=48913 scontext=u:r:init:s0 tcontext=u:object_r:fwmarkd_socket:s0 tclass=sock_file permissive=1
11-07 18:35:12.016  1881  1881 I imsrcsd : type=1400 audit(0.0:1154): avc: denied { connectto } for path="/dev/socket/fwmarkd" scontext=u:r:init:s0 tcontext=u:r:netd:s0 tclass=unix_stream_socket permissive=1
11-07 18:35:12.016  1928  1928 I Binder:1928_2: type=1400 audit(0.0:1155): avc: denied { read write } for path="socket:[52511]" dev="sockfs" ino=52511 scontext=u:r:netd:s0 tcontext=u:r:init:s0 tclass=udp_socket permissive=1
11-07 18:35:12.016  1928  1928 I Binder:1928_2: type=1400 audit(0.0:1156): avc: denied { getopt } for scontext=u:r:netd:s0 tcontext=u:r:init:s0 tclass=udp_socket permissive=1
11-07 18:35:12.016  1928  1928 I Binder:1928_2: type=1400 audit(0.0:1157): avc: denied { setopt } for scontext=u:r:netd:s0 tcontext=u:r:init:s0 tclass=udp_socket permissive=1
11-07 18:35:12.016  1881  1881 I imsrcsd : type=1400 audit(0.0:1158): avc: denied { write } for laddr=fe80::5db7:abf3:9488:8f9a lport=39850 scontext=u:r:init:s0 tcontext=u:r:init:s0 tclass=udp_socket permissive=1
11-07 18:35:12.031  1881  2118 E Diag_Lib: [IMS_FATAL]| 2118 |qpCheckSockEventsOnNetConnProfiles : pNetConnProfileArray NULL
11-07 18:35:12.026  1881  1881 I imsrcsd : type=1400 audit(0.0:1159): avc: denied { read } for laddr=fe80::5db7:abf3:9488:8f9a lport=39850 scontext=u:r:init:s0 tcontext=u:r:init:s0 tclass=udp_socket permissive=1
11-07 18:35:12.037  1881  2118 E Diag_Lib: [IMS_FATAL]| 2118 |qpCheckSockEventsOnNetConnProfiles : pNetConnProfileArray NULL
11-07 18:35:12.037  1881  2118 E Diag_Lib: [IMS_FATAL]| 2118 |qpCheckSockEventsOnNetConnProfiles : pNetConnProfileArray NULL
11-07 18:35:12.037  1881  2118 E Diag_Lib: [IMS_FATAL]| 2118 |qpCheckSockEventsOnNetConnProfiles : pNetConnProfileArray NULL
11-07 18:35:12.037  1881  2118 E Diag_Lib: [IMS_FATAL]| 2118 |qpCheckSockEventsOnNetConnProfiles : pNetConnProfileArray NULL
11-07 18:35:12.037  1881  2118 E Diag_Lib: [IMS_FATAL]| 2118 |qpCheckSockEventsOnNetConnProfiles : pNetConnProfileArray NULL
11-07 18:35:12.037  1881  2118 E Diag_Lib: [IMS_FATAL]| 2118 |qpCheckSockEventsOnNetConnProfiles : pNetConnProfileArray NULL
11-07 18:35:12.037  1881  2118 E Diag_Lib: [IMS_FATAL]| 2118 |qpCheckSockEventsOnNetConnProfiles : pNetConnProfileArray NULL
11-07 18:35:12.037  1881  2118 E Diag_Lib: [IMS_FATAL]| 2118 |qpCheckSockEventsOnNetConnProfiles : pNetConnProfileArray NULL
11-07 18:35:12.037  1881  2118 E Diag_Lib: [IMS_FATAL]| 2118 |qpCheckSockEventsOnNetConnProfiles : pNetConnProfileArray NULL
11-07 18:35:12.037  1881  2118 E Diag_Lib: [IMS_FATAL]| 2118 |SingoConfig::Init()| FATAL error cannot recover: Unable to get DPLConfig
11-07 18:35:12.037  1881  2118 E Diag_Lib: [IMS_FATAL]| 2118 |InitServiceModules | pSingoConfig->Init() Failed
11-07 18:35:12.037  1881  2118 I Diag_Lib: OnServiceStatusReceived iStatus[0]
11-07 18:35:12.037  1881  2118 E Diag_Lib: Modem does not support UCE/IMS-CM, proceed to register HAL's
11-07 18:35:12.037  1881  2118 I Diag_Lib: Starting Service for First Time
11-07 18:35:12.038  1881  2118 I HidlServiceManagement: Registered com.qualcomm.qti.uceservice@2.3::IUceService/com.qualcomm.qti.uceservice
11-07 18:35:12.038  1881  2118 I Diag_Lib: CM_IMSCONNECTIONMANAGER_CREATE_CONNECTION Before Registering Service
11-07 18:35:12.038  1881  2118 I HidlServiceManagement: Registered com.qualcomm.qti.imscmservice@2.2::IImsCmService/qti.ims.connectionmanagerservice
11-07 18:35:12.038  1881  2118 I Diag_Lib: CM_IMSCONNECTIONMANAGER_CREATE_CONNECTION After Registering Service
11-07 18:35:12.038  1881  2118 E Diag_Lib: DPL : gIsQXDMDisabled 0, gIsADBDisabled 1, gIsDebugDisabled 0, gIsIMSLogsDisabled 0 gIsDebugDataPathDisabled = 0
11-07 18:35:12.171  1929  1929 W HidlServiceManagement: Waited one second for android.hardware.graphics.composer@2.1::IComposer/default
11-07 18:35:12.171   583   583 I hwservicemanager: Since android.hardware.graphics.composer@2.1::IComposer/default is not registered, trying to start it as a lazy HAL.
11-07 18:35:12.171  1929  1929 I HidlServiceManagement: getService: Trying again for android.hardware.graphics.composer@2.1::IComposer/default...
11-07 18:35:12.172   583  2124 W libc    : Unable to set property "ctl.interface_start" to "android.hardware.graphics.composer@2.1::IComposer/default": error code: 0x20
11-07 18:35:12.172   583  2124 I hwservicemanager: Tried to start android.hardware.graphics.composer@2.1::IComposer/default as a lazy service, but was unable to. Usually this happens when a service is not installed, but if the service is intended to be used as a lazy service, then it may be configured incorrectly.
11-07 18:35:12.538  2054  2054 W ServiceManager: Waited one second for SurfaceFlinger (is service started? are binder threads started and available?)
11-07 18:35:12.539   582   582 I servicemanager: Since 'SurfaceFlinger' could not be found, trying to start it as a lazy AIDL service
11-07 18:35:12.539   582  2125 W libc    : Unable to set property "ctl.interface_start" to "aidl/SurfaceFlinger": error code: 0x20
11-07 18:35:12.539   582  2125 I servicemanager: Tried to start aidl service SurfaceFlinger as a lazy service, but was unable to. Usually this happens when a service is not installed, but if the service is intended to be used as a lazy service, then it may be configured incorrectly.
11-07 18:35:12.568     0     0 I SMBLIB  : smblib_set_icl_current: icl_ua=25000
11-07 18:35:12.568     0     0 I SMBLIB  : smblib_set_usb_suspend: suspend=1
11-07 18:35:12.568     0     0 I QCOM-BATT: usb_icl_vote_callback: total_icl_ua=500000
11-07 18:35:12.568     0     0 I SMBLIB  : smblib_set_icl_current: icl_ua=500000
11-07 18:35:12.568     0     0 I SMBLIB  : smblib_set_usb_suspend: suspend=0
11-07 18:35:12.856   881   881 I tftp_server: type=1400 audit(0.0:1160): avc: denied { block_suspend } for capability=36 scontext=u:r:init:s0 tcontext=u:r:init:s0 tclass=capability2 permissive=1
11-07 18:35:12.860   881   881 I tftp_server: pid=881 tid=881 tftp-server : INF :[tftp_server.c, 659] rcvd request [1] [72] [1] [0] [101]
11-07 18:35:12.856   881   881 I tftp_server: type=1400 audit(0.0:1161): avc: denied { setopt } for scontext=u:r:init:s0 tcontext=u:r:init:s0 tclass=socket permissive=1
11-07 18:35:12.856   881   881 I tftp_server: type=1400 audit(0.0:1162): avc: denied { connect } for scontext=u:r:init:s0 tcontext=u:r:init:s0 tclass=socket permissive=1
11-07 18:35:12.860   881  2126 I tftp_server: pid=881 tid=2126 tftp-server : INF :[tftp_server_utils.c, 113] file [readwrite/mcfg.tmp] : [/vendor/rfs/msm/mpss/readwrite/mcfg.tmp]
11-07 18:35:12.860   881  2126 I tftp_server: pid=881 tid=2126 tftp-server : INF :[tftp_server.c, 1211] OACK options [port: 101] : [7680, 200, 0, 10, 0, 0, 0, 0]
11-07 18:35:12.861   881  2126 I tftp_server: pid=881 tid=2126 tftp-server : INF :[tftp_os_la.c, 63] open : [-1] [-1] [384] [0] [/vendor/rfs/msm/mpss/readwrite/mcfg.tmp]
11-07 18:35:12.861   881  2126 E tftp_server: pid=881 tid=2126 tftp-server : ERR :[tftp_os_la.c, 70] open failed: [2] [No such file or directory]
11-07 18:35:12.861   881  2126 E tftp_server: pid=881 tid=2126 tftp-server : ERR :[tftp_server.c, 1750] open failed : [-2] [Unknown error -2]
11-07 18:35:12.861   881  2126 E tftp_server: pid=881 tid=2126 tftp-server : ERR :[tftp_protocol.c, 1231] sending error-pkt. Code = 1, Msg = Err=2 String=No such file or directory
11-07 18:35:12.861   881  2126 I tftp_server: pid=881 tid=2126 tftp-server : INF :[tftp_server.c, 1817] RRQ Total API = 189
11-07 18:35:12.856   835   835 I sensors@2.0-ser: type=1400 audit(0.0:1163): avc: denied { read } for scontext=u:r:hal_sensors_default:s0 tcontext=u:r:hal_sensors_default:s0 tclass=socket permissive=1
11-07 18:35:12.856   823   823 I provider@2.4-se: type=1400 audit(0.0:1164): avc: denied { read } for scontext=u:r:hal_camera_default:s0 tcontext=u:r:hal_camera_default:s0 tclass=socket permissive=1
11-07 18:35:12.862   881   881 I tftp_server: pid=881 tid=881 tftp-server : INF :[tftp_server.c, 659] rcvd request [1] [64] [2] [0] [102]
11-07 18:35:12.862   881  2127 I tftp_server: pid=881 tid=2127 tftp-server : INF :[tftp_server_utils.c, 113] file [readwrite/mcfg.tmp] : [/vendor/rfs/msm/mpss/readwrite/mcfg.tmp]
11-07 18:35:12.862   881  2127 I tftp_server: pid=881 tid=2127 tftp-server : INF :[tftp_server.c, 1211] OACK options [port: 102] : [7680, 200, 10, 0, 0, 0, 0, 0]
11-07 18:35:12.862   881  2127 I tftp_server: pid=881 tid=2127 tftp-server : INF :[tftp_os_la.c, 63] open : [-1] [-1] [384] [577] [/vendor/rfs/msm/mpss/readwrite/mcfg.tmp]
11-07 18:35:12.862   881  2127 E tftp_server: pid=881 tid=2127 tftp-server : ERR :[tftp_os_la.c, 70] open failed: [2] [No such file or directory]
11-07 18:35:12.862   881  2127 I tftp_server: pid=881 tid=2127 tftp-server : INF :[tftp_os_la.c, 118] mkdir failed: [2] [/vendor/rfs/msm/mpss/readwrite] [No such file or directory]
11-07 18:35:12.862   881  2127 I tftp_server: pid=881 tid=2127 tftp-server : INF :[tftp_os_la.c, 118] mkdir failed: [2] [/vendor/rfs/msm/mpss] [No such file or directory]
11-07 18:35:12.862   881  2127 I tftp_server: pid=881 tid=2127 tftp-server : INF :[tftp_os_la.c, 118] mkdir failed: [2] [/vendor/rfs/msm] [No such file or directory]
11-07 18:35:12.862   881  2127 I tftp_server: pid=881 tid=2127 tftp-server : INF :[tftp_os_la.c, 118] mkdir failed: [30] [/vendor/rfs] [Read-only file system]
11-07 18:35:12.862   881  2127 E tftp_server: pid=881 tid=2127 tftp-server : ERR :[tftp_server.c, 824] Retry auto dir after attempting to create data dirs
11-07 18:35:12.862   881  2127 I tftp_server: pid=881 tid=2127 tftp-server : INF :[tftp_os_la.c, 118] mkdir failed: [2] [/vendor/rfs/msm/mpss/readwrite] [No such file or directory]
11-07 18:35:12.862   881  2127 I tftp_server: pid=881 tid=2127 tftp-server : INF :[tftp_os_la.c, 118] mkdir failed: [2] [/vendor/rfs/msm/mpss] [No such file or directory]
11-07 18:35:12.862   881  2127 I tftp_server: pid=881 tid=2127 tftp-server : INF :[tftp_os_la.c, 118] mkdir failed: [2] [/vendor/rfs/msm] [No such file or directory]
11-07 18:35:12.862   881  2127 I tftp_server: pid=881 tid=2127 tftp-server : INF :[tftp_os_la.c, 118] mkdir failed: [30] [/vendor/rfs] [Read-only file system]
11-07 18:35:12.862   881  2127 E tftp_server: pid=881 tid=2127 tftp-server : ERR :[tftp_server.c, 1750] open failed : [-30] [Unknown error -30]
11-07 18:35:12.862   881  2127 E tftp_server: pid=881 tid=2127 tftp-server : ERR :[tftp_protocol.c, 1231] sending error-pkt. Code = 0, Msg = Err=30 String=Read-only file system
11-07 18:35:12.862   881  2127 I tftp_server: pid=881 tid=2127 tftp-server : INF :[tftp_server.c, 1817] WRQ Total API = 405
11-07 18:35:13.147   582   582 I servicemanager: Notifying apexservice they have clients: 1
11-07 18:35:13.147   582   582 I servicemanager: Notifying apexservice they have clients: 0
11-07 18:35:13.147     0     0 I AidlLazyServiceRegistrar: Process has 1 (of 1 available) client(s) in use after notification apexservice has clients: 1
11-07 18:35:13.147     0     0 I AidlLazyServiceRegistrar: Shutdown prevented by forcePersist override flag.
11-07 18:35:13.148     0     0 I AidlLazyServiceRegistrar: Process has 0 (of 1 available) client(s) in use after notification apexservice has clients: 0
11-07 18:35:13.148     0     0 I AidlLazyServiceRegistrar: Shutdown prevented by forcePersist override flag.
11-07 18:35:13.172  1929  1929 W HidlServiceManagement: Waited one second for android.hardware.graphics.composer@2.1::IComposer/default
11-07 18:35:13.172   583   583 I hwservicemanager: Since android.hardware.graphics.composer@2.1::IComposer/default is not registered, trying to start it as a lazy HAL.
11-07 18:35:13.172  1929  1929 I HidlServiceManagement: getService: Trying again for android.hardware.graphics.composer@2.1::IComposer/default...
11-07 18:35:13.172   583  2128 W libc    : Unable to set property "ctl.interface_start" to "android.hardware.graphics.composer@2.1::IComposer/default": error code: 0x20
11-07 18:35:13.172   583  2128 I hwservicemanager: Tried to start android.hardware.graphics.composer@2.1::IComposer/default as a lazy service, but was unable to. Usually this happens when a service is not installed, but if the service is intended to be used as a lazy service, then it may be configured incorrectly.
11-07 18:35:13.172     0     0 E init    : Control message: Could not find 'android.hardware.graphics.composer@2.1::IComposer/default' for ctl.interface_start from pid: 583 (/system/bin/hwservicemanager)
11-07 18:35:13.206     0     0 I QCOM-BATT: pl_fcc_vote_callback: total_fcc_ua=1950000
11-07 18:35:13.206     0     0 I QCOM-BATT: pl_fv_vote_callback: fv_uv=4400000
11-07 18:35:13.453     0     0 E FG      : fg_psy_get_property: unsupported property 79
11-07 18:35:13.459     0     0 E FG      : fg_psy_get_property: unsupported property 79
11-07 18:35:13.462     0     0 W healthd : battery l=100 v=4239 t=28.0 h=2 st=2 c=88000 fc=2605 chg=u
11-07 18:35:13.467     0     0 E FG      : fg_psy_get_property: unsupported property 79
11-07 18:35:13.539  2054  2054 W ServiceManager: Waited one second for SurfaceFlinger (is service started? are binder threads started and available?)
11-07 18:35:13.539   582   582 I servicemanager: Since 'SurfaceFlinger' could not be found, trying to start it as a lazy AIDL service
11-07 18:35:13.539   582  2130 W libc    : Unable to set property "ctl.interface_start" to "aidl/SurfaceFlinger": error code: 0x20
11-07 18:35:13.539   582  2130 I servicemanager: Tried to start aidl service SurfaceFlinger as a lazy service, but was unable to. Usually this happens when a service is not installed, but if the service is intended to be used as a lazy service, then it may be configured incorrectly.
11-07 18:35:13.539     0     0 E init    : Control message: Could not find 'aidl/SurfaceFlinger' for ctl.interface_start from pid: 582 (/system/bin/servicemanager)
11-07 18:35:14.172  1929  1929 W HidlServiceManagement: Waited one second for android.hardware.graphics.composer@2.1::IComposer/default
11-07 18:35:14.172   583   583 I hwservicemanager: Since android.hardware.graphics.composer@2.1::IComposer/default is not registered, trying to start it as a lazy HAL.
11-07 18:35:14.172  1929  1929 I HidlServiceManagement: getService: Trying again for android.hardware.graphics.composer@2.1::IComposer/default...
11-07 18:35:14.172   583  2131 W libc    : Unable to set property "ctl.interface_start" to "android.hardware.graphics.composer@2.1::IComposer/default": error code: 0x20
11-07 18:35:14.172   583  2131 I hwservicemanager: Tried to start android.hardware.graphics.composer@2.1::IComposer/default as a lazy service, but was unable to. Usually this happens when a service is not installed, but if the service is intended to be used as a lazy service, then it may be configured incorrectly.
11-07 18:35:14.172     0     0 E init    : Control message: Could not find 'android.hardware.graphics.composer@2.1::IComposer/default' for ctl.interface_start from pid: 583 (/system/bin/hwservicemanager)
11-07 18:35:14.539  2054  2054 W ServiceManager: Waited one second for SurfaceFlinger (is service started? are binder threads started and available?)
11-07 18:35:14.539   582   582 I servicemanager: Since 'SurfaceFlinger' could not be found, trying to start it as a lazy AIDL service
11-07 18:35:14.540   582  2132 W libc    : Unable to set property "ctl.interface_start" to "aidl/SurfaceFlinger": error code: 0x20
11-07 18:35:14.540   582  2132 I servicemanager: Tried to start aidl service SurfaceFlinger as a lazy service, but was unable to. Usually this happens when a service is not installed, but if the service is intended to be used as a lazy service, then it may be configured incorrectly.
11-07 18:35:14.539     0     0 E init    : Control message: Could not find 'aidl/SurfaceFlinger' for ctl.interface_start from pid: 582 (/system/bin/servicemanager)
11-07 18:35:14.885     0     0 I init    : starting service 'vendor.hwcomposer-2-3'...
11-07 18:35:14.888     0     0 I init    : processing action (init.svc.vendor.hwcomposer-2-3=running) from (/vendor/etc/init/hw/init.target.rc:228)
11-07 18:35:14.886     1     1 I init    : type=1400 audit(0.0:1165): avc: denied { create } for name="pps" scontext=u:r:init:s0 tcontext=u:object_r:socket_device:s0 tclass=sock_file permissive=1
11-07 18:35:14.886     1     1 I init    : type=1400 audit(0.0:1166): avc: denied { setattr } for name="pps" dev="tmpfs" ino=51487 scontext=u:r:init:s0 tcontext=u:object_r:socket_device:s0 tclass=sock_file permissive=1
11-07 18:35:14.886  2134  2134 I init    : type=1400 audit(0.0:1167): avc: denied { execute_no_trans } for path="/vendor/bin/mm-pp-dpps" dev="sde44" ino=192 scontext=u:r:init:s0 tcontext=u:object_r:vendor_file:s0 tclass=file permissive=1
11-07 18:35:14.886  2134  2134 I mm-pp-dpps: type=1400 audit(0.0:1168): avc: denied { execute } for path="/vendor/lib64/libhidltransport.so" dev="sde44" ino=1718 scontext=u:r:init:s0 tcontext=u:object_r:same_process_hal_file:s0 tclass=file permissive=1
11-07 18:35:14.886  2133  2133 I android.hardwar: type=1400 audit(0.0:1169): avc: denied { read } for name="vndbinder" dev="tmpfs" ino=12417 scontext=u:r:hal_graphics_composer_default:s0 tcontext=u:object_r:vndbinder_device:s0 tclass=chr_file permissive=1
11-07 18:35:14.886  2133  2133 I android.hardwar: type=1400 audit(0.0:1170): avc: denied { write } for name="vndbinder" dev="tmpfs" ino=12417 scontext=u:r:hal_graphics_composer_default:s0 tcontext=u:object_r:vndbinder_device:s0 tclass=chr_file permissive=1
11-07 18:35:14.886  2133  2133 I android.hardwar: type=1400 audit(0.0:1171): avc: denied { open } for path="/dev/vndbinder" dev="tmpfs" ino=12417 scontext=u:r:hal_graphics_composer_default:s0 tcontext=u:object_r:vndbinder_device:s0 tclass=chr_file permissive=1
11-07 18:35:14.897  2133  2133 D ProcessState: Binder ioctl to enable oneway spam detection failed: Invalid argument
11-07 18:35:14.886  2133  2133 I android.hardwar: type=1400 audit(0.0:1172): avc: denied { ioctl } for path="/dev/vndbinder" dev="tmpfs" ino=12417 ioctlcmd=0x6209 scontext=u:r:hal_graphics_composer_default:s0 tcontext=u:object_r:vndbinder_device:s0 tclass=chr_file permissive=1
11-07 18:35:14.888     0     0 E init    : File /vendor/bin/mm-pp-dpps (labeled "u:object_r:vendor_file:s0") has incorrect label or no domain transition from u:r:init:s0 to another SELinux domain defined. Have you configured your service correctly? https://source.android.com/security/selinux/device-policy#label_new_services_and_address_denials. Note: this error shows up even in permissive mode in order to make auditing denials possible.
11-07 18:35:14.888     0     0 I init    : starting service 'ppd'...
11-07 18:35:14.889     0     0 I init    : Created socket '/dev/socket/pps', mode 660, user 1000, group 1000
11-07 18:35:14.897     0     0 I binder  : 2133:2133 ioctl 40046210 7ff6e054b4 returned -22
11-07 18:35:14.898  2133  2133 D hw-ProcessState: Binder ioctl to enable oneway spam detection failed: Invalid argument
11-07 18:35:14.898     0     0 I binder  : 2134:2134 ioctl 40046210 7ff6e46974 returned -22
11-07 18:35:14.898  2134  2134 D ProcessState: Binder ioctl to enable oneway spam detection failed: Invalid argument
11-07 18:35:14.898  2134  2134 I Dpps    : GetInstance: DppsServer ref count increased to 1
11-07 18:35:14.898  2134  2134 I Dpps    : GetAdClientInterface():460 AD not supported
11-07 18:35:14.898  2134  2134 I Dpps    : GetAbaClientInterface():507 Aba not supported
11-07 18:35:14.886  2134  2134 I mm-pp-dpps: type=1400 audit(0.0:1173): avc: denied { read } for name="vndbinder" dev="tmpfs" ino=12417 scontext=u:r:init:s0 tcontext=u:object_r:vndbinder_device:s0 tclass=chr_file permissive=1
11-07 18:35:14.886  2134  2134 I mm-pp-dpps: type=1400 audit(0.0:1174): avc: denied { write } for name="vndbinder" dev="tmpfs" ino=12417 scontext=u:r:init:s0 tcontext=u:object_r:vndbinder_device:s0 tclass=chr_file permissive=1
11-07 18:35:14.886  2134  2134 I mm-pp-dpps: type=1400 audit(0.0:1175): avc: denied { open } for path="/dev/vndbinder" dev="tmpfs" ino=12417 scontext=u:r:init:s0 tcontext=u:object_r:vndbinder_device:s0 tclass=chr_file permissive=1
11-07 18:35:14.886  2134  2134 I mm-pp-dpps: type=1400 audit(0.0:1176): avc: denied { ioctl } for path="/dev/vndbinder" dev="tmpfs" ino=12417 ioctlcmd=0x6209 scontext=u:r:init:s0 tcontext=u:object_r:vndbinder_device:s0 tclass=chr_file permissive=1
11-07 18:35:14.898     0     0 I binder  : 2133:2133 ioctl 40046210 7ff6e05494 returned -22
11-07 18:35:14.906  2133  2133 I HWC_UeventThrea: type=1400 audit(0.0:1177): avc: denied { create } for scontext=u:r:hal_graphics_composer_default:s0 tcontext=u:r:hal_graphics_composer_default:s0 tclass=netlink_kobject_uevent_socket permissive=1
11-07 18:35:14.906  2133  2133 I HWC_UeventThrea: type=1400 audit(0.0:1178): avc: denied { setopt } for scontext=u:r:hal_graphics_composer_default:s0 tcontext=u:r:hal_graphics_composer_default:s0 tclass=netlink_kobject_uevent_socket permissive=1
11-07 18:35:14.906  2133  2133 I HWC_UeventThrea: type=1400 audit(0.0:1179): avc: denied { bind } for scontext=u:r:hal_graphics_composer_default:s0 tcontext=u:r:hal_graphics_composer_default:s0 tclass=netlink_kobject_uevent_socket permissive=1
11-07 18:35:14.906  2133  2133 I android.hardwar: type=1400 audit(0.0:1180): avc: denied { call } for scontext=u:r:hal_graphics_composer_default:s0 tcontext=u:r:vndservicemanager:s0 tclass=binder permissive=1
11-07 18:35:14.906  2133  2133 I android.hardwar: type=1400 audit(0.0:1181): avc: denied { transfer } for scontext=u:r:hal_graphics_composer_default:s0 tcontext=u:r:vndservicemanager:s0 tclass=binder permissive=1
11-07 18:35:14.915  2133  2133 I HidlServiceManagement: Registered vendor.display.config@2.0::IDisplayConfig/default
11-07 18:35:14.915  2133  2133 I SDM     : HWCSession::StartServices: IDisplayConfig service registration completed.
11-07 18:35:14.915  2133  2133 I SDM     : HWCSession::Register: Set uevent listener = 0x7c32cf65f0
11-07 18:35:14.917  2133  2133 F libc    : Fatal signal 11 (SIGSEGV), code 1 (SEGV_MAPERR), fault addr 0x0 in tid 2133 (android.hardwar), pid 2133 (android.hardwar)
11-07 18:35:14.926  2133  2133 I Binder:2133_2: type=1400 audit(0.0:1182): avc: denied { ioctl } for path="/dev/vndbinder" dev="tmpfs" ino=12417 ioctlcmd=0x6201 scontext=u:r:hal_graphics_composer_default:s0 tcontext=u:object_r:vndbinder_device:s0 tclass=chr_file permissive=1
11-07 18:35:14.926  2133  2133 I Binder:2133_1: type=1400 audit(0.0:1183): avc: denied { ioctl } for path="/dev/vndbinder" dev="tmpfs" ino=12417 ioctlcmd=0x6201 scontext=u:r:hal_graphics_composer_default:s0 tcontext=u:object_r:vndbinder_device:s0 tclass=chr_file permissive=1
11-07 18:35:14.930  2142  2142 I crash_dump64: obtaining output fd from tombstoned, type: kDebuggerdTombstoneProto
11-07 18:35:14.930   661   661 I tombstoned: received crash request for pid 2133
11-07 18:35:14.930  2142  2142 I crash_dump64: performing dump of process 2133 (target tid = 2133)
11-07 18:35:14.932  2142  2142 E DEBUG   : failed to read process info: failed to open /proc/2133
11-07 18:35:14.956  2142  2142 I crash_dump64: type=1400 audit(0.0:1184): avc: denied { open } for path="/dev/__properties__/u:object_r:hwservicemanager_prop:s0" dev="tmpfs" ino=14175 scontext=u:r:crash_dump:s0 tcontext=u:object_r:hwservicemanager_prop:s0 tclass=file permissive=1
11-07 18:35:14.956  2142  2142 I crash_dump64: type=1400 audit(0.0:1185): avc: denied { getattr } for path="/dev/__properties__/u:object_r:hwservicemanager_prop:s0" dev="tmpfs" ino=14175 scontext=u:r:crash_dump:s0 tcontext=u:object_r:hwservicemanager_prop:s0 tclass=file permissive=1
11-07 18:35:14.965  2142  2142 F DEBUG   : *** *** *** *** *** *** *** *** *** *** *** *** *** *** *** ***
11-07 18:35:14.965  2142  2142 F DEBUG   : Build fingerprint: 'OnePlus/OnePlus6T/OnePlus6T:9/PKQ1.180716.001/1812260627:user/release-keys'
11-07 18:35:14.965  2142  2142 F DEBUG   : Revision: '0'
11-07 18:35:14.965  2142  2142 F DEBUG   : ABI: 'arm64'
11-07 18:35:14.965  2142  2142 F DEBUG   : Timestamp: 2021-11-07 18:35:14.932076348+0100
11-07 18:35:14.965  2142  2142 F DEBUG   : Process uptime: 0s
11-07 18:35:14.965  2142  2142 F DEBUG   : Cmdline: /vendor/bin/hw/android.hardware.graphics.composer@2.3-service
11-07 18:35:14.965  2142  2142 F DEBUG   : pid: 2133, tid: 2133, name: android.hardwar  >>> /vendor/bin/hw/android.hardware.graphics.composer@2.3-service <<<
11-07 18:35:14.965  2142  2142 F DEBUG   : uid: 1000
11-07 18:35:14.965  2142  2142 F DEBUG   : signal 11 (SIGSEGV), code 1 (SEGV_MAPERR), fault addr 0x0
11-07 18:35:14.965  2142  2142 F DEBUG   : Cause: null pointer dereference
11-07 18:35:14.965  2142  2142 F DEBUG   :     x0  0000000000000000  x1  0000007c52cf7ab0  x2  0000000000000200  x3  000000006f732e6d
11-07 18:35:14.965  2142  2142 F DEBUG   :     x4  0000007d5973f060  x5  0000007ff6e03e45  x6  726465647362696c  x7  6f732e6d72646564
11-07 18:35:14.965  2142  2142 F DEBUG   :     x8  0000000000000000  x9  0000007ac0466000  x10 3f86666618964020  x11 0000000000000000
11-07 18:35:14.965  2142  2142 F DEBUG   :     x12 000000000000000c  x13 646e756f6620746f  x14 0000007ff6e04079  x15 ffffffffffffffff
11-07 18:35:14.965  2142  2142 F DEBUG   :     x16 0000007ac04baec0  x17 0000007ac04a2614  x18 0000007d59762000  x19 0000007c52cf7ab0
11-07 18:35:14.965  2142  2142 F DEBUG   :     x20 0000007d595c0010  x21 0000007ff6e051d0  x22 0000007ff6e05248  x23 0000007ff6e05230
11-07 18:35:14.965  2142  2142 F DEBUG   :     x24 0000000001001008  x25 0000007d595c0010  x26 0000007ac04bc3a8  x27 0000000000000000
11-07 18:35:14.965  2142  2142 F DEBUG   :     x28 0000000000000000  x29 0000007ff6e052a0
11-07 18:35:14.965  2142  2142 F DEBUG   :     lr  0000007ac04a1f54  sp  0000007ff6e051b0  pc  0000007ac04a26a4  pst 0000000060000000
11-07 18:35:14.965  2142  2142 F DEBUG   : backtrace:
11-07 18:35:14.965  2142  2142 F DEBUG   :       #00 pc 00000000000616a4  /vendor/lib64/libsdmcore.so (sdm::HWInfoDRM::GetSystemInfo(sdm::HWResourceInfo*)+144) (BuildId: 1429da2638acf75c1e58262864e1bfd2)
11-07 18:35:14.965  2142  2142 F DEBUG   :       #01 pc 0000000000060f50  /vendor/lib64/libsdmcore.so (sdm::HWInfoDRM::GetHWResourceInfo(sdm::HWResourceInfo*)+444) (BuildId: 1429da2638acf75c1e58262864e1bfd2)
11-07 18:35:14.965  2142  2142 F DEBUG   :       #02 pc 0000000000031b68  /vendor/lib64/libsdmcore.so (sdm::CoreImpl::Init()+292) (BuildId: 1429da2638acf75c1e58262864e1bfd2)
11-07 18:35:14.965  2142  2142 F DEBUG   :       #03 pc 0000000000031160  /vendor/lib64/libsdmcore.so (sdm::CoreInterface::CreateCore(sdm::BufferAllocator*, sdm::BufferSyncHandler*, sdm::SocketHandler*, sdm::CoreInterface**, unsigned int)+276) (BuildId: 1429da2638acf75c1e58262864e1bfd2)
11-07 18:35:14.965  2142  2142 F DEBUG   :       #04 pc 000000000002227c  /vendor/lib64/hw/hwcomposer.sdm845.so (sdm::HWCSession::InitSupportedDisplaySlots()+68) (BuildId: d29ab2e124ef317f6ad55b0a12865f49)
11-07 18:35:14.965  2142  2142 F DEBUG   :       #05 pc 000000000002216c  /vendor/lib64/hw/hwcomposer.sdm845.so (sdm::HWCSession::Init()+388) (BuildId: d29ab2e124ef317f6ad55b0a12865f49)
11-07 18:35:14.965  2142  2142 F DEBUG   :       #06 pc 0000000000022e88  /vendor/lib64/hw/hwcomposer.sdm845.so (sdm::HWCSession::Open(hw_module_t const*, char const*, hw_device_t**)+156) (BuildId: d29ab2e124ef317f6ad55b0a12865f49)
11-07 18:35:14.965  2142  2142 F DEBUG   :       #07 pc 0000000000009674  /vendor/bin/hw/android.hardware.graphics.composer@2.3-service (android::hardware::graphics::composer::V2_1::passthrough::HwcLoader::openDeviceWithAdapter(hw_module_t const*, bool*)+372) (BuildId: c1b15329d524993e8f606be96b654948)
11-07 18:35:14.965  2142  2142 F DEBUG   :       #08 pc 0000000000009380  /vendor/bin/hw/android.hardware.graphics.composer@2.3-service (android::hardware::graphics::composer::V2_3::passthrough::HwcLoader::createHalWithAdapter(hw_module_t const*)+48) (BuildId: c1b15329d524993e8f606be96b654948)
11-07 18:35:14.965  2142  2142 F DEBUG   :       #09 pc 00000000000092bc  /vendor/bin/hw/android.hardware.graphics.composer@2.3-service (android::hardware::graphics::composer::V2_3::passthrough::HwcLoader::load()+136) (BuildId: c1b15329d524993e8f606be96b654948)
11-07 18:35:14.965  2142  2142 F DEBUG   :       #10 pc 0000000000009144  /vendor/bin/hw/android.hardware.graphics.composer@2.3-service (main+240) (BuildId: c1b15329d524993e8f606be96b654948)
11-07 18:35:14.965  2142  2142 F DEBUG   :       #11 pc 00000000000488c8  /apex/com.android.runtime/lib64/bionic/libc.so (__libc_init+96) (BuildId: 404fad79f9cb4dd4a710235460ef056f)
11-07 18:35:14.969  2142  2142 E crash_dump64: unable to connect to activity manager: Connection refused
11-07 18:35:14.970   661   661 E tombstoned: Tombstone written to: tombstone_32
11-07 18:35:14.971     0     0 I init    : Untracked pid 2142 exited with status 0
11-07 18:35:15.006  1917  1926 I r_submix: adev_close()
11-07 18:35:15.006  1917  1996 D audio_hw_primary: adev_close_output_stream: enter:stream_handle(low-latency-playback)
11-07 18:35:15.006  1917  1996 D audio_hw_primary: io_streams_map_remove: Removed stream with handle 13
11-07 18:35:15.006  1917  1996 D audio_hw_primary: out_standby: enter: stream (0xf37421a0) usecase(1: low-latency-playback)
11-07 18:35:15.006  1917  1996 D audio_hw_primary: out_standby: exit
11-07 18:35:15.006  1917  1996 D audio_hw_primary: adev_close_output_stream: enter:stream_handle(deep-buffer-playback)
11-07 18:35:15.006  1917  1996 D audio_hw_primary: io_streams_map_remove: Removed stream with handle 29
11-07 18:35:15.006  1917  1996 D audio_hw_primary: out_standby: enter: stream (0xf37464c0) usecase(0: deep-buffer-playback)
11-07 18:35:15.006  1917  1996 D audio_hw_primary: out_standby: exit
11-07 18:35:15.006  1917  1996 D audio_hw_primary: adev_close_output_stream: enter:stream_handle(afe-proxy-playback)
11-07 18:35:15.006  1917  1996 D audio_hw_primary: io_streams_map_remove: Removed stream with handle 61
11-07 18:35:15.006  1917  1996 D audio_hw_primary: out_standby: enter: stream (0xf374a7e0) usecase(53: afe-proxy-playback)
11-07 18:35:15.006  1917  1996 D audio_hw_primary: out_standby: exit
11-07 18:35:15.006  1917  1996 I soundtrigger: audio_extn_sound_trigger_deinit: Enter
11-07 18:35:15.006  1917  1917 I HwBinder:1917_3: type=1400 audit(0.0:1186): avc: denied { getattr } for path="/dev/diag" dev="tmpfs" ino=12415 scontext=u:r:hal_audio_default:s0 tcontext=u:object_r:device:s0 tclass=chr_file permissive=1
11-07 18:35:15.006  1917  1917 I HwBinder:1917_3: type=1400 audit(0.0:1187): avc: denied { ioctl } for path="/dev/diag" dev="tmpfs" ino=12415 ioctlcmd=0x9 scontext=u:r:hal_audio_default:s0 tcontext=u:object_r:device:s0 tclass=chr_file permissive=1
11-07 18:35:15.009  1917  1996 D ACDB-LOADER: ACDB -> deallocate_ADIE
11-07 18:35:15.009  1917  1996 D android.hardware.audio.service: [ACPH]->ADIE RTC service Unregistered with ACPH
11-07 18:35:15.009  1917  1996 D ACDB-LOADER: ACDB -> deallocate_ACDB
11-07 18:35:15.009  1917  1996 D android.hardware.audio.service: [ACPH]->DSP RTC service Unregistered with ACPH
11-07 18:35:15.009  1917  1996 D android.hardware.audio.service: [ACPH]->acph_deinit->is called
11-07 18:35:15.009  1917  1996 D android.hardware.audio.service: g_pCmdTbl is not NULL, g_pCmdTbl->pNodeHead is not NULL
11-07 18:35:15.009  1917  1996 D android.hardware.audio.service: Node1 is not empty, address[0xf44770f0]
11-07 18:35:15.009  1917  1996 D android.hardware.audio.service: Node2 is not empty, address[0xf4476fb0]
11-07 18:35:15.009  1917  1996 D android.hardware.audio.service: Node3 is not empty, address[0xf44770d0]
11-07 18:35:15.009  1917  1996 D android.hardware.audio.service: g_pCmdTbl->pNodeTail is not NULL, address[0xf44770d0]
11-07 18:35:15.009  1917  1996 D android.hardware.audio.service: Free first node, pNodeHead[0xf4476fb0],pCur[0xf44770f0],pNext[0xf4476fb0]
11-07 18:35:15.009  1917  1996 D android.hardware.audio.service: [ACPH]->Online service Unregistered with ACPH
11-07 18:35:15.010  1917  1987 E Diag_Lib: diag: CreateWaitThread, Read DEINIT_TYPE packet
11-07 18:35:15.010  1917  1987 E Diag_Lib: diag: CreateWaitThread, Exiting...
11-07 18:35:15.008     0     0 I binder  : 2147:2147 ioctl 40046210 7fe7c1b724 returned -22
11-07 18:35:15.008     0     0 D ProcessState: Binder ioctl to enable oneway spam detection failed: Invalid argument
11-07 18:35:15.009     0     0 D vdc     : Waited 0ms for vold
11-07 18:35:15.016   892   892 I msm_irqbalance: type=1400 audit(0.0:1188): avc: denied { write } for name="smp_affinity" dev="proc" ino=4026532328 scontext=u:r:init:s0 tcontext=u:object_r:proc:s0 tclass=file permissive=1
11-07 18:35:15.016   892   892 I msm_irqbalance: type=1400 audit(0.0:1189): avc: denied { write } for name="def_timer_ms" dev="sysfs" ino=70929 scontext=u:r:init:s0 tcontext=u:object_r:sysfs_devices_system_cpu:s0 tclass=file permissive=1
11-07 18:35:15.028  1102  1581 E QC-NETMGR-LIB: serviceDied(): Netd service died
11-07 18:35:15.036     1     1 I init    : type=1400 audit(0.0:1190): avc: denied { unlink } for name="audio_hw_socket" dev="tmpfs" ino=50304 scontext=u:r:init:s0 tcontext=u:object_r:socket_device:s0 tclass=sock_file permissive=1
11-07 18:35:15.073  2149  2149 D ProcessState: Binder ioctl to enable oneway spam detection failed: Invalid argument
11-07 18:35:15.073  2149  2149 D hw-ProcessState: Binder ioctl to enable oneway spam detection failed: Invalid argument
11-07 18:35:15.074   583   583 I hwservicemanager: getTransport: Cannot find entry android.hardware.audio@7.0::IDevicesFactory/default in either framework or device VINTF manifest.
11-07 18:35:15.074  2149  2149 E LegacySupport: Could not get passthrough implementation for android.hardware.audio@7.0::IDevicesFactory/default.
11-07 18:35:15.073     0     0 I binder  : 2149:2149 ioctl 40046210 ffe860e8 returned -22
11-07 18:35:15.073     0     0 I binder  : 2149:2149 ioctl 40046210 ffe860d0 returned -22
11-07 18:35:15.079  2149  2149 I HidlServiceManagement: Registered android.hardware.audio@6.0::IDevicesFactory/default
11-07 18:35:15.079  2149  2149 I HidlServiceManagement: Removing namespace from process name android.hardware.audio.service to audio.service.
11-07 18:35:15.079  2149  2149 I LegacySupport: Registration complete for android.hardware.audio@6.0::IDevicesFactory/default.
11-07 18:35:15.079   583   583 I hwservicemanager: getTransport: Cannot find entry android.hardware.audio.effect@7.0::IEffectsFactory/default in either framework or device VINTF manifest.
11-07 18:35:15.080  2149  2149 E LegacySupport: Could not get passthrough implementation for android.hardware.audio.effect@7.0::IEffectsFactory/default.
11-07 18:35:15.091  2149  2149 I HidlServiceManagement: Registered android.hardware.audio.effect@6.0::IEffectsFactory/default
11-07 18:35:15.092  2149  2149 I LegacySupport: Registration complete for android.hardware.audio.effect@6.0::IEffectsFactory/default.
11-07 18:35:15.092   583   583 I hwservicemanager: getTransport: Cannot find entry android.hardware.soundtrigger@2.3::ISoundTriggerHw/default in either framework or device VINTF manifest.
11-07 18:35:15.092  2149  2149 E LegacySupport: Could not get passthrough implementation for android.hardware.soundtrigger@2.3::ISoundTriggerHw/default.
11-07 18:35:15.092   583   583 I hwservicemanager: getTransport: Cannot find entry android.hardware.soundtrigger@2.2::ISoundTriggerHw/default in either framework or device VINTF manifest.
11-07 18:35:15.092  2149  2149 E LegacySupport: Could not get passthrough implementation for android.hardware.soundtrigger@2.2::ISoundTriggerHw/default.
11-07 18:35:15.103     0     0 I headset_imp_feature_get: get success!
11-07 18:35:15.096     1     1 I init    : type=1400 audit(0.0:1191): avc: denied { unlink } for name="pps" dev="tmpfs" ino=51487 scontext=u:r:init:s0 tcontext=u:object_r:socket_device:s0 tclass=sock_file permissive=1
11-07 18:35:15.096  2149  2149 D sound_trigger_hw: stdev_open: Enter
11-07 18:35:15.098  2149  2149 D sound_trigger_hw: load_audio_hal: ahal is using proprietary API version 0x0200
11-07 18:35:15.098  2149  2149 I sound_trigger_platform: platform_stdev_init: Enter
11-07 18:35:15.099  2149  2149 W sound_trigger_platform: load_smlib: generate_sound_trigger_phrase_recognition_event_v3 not found. undefined symbol: generate_sound_trigger_phrase_recognition_event_v3
11-07 18:35:15.101  2160  2160 I netdClient: Skipping libnetd_client init since *we* are netd
11-07 18:35:15.101  2149  2149 D audio_hw_utils: audio_extn_utils_open_snd_mixer: snd_card_name: sdm845-tavil-snd-card
11-07 18:35:15.101  2149  2149 W hardware_info: update_hardware_info_sdm845: Not a sdm845 device
11-07 18:35:15.101  2149  2149 D audio_hw_utils: audio_extn_utils_open_snd_mixer: Opened sound card:0
11-07 18:35:15.103  2160  2160 I netd    : netd 1.0 starting
11-07 18:35:15.103  2160  2160 I netd    : Pid file removed
11-07 18:35:15.103  2160  2160 I netd    : SIGPIPE is blocked
11-07 18:35:15.103  2160  2160 I netd    : setCloseOnExec(dnsproxyd)
11-07 18:35:15.103  2160  2160 I netd    : setCloseOnExec(fwmarkd)
11-07 18:35:15.103  2160  2160 I netd    : setCloseOnExec(mdns)
11-07 18:35:15.103  2160  2160 I netd    : BPF programs are loaded
11-07 18:35:15.103  2160  2160 I netd    : NetlinkManager instanced
11-07 18:35:15.103  2160  2160 I netd    : enter NetworkController ctor
11-07 18:35:15.116  1123  1123 I cnss-daemon: type=1400 audit(0.0:1192): avc: denied { read } for scontext=u:r:init:s0 tcontext=u:r:init:s0 tclass=netlink_route_socket permissive=1
11-07 18:35:15.123     0     0 I binder  : 2162:2162 ioctl 40046210 7fdbc2c534 returned -22
11-07 18:35:15.118  2160  2160 I netd    : leave NetworkController ctor
11-07 18:35:15.119  2160  2160 I netd    : enter TetherController ctor
11-07 18:35:15.119  2160  2160 D TetherController: Setting IP forward enable = 0
11-07 18:35:15.119  2160  2160 I netd    : leave TetherController ctor
11-07 18:35:15.119  2160  2160 D FirewallController: Could not read /proc/self/uid_map, max uid defaulting to 4294967294
