11-07 18:35:15.123  2162  2162 I wificond: wificond is starting up...
11-07 18:35:15.124  2162  2162 D ProcessState: Binder ioctl to enable oneway spam detection failed: Invalid argument
11-07 18:35:15.126     0     0 I binder  : 2162:2162 ioctl 40046210 7fdbc2c4b4 returned -22
11-07 18:35:15.126  2162  2162 D hw-ProcessState: Binder ioctl to enable oneway spam detection failed: Invalid argument
11-07 18:35:15.129  2162  2162 I HidlServiceManagement: Registered android.system.wifi.keystore@1.0::IKeystore/default
11-07 18:35:15.141  2151  2151 D AndroidRuntime: >>>>>> START com.android.internal.os.ZygoteInit uid 0 <<<<<<
11-07 18:35:15.145  2160  2160 I netd    : Creating child chains: 20740us
11-07 18:35:15.146  2160  2160 I netd    : Setting up OEM hooks: 131us
11-07 18:35:15.146  2160  2160 I netd    : Setting up FirewallController hooks: 482us
11-07 18:35:15.147  2160  2160 I netd    : Setting up TetherController hooks: 1268us
11-07 18:35:15.149  2160  2160 I netd    : Setting up BandwidthController hooks: 1729us
11-07 18:35:15.149  2160  2160 I netd    : Setting up IdletimerController hooks: 65us
11-07 18:35:15.146  1047  1047 I thermal-engine: type=1400 audit(0.0:1193): avc: denied { read } for scontext=u:r:init:s0 tcontext=u:r:init:s0 tclass=netlink_kobject_uevent_socket permissive=1
11-07 18:35:15.150  2151  2151 I AndroidRuntime: Using default boot image
11-07 18:35:15.150  2151  2151 I AndroidRuntime: Leaving lock profiling enabled
11-07 18:35:15.151  2160  2160 I netd    : Setting up StrictController hooks: 1509us
11-07 18:35:15.151  2160  2160 I netd    : Initializing ClatdController: 52us
11-07 18:35:15.152  2160  2160 I netd    : Initializing traffic control: 782us
11-07 18:35:15.152  2151  2151 I zygote64: option[0]=-Xzygote
11-07 18:35:15.152  2151  2151 I zygote64: option[1]=exit
11-07 18:35:15.152  2151  2151 I zygote64: option[2]=vfprintf
11-07 18:35:15.152  2151  2151 I zygote64: option[3]=sensitiveThread
11-07 18:35:15.152  2151  2151 I zygote64: option[4]=-verbose:gc
11-07 18:35:15.152  2151  2151 I zygote64: option[5]=-XX:PerfettoHprof=true
11-07 18:35:15.152  2151  2151 I zygote64: option[6]=-XX:PerfettoJavaHeapStackProf=true
11-07 18:35:15.152  2151  2151 I zygote64: option[7]=-Xprimaryzygote
11-07 18:35:15.152  2151  2151 I zygote64: option[8]=-Xms4m
11-07 18:35:15.152  2151  2151 I zygote64: option[9]=-Xmx16m
11-07 18:35:15.152  2151  2151 I zygote64: option[10]=-Xusejit:true
11-07 18:35:15.152  2151  2151 I zygote64: option[11]=-Xjitsaveprofilinginfo
11-07 18:35:15.152  2151  2151 I zygote64: option[12]=-XMadviseWillNeedVdexFileSize:104857600
11-07 18:35:15.152  2151  2151 I zygote64: option[13]=-XMadviseWillNeedOdexFileSize:104857600
11-07 18:35:15.152  2151  2151 I zygote64: option[14]=-XMadviseWillNeedArtFileSize:4294967295
11-07 18:35:15.152  2151  2151 I zygote64: option[15]=-XjdwpOptions:suspend=n,server=y
11-07 18:35:15.152  2151  2151 I zygote64: option[16]=-XjdwpProvider:default
11-07 18:35:15.152  2151  2151 I zygote64: option[17]=-Xopaque-jni-ids:swapable
11-07 18:35:15.152  2151  2151 I zygote64: option[18]=-Xlockprofthreshold:500
11-07 18:35:15.152  2151  2151 I zygote64: option[19]=-Xcompiler-option
11-07 18:35:15.152  2151  2151 I zygote64: option[20]=--instruction-set-variant=kryo385
11-07 18:35:15.152  2151  2151 I zygote64: option[21]=-Xcompiler-option
11-07 18:35:15.152  2151  2151 I zygote64: option[22]=--instruction-set-features=default
11-07 18:35:15.152  2151  2151 I zygote64: option[23]=-Xcompiler-option
11-07 18:35:15.152  2151  2151 I zygote64: option[24]=--generate-mini-debug-info
11-07 18:35:15.153  2151  2151 I zygote64: option[25]=-Ximage-compiler-option
11-07 18:35:15.153  2151  2151 I zygote64: option[26]=--runtime-arg
11-07 18:35:15.153  2151  2151 I zygote64: option[27]=-Ximage-compiler-option
11-07 18:35:15.153  2151  2151 I zygote64: option[28]=-Xms64m
11-07 18:35:15.153  2151  2151 I zygote64: option[29]=-Ximage-compiler-option
11-07 18:35:15.153  2151  2151 I zygote64: option[30]=--runtime-arg
11-07 18:35:15.153  2151  2151 I zygote64: option[31]=-Ximage-compiler-option
11-07 18:35:15.153  2151  2151 I zygote64: option[32]=-Xmx64m
11-07 18:35:15.153  2151  2151 I zygote64: option[33]=-Ximage-compiler-option
11-07 18:35:15.153  2151  2151 I zygote64: option[34]=--compiler-filter=extract
11-07 18:35:15.153  2151  2151 I zygote64: option[35]=-Ximage-compiler-option
11-07 18:35:15.153  2151  2151 I zygote64: option[36]=--dirty-image-objects=/system/etc/dirty-image-objects
11-07 18:35:15.153  2151  2151 I zygote64: option[37]=-Ximage-compiler-option
11-07 18:35:15.153  2151  2151 I zygote64: option[38]=--instruction-set-variant=kryo385
11-07 18:35:15.153  2151  2151 I zygote64: option[39]=-Ximage-compiler-option
11-07 18:35:15.153  2151  2151 I zygote64: option[40]=--instruction-set-features=default
11-07 18:35:15.153  2151  2151 I zygote64: option[41]=-Ximage-compiler-option
11-07 18:35:15.153  2151  2151 I zygote64: option[42]=--generate-mini-debug-info
11-07 18:35:15.153  2151  2151 I zygote64: option[43]=-Duser.locale=en-US
11-07 18:35:15.153  2151  2151 I zygote64: option[44]=--cpu-abilist=arm64-v8a
11-07 18:35:15.153  2151  2151 I zygote64: option[45]=-Xcore-platform-api-policy:just-warn
11-07 18:35:15.153  2151  2151 I zygote64: option[46]=-Xfingerprint:OnePlus/OnePlus6T/OnePlus6T:9/PKQ1.180716.001/1812260627:user/release-keys
11-07 18:35:15.154  2160  2160 I netd    : Enabling bandwidth control: 2449us
11-07 18:35:15.154  2160  2160 E netd    : Error adding route 0.0.0.0/0 -> (null) dummy0 to table 1003: File exists
11-07 18:35:15.155  2160  2160 I netd    : Initializing RouteController: 633us
11-07 18:35:15.155  2160  2160 D XfrmController: XfrmController::ipSecAddXfrmInterface, line=1479
11-07 18:35:15.155  2160  2160 D XfrmController: XfrmController::ipSecRemoveTunnelInterface, line=1692
11-07 18:35:15.155  2160  2160 D XfrmController: deviceName=ipsec_test
11-07 18:35:15.157     0     0 E [RMNET:HI] rmnet_config_notify_cb(): Kernel is trying to unregister ipsec_test
11-07 18:35:15.157  2152  2152 D AndroidRuntime: >>>>>> START com.android.internal.os.ZygoteInit uid 0 <<<<<<
11-07 18:35:15.157  1201  1221 D LOWI-9.0.0.79: [LOWINetlinkSocketReceiver] unpackRTMLinkMessage: RTM_NEWLINK - ifname ipsec_test, flags 0x80 ()
11-07 18:35:15.158  1201  1221 D LOWI-9.0.0.79: [LOWINetlinkSocketReceiver] unpackRTMLinkMessage: RTM_DELLINK - ifname ipsec_test, flags 0x80 ()
11-07 18:35:15.159  2161  2161 D hw-ProcessState: Binder ioctl to enable oneway spam detection failed: Invalid argument
11-07 18:35:15.160  2151  2151 I zygote64: Core platform API reporting enabled, enforcing=false
11-07 18:35:15.158     0     0 I binder  : 2161:2161 ioctl 40046210 7ff7667b74 returned -22
11-07 18:35:15.161  2152  2152 I AndroidRuntime: Using default boot image
11-07 18:35:15.162     0     0 I binder  : 2161:2161 ioctl 40046210 7ff7667b94 returned -22
11-07 18:35:15.161  2152  2152 I AndroidRuntime: Leaving lock profiling enabled
11-07 18:35:15.162  2161  2161 D ProcessState: Binder ioctl to enable oneway spam detection failed: Invalid argument
11-07 18:35:15.163  2152  2152 I zygote  : option[0]=-Xzygote
11-07 18:35:15.163  2161  2161 I SurfaceFlinger: Using HWComposer service: default
11-07 18:35:15.163  2152  2152 I zygote  : option[1]=exit
11-07 18:35:15.163  2152  2152 I zygote  : option[2]=vfprintf
11-07 18:35:15.163  2152  2152 I zygote  : option[3]=sensitiveThread
11-07 18:35:15.163  2152  2152 I zygote  : option[4]=-verbose:gc
11-07 18:35:15.163  2161  2161 I SurfaceFlinger: SurfaceFlinger is starting
11-07 18:35:15.163  2152  2152 I zygote  : option[5]=-XX:PerfettoHprof=true
11-07 18:35:15.163  2152  2152 I zygote  : option[6]=-XX:PerfettoJavaHeapStackProf=true
11-07 18:35:15.163  2152  2152 I zygote  : option[7]=-Xms4m
11-07 18:35:15.163  2152  2152 I zygote  : option[8]=-Xmx16m
11-07 18:35:15.163  2152  2152 I zygote  : option[9]=-Xusejit:true
11-07 18:35:15.163  2152  2152 I zygote  : option[10]=-Xjitsaveprofilinginfo
11-07 18:35:15.163  2152  2152 I zygote  : option[11]=-XMadviseWillNeedVdexFileSize:104857600
11-07 18:35:15.163  2152  2152 I zygote  : option[12]=-XMadviseWillNeedOdexFileSize:104857600
11-07 18:35:15.163  2152  2152 I zygote  : option[13]=-XMadviseWillNeedArtFileSize:4294967295
11-07 18:35:15.163  2152  2152 I zygote  : option[14]=-XjdwpOptions:suspend=n,server=y
11-07 18:35:15.163  2152  2152 I zygote  : option[15]=-XjdwpProvider:default
11-07 18:35:15.163  2152  2152 I zygote  : option[16]=-Xopaque-jni-ids:swapable
11-07 18:35:15.163  2152  2152 I zygote  : option[17]=-Xlockprofthreshold:500
11-07 18:35:15.163  2152  2152 I zygote  : option[18]=-Xcompiler-option
11-07 18:35:15.163  2152  2152 I zygote  : option[19]=--instruction-set-variant=kryo385
11-07 18:35:15.163  2152  2152 I zygote  : option[20]=-Xcompiler-option
11-07 18:35:15.163  2152  2152 I zygote  : option[21]=--instruction-set-features=default
11-07 18:35:15.163  2152  2152 I zygote  : option[22]=-Xcompiler-option
11-07 18:35:15.163  2152  2152 I zygote  : option[23]=--generate-mini-debug-info
11-07 18:35:15.163  2152  2152 I zygote  : option[24]=-Ximage-compiler-option
11-07 18:35:15.163  2152  2152 I zygote  : option[25]=--runtime-arg
11-07 18:35:15.163  2152  2152 I zygote  : option[26]=-Ximage-compiler-option
11-07 18:35:15.163  2152  2152 I zygote  : option[27]=-Xms64m
11-07 18:35:15.163  2152  2152 I zygote  : option[28]=-Ximage-compiler-option
11-07 18:35:15.163  2152  2152 I zygote  : option[29]=--runtime-arg
11-07 18:35:15.163  2152  2152 I zygote  : option[30]=-Ximage-compiler-option
11-07 18:35:15.163  2152  2152 I zygote  : option[31]=-Xmx64m
11-07 18:35:15.163  2152  2152 I zygote  : option[32]=-Ximage-compiler-option
11-07 18:35:15.163  2152  2152 I zygote  : option[33]=--compiler-filter=extract
11-07 18:35:15.163  2152  2152 I zygote  : option[34]=-Ximage-compiler-option
11-07 18:35:15.163  2152  2152 I zygote  : option[35]=--dirty-image-objects=/system/etc/dirty-image-objects
11-07 18:35:15.163  2152  2152 I zygote  : option[36]=-Ximage-compiler-option
11-07 18:35:15.163  2152  2152 I zygote  : option[37]=--instruction-set-variant=kryo385
11-07 18:35:15.163  2152  2152 I zygote  : option[38]=-Ximage-compiler-option
11-07 18:35:15.163  2152  2152 I zygote  : option[39]=--instruction-set-features=default
11-07 18:35:15.163  2152  2152 I zygote  : option[40]=-Ximage-compiler-option
11-07 18:35:15.163  2152  2152 I zygote  : option[41]=--generate-mini-debug-info
11-07 18:35:15.163  2152  2152 I zygote  : option[42]=-Duser.locale=en-US
11-07 18:35:15.163  2152  2152 I zygote  : option[43]=--cpu-abilist=armeabi-v7a,armeabi
11-07 18:35:15.163  2152  2152 I zygote  : option[44]=-Xcore-platform-api-policy:just-warn
11-07 18:35:15.163  2152  2152 I zygote  : option[45]=-Xfingerprint:OnePlus/OnePlus6T/OnePlus6T:9/PKQ1.180716.001/1812260627:user/release-keys
11-07 18:35:15.165  2152  2152 I zygote  : Core platform API reporting enabled, enforcing=false
11-07 18:35:15.166  2156  2156 D hw-ProcessState: Binder ioctl to enable oneway spam detection failed: Invalid argument
11-07 18:35:15.166     0     0 I binder  : 2156:2156 ioctl 40046210 7fea02a364 returned -22
11-07 18:35:15.166     0     0 I binder  : 2156:2156 ioctl 40046210 7fea02a384 returned -22
11-07 18:35:15.166  2156  2156 D ProcessState: Binder ioctl to enable oneway spam detection failed: Invalid argument
11-07 18:35:15.167  2156  2156 I cameraserver: ServiceManager: 0x726024cd30
11-07 18:35:15.167  2156  2156 I CameraService: CameraService started (pid=2156)
11-07 18:35:15.167  2156  2156 I CameraService: CameraService process starting
11-07 18:35:15.167  2156  2156 W BatteryNotifier: batterystats service unavailable!
11-07 18:35:15.168  2156  2156 W BatteryNotifier: batterystats service unavailable!
11-07 18:35:15.168  2161  2161 I SurfaceFlinger: SurfaceFlinger's main thread ready to run. Initializing graphics H/W...
11-07 18:35:15.168  2161  2161 D RenderEngine: Threaded RenderEngine with SkiaGL Backend
11-07 18:35:15.166  2161  2161 I surfaceflinger: type=1400 audit(0.0:1194): avc: denied { read } for name="libadreno_utils.so" dev="sde44" ino=1626 scontext=u:r:surfaceflinger:s0 tcontext=u:object_r:vendor_file:s0 tclass=file permissive=1
11-07 18:35:15.166  2161  2161 I surfaceflinger: type=1400 audit(0.0:1195): avc: denied { open } for path="/vendor/lib64/libadreno_utils.so" dev="sde44" ino=1626 scontext=u:r:surfaceflinger:s0 tcontext=u:object_r:vendor_file:s0 tclass=file permissive=1
11-07 18:35:15.166  2161  2161 I surfaceflinger: type=1400 audit(0.0:1196): avc: denied { getattr } for path="/vendor/lib64/libadreno_utils.so" dev="sde44" ino=1626 scontext=u:r:surfaceflinger:s0 tcontext=u:object_r:vendor_file:s0 tclass=file permissive=1
11-07 18:35:15.166  2161  2161 I surfaceflinger: type=1400 audit(0.0:1197): avc: denied { execute } for path="/vendor/lib64/libgsl.so" dev="sde44" ino=1711 scontext=u:r:surfaceflinger:s0 tcontext=u:object_r:vendor_file:s0 tclass=file permissive=1
11-07 18:35:15.172  2161  2170 D libEGL  : loaded /vendor/lib64/egl/libEGL_adreno.so
11-07 18:35:15.172   583   583 I hwservicemanager: Since android.hardware.graphics.composer@2.1::IComposer/default is not registered, trying to start it as a lazy HAL.
11-07 18:35:15.173   583  2173 W libc    : Unable to set property "ctl.interface_start" to "android.hardware.graphics.composer@2.1::IComposer/default": error code: 0x20
11-07 18:35:15.173  2161  2161 I HidlServiceManagement: getService: Trying again for android.hardware.graphics.composer@2.1::IComposer/default...
11-07 18:35:15.173   583  2173 I hwservicemanager: Tried to start android.hardware.graphics.composer@2.1::IComposer/default as a lazy service, but was unable to. Usually this happens when a service is not installed, but if the service is intended to be used as a lazy service, then it may be configured incorrectly.
11-07 18:35:15.166  2161  2161 I surfaceflinger: type=1400 audit(0.0:1198): avc: denied { open } for path="/dev/__properties__/u:object_r:vendor_default_prop:s0" dev="tmpfs" ino=14277 scontext=u:r:surfaceflinger:s0 tcontext=u:object_r:vendor_default_prop:s0 tclass=file permissive=1
11-07 18:35:15.166  2161  2161 I surfaceflinger: type=1400 audit(0.0:1199): avc: denied { getattr } for path="/dev/__properties__/u:object_r:vendor_default_prop:s0" dev="tmpfs" ino=14277 scontext=u:r:surfaceflinger:s0 tcontext=u:object_r:vendor_default_prop:s0 tclass=file permissive=1
11-07 18:35:15.174   583  2175 W libc    : Unable to set property "ctl.interface_start" to "android.hardware.graphics.composer@2.1::IComposer/default": error code: 0x20
11-07 18:35:15.174   583  2175 I hwservicemanager: Tried to start android.hardware.graphics.composer@2.1::IComposer/default as a lazy service, but was unable to. Usually this happens when a service is not installed, but if the service is intended to be used as a lazy service, then it may be configured incorrectly.
11-07 18:35:15.174  2156  2156 I CameraProviderManager: Connecting to new camera provider: legacy/0, isRemote? 1
11-07 18:35:15.176  2156  2156 I CameraProviderManager: Enumerating new camera device: device@3.3/legacy/0
11-07 18:35:15.176  2161  2170 D libEGL  : loaded /vendor/lib64/egl/libGLESv1_CM_adreno.so
11-07 18:35:15.177  2156  2156 E CameraProviderManager: DeviceInfo3: Converted ICameraDevice instance to nullptr
11-07 18:35:15.177  2156  2156 I CameraProviderManager: Enumerating new camera device: device@3.3/legacy/1
11-07 18:35:15.177  2155  2155 I FastMixerState: sMaxFastTracks = 8
11-07 18:35:15.178  2156  2156 E CameraProviderManager: DeviceInfo3: Converted ICameraDevice instance to nullptr
11-07 18:35:15.186  2161  2161 I surfaceflinger: type=1400 audit(0.0:1200): avc: denied { read write } for name="kgsl-3d0" dev="tmpfs" ino=21065 scontext=u:r:surfaceflinger:s0 tcontext=u:object_r:device:s0 tclass=chr_file permissive=1
11-07 18:35:15.186  2161  2161 I surfaceflinger: type=1400 audit(0.0:1201): avc: denied { open } for path="/dev/kgsl-3d0" dev="tmpfs" ino=21065 scontext=u:r:surfaceflinger:s0 tcontext=u:object_r:device:s0 tclass=chr_file permissive=1
11-07 18:35:15.178  2156  2156 E CameraProviderManager: addDevice: Device device@1.0/legacy/2: Unsupported HIDL device HAL major version 1:
11-07 18:35:15.178  2156  2156 E CameraProviderManager: initialize: Unable to enumerate camera device 'device@1.0/legacy/2': Invalid argument (-22)
11-07 18:35:15.204     0     0 I binder  : 2159:2159 ioctl 40046210 ffc8b608 returned -22
11-07 18:35:15.178  2156  2156 I CameraProviderManager: Enumerating new camera device: device@3.3/legacy/2
11-07 18:35:15.178  2156  2156 E CameraProviderManager: DeviceInfo3: Converted ICameraDevice instance to nullptr
11-07 18:35:15.178  2156  2156 I CameraProviderManager: Enumerating new camera device: device@1.0/legacy/3
11-07 18:35:15.205     0     0 I binder  : 2155:2155 ioctl 40046210 7ff168bcb4 returned -22
11-07 18:35:15.178  2156  2156 E CameraProviderManager: addDevice: Device device@1.0/legacy/3: Unsupported HIDL device HAL major version 1:
11-07 18:35:15.178  2156  2156 E CameraProviderManager: initialize: Unable to enumerate camera device 'device@1.0/legacy/3': Invalid argument (-22)
11-07 18:35:15.178  2156  2156 I CameraProviderManager: Enumerating new camera device: device@3.3/legacy/3
11-07 18:35:15.205     0     0 I binder  : 2159:2159 ioctl 40046210 ffc8b5f0 returned -22
11-07 18:35:15.179  2161  2170 D libEGL  : loaded /vendor/lib64/egl/libGLESv2_adreno.so
11-07 18:35:15.179  2156  2156 E CameraProviderManager: DeviceInfo3: Converted ICameraDevice instance to nullptr
11-07 18:35:15.205     0     0 I binder  : 2155:2155 ioctl 40046210 7ff168bcd4 returned -22
11-07 18:35:15.179  2156  2156 I CameraProviderManager: Camera provider legacy/0 ready with 4 camera devices
11-07 18:35:15.180  2156  2156 I CameraService: onDeviceStatusChanged: Status changed for cameraId=3, newStatus=1
11-07 18:35:15.180  2156  2156 I CameraService: onDeviceStatusChanged: Unknown camera ID 3, a new camera is added
11-07 18:35:15.180  2156  2172 W CameraProviderManager: addProviderLocked: Camera provider HAL with name 'legacy/0' already registered
11-07 18:35:15.180  2156  2156 I CameraService: onDeviceStatusChanged: Status changed for cameraId=2, newStatus=1
11-07 18:35:15.180  2156  2156 I CameraService: onDeviceStatusChanged: Unknown camera ID 2, a new camera is added
11-07 18:35:15.180  2156  2156 I CameraService: onDeviceStatusChanged: Status changed for cameraId=1, newStatus=1
11-07 18:35:15.180  2156  2156 I CameraService: onDeviceStatusChanged: Unknown camera ID 1, a new camera is added
11-07 18:35:15.180  2156  2156 I CameraService: onDeviceStatusChanged: Status changed for cameraId=0, newStatus=1
11-07 18:35:15.180  2156  2156 I CameraService: onDeviceStatusChanged: Unknown camera ID 0, a new camera is added
11-07 18:35:15.188  2156  2156 I cameraserver: Waiting for activity service
11-07 18:35:15.191  2161  2170 I AdrenoGLES-0: QUALCOMM build                   : 8e5405b, I57aaec3440
11-07 18:35:15.191  2161  2170 I AdrenoGLES-0: Build Date                       : 05/21/21
11-07 18:35:15.191  2161  2170 I AdrenoGLES-0: OpenGL ES Shader Compiler Version: EV031.32.02.10
11-07 18:35:15.191  2161  2170 I AdrenoGLES-0: Local Branch                     : mybranchebba1dbe-451b-f160-ac81-1458d0b52ae8
11-07 18:35:15.191  2161  2170 I AdrenoGLES-0: Remote Branch                    : quic/gfx-adreno.lnx.1.0.r135-rel
11-07 18:35:15.191  2161  2170 I AdrenoGLES-0: Remote Branch                    : NONE
11-07 18:35:15.191  2161  2170 I AdrenoGLES-0: Reconstruct Branch               : NOTHING
11-07 18:35:15.191  2161  2170 I AdrenoGLES-0: Build Config                     : S P 10.0.7 AArch64
11-07 18:35:15.191  2161  2170 I AdrenoGLES-0: Driver Path                      : /vendor/lib64/egl/libGLESv2_adreno.so
11-07 18:35:15.204  2159  2159 D ProcessState: Binder ioctl to enable oneway spam detection failed: Invalid argument
11-07 18:35:15.205  2159  2159 I mediaserver: ServiceManager: 0xf1780ef0
11-07 18:35:15.205  2159  2159 W BatteryNotifier: batterystats service unavailable!
11-07 18:35:15.205  2155  2155 V MediaUtils: physMem: 7974666240
11-07 18:35:15.205  2155  2155 V MediaUtils: requested limit: 536870912
11-07 18:35:15.205  2155  2155 I libc    : malloc_limit: Allocation limit enabled, max size 536870912 bytes
11-07 18:35:15.205  2159  2159 W BatteryNotifier: batterystats service unavailable!
11-07 18:35:15.205  2155  2155 D hw-ProcessState: Binder ioctl to enable oneway spam detection failed: Invalid argument
11-07 18:35:15.205  2159  2159 D hw-ProcessState: Binder ioctl to enable oneway spam detection failed: Invalid argument
11-07 18:35:15.205  2155  2155 D ProcessState: Binder ioctl to enable oneway spam detection failed: Invalid argument
11-07 18:35:15.206  2155  2155 I audioserver: ServiceManager: 0x7cbc510dc0
11-07 18:35:15.206  2155  2155 W BatteryNotifier: batterystats service unavailable!
11-07 18:35:15.207   583   583 I hwservicemanager: getTransport: Cannot find entry android.hardware.audio@7.0::IDevicesFactory/default in either framework or device VINTF manifest.
11-07 18:35:15.206  2161  2161 I surfaceflinger: type=1400 audit(0.0:1202): avc: denied { ioctl } for path="/dev/kgsl-3d0" dev="tmpfs" ino=21065 ioctlcmd=0x940 scontext=u:r:surfaceflinger:s0 tcontext=u:object_r:device:s0 tclass=chr_file permissive=1
11-07 18:35:15.206  2161  2161 I surfaceflinger: type=1400 audit(0.0:1203): avc: denied { read } for name="gpu_model" dev="sysfs" ino=49646 scontext=u:r:surfaceflinger:s0 tcontext=u:object_r:sysfs:s0 tclass=file permissive=1
11-07 18:35:15.206  2161  2161 I surfaceflinger: type=1400 audit(0.0:1204): avc: denied { open } for path="/sys/devices/platform/soc/5000000.qcom,kgsl-3d0/kgsl/kgsl-3d0/gpu_model" dev="sysfs" ino=49646 scontext=u:r:surfaceflinger:s0 tcontext=u:object_r:sysfs:s0 tclass=file permissive=1
11-07 18:35:15.206  2161  2161 I surfaceflinger: type=1400 audit(0.0:1205): avc: denied { getattr } for path="/sys/devices/platform/soc/5000000.qcom,kgsl-3d0/kgsl/kgsl-3d0/gpu_model" dev="sysfs" ino=49646 scontext=u:r:surfaceflinger:s0 tcontext=u:object_r:sysfs:s0 tclass=file permissive=1
11-07 18:35:15.213  2161  2170 I AdrenoGLES-0: PFP: 0x016ee19a, ME: 0x00000000
11-07 18:35:15.214  2161  2170 I RenderEngine: Realtime priority unsupported, degrading gracefully to high priority
11-07 18:35:15.217  2161  2170 D RenderEngine: Background Blurs Enabled
11-07 18:35:15.218  2161  2170 I RenderEngine: OpenGL ES informations:
11-07 18:35:15.218  2161  2170 I RenderEngine: vendor    : Qualcomm
11-07 18:35:15.218  2161  2170 I RenderEngine: renderer  : Adreno (TM) 630
11-07 18:35:15.218  2161  2170 I RenderEngine: version   : OpenGL ES 3.2 V@0502.0 (GIT@8e5405b, I57aaec3440, 1621601959) (Date:05/21/21)
11-07 18:35:15.218  2161  2170 I RenderEngine: extensions: GL_OES_EGL_image GL_OES_EGL_image_external GL_OES_EGL_sync GL_OES_vertex_half_float GL_OES_framebuffer_object GL_OES_rgb8_rgba8 GL_OES_compressed_ETC1_RGB8_texture GL_AMD_compressed_ATC_texture GL_KHR_texture_compression_astc_ldr GL_KHR_texture_compression_astc_hdr GL_OES_texture_compression_astc GL_OES_texture_npot GL_EXT_texture_filter_anisotropic GL_EXT_texture_format_BGRA8888 GL_EXT_read_format_bgra GL_OES_texture_3D GL_EXT_color_buffer_float GL_EXT_color_buffer_half_float GL_QCOM_alpha_test GL_OES_depth24 GL_OES_packed_depth_stencil GL_OES_depth_texture GL_OES_depth_texture_cube_map GL_EXT_sRGB GL_OES_texture_float GL_OES_texture_float_linear GL_OES_texture_half_float GL_OES_texture_half_float_linear GL_EXT_texture_type_2_10_10_10_REV GL_EXT_texture_sRGB_decode GL_EXT_texture_format_sRGB_override GL_OES_element_index_uint GL_EXT_copy_image GL_EXT_geometry_shader GL_EXT_tessellation_shader GL_OES_texture_stencil8 GL_EXT_shader_io_blocks GL_OES_shader_image_atomic GL_OES_sample_variables GL_EX
11-07 18:35:15.218  2161  2170 I RenderEngine: GL_MAX_TEXTURE_SIZE = 16384
11-07 18:35:15.218  2161  2170 I RenderEngine: GL_MAX_VIEWPORT_DIMS = 16384
11-07 18:35:15.219   583   583 I hwservicemanager: getTransport: Cannot find entry android.hardware.audio.effect@7.0::IEffectsFactory/default in either framework or device VINTF manifest.
11-07 18:35:15.222  1065  1065 W AudioAnalytics: (key=audio.flinger) Audioflinger constructor event detected
11-07 18:35:15.223  2155  2155 I AudioFlinger: Using default 3000 mSec as standby time.
11-07 18:35:15.231  2155  2155 D APM_EngineLoader: Loaded engine from libaudiopolicyenginedefault.so
11-07 18:35:15.231  2155  2155 D APM::AudioPolicyEngine/Base: loadAudioPolicyEngineConfig: No configuration found, using default matching phone experience.
11-07 18:35:15.234  2155  2155 W APM::AudioPolicyEngine/Base: loadAudioPolicyEngineConfig: No configuration of AUDIO_STREAM_ASSISTANT found, using default volume configuration
11-07 18:35:15.234  2155  2155 W APM::AudioPolicyEngine/Base: loadAudioPolicyEngineConfig: No configuration of AUDIO_STREAM_CALL_ASSISTANT found, using default volume configuration
11-07 18:35:15.236  2149  2158 D audio_hw_primary: adev_open: enter
11-07 18:35:15.236  2149  2158 D audio_log_utils: registered, module hal
11-07 18:35:15.237  2149  2158 W audio_hw_utils: audio_extn_utils_get_vendor_enhanced_info: vendor_enhanced_info 0x3
11-07 18:35:15.237  2149  2158 D audio_hw_extn: snd_mon_feature_init: Called with feature Enabled
11-07 18:35:15.237  2149  2158 D audio_hw_extn: snd_mon_feature_init:: ---- Feature SND_MONITOR is Enabled ----
11-07 18:35:15.237  2149  2158 W audio_hw_extn: :: compr_cap_feature_init: ---- Feature COMPRESS_CAPTURE is disabled ----
11-07 18:35:15.237  2149  2158 D audio_hw_extn: dsm_feedback_feature_init: Called with feature NOT Enabled
11-07 18:35:15.237  2149  2158 W audio_hw_extn: :: dsm_feedback_feature_init: ---- Feature DSM_FEEDBACK is disabled ----
11-07 18:35:15.237  2149  2158 E audio_hw_extn: ssrec_feature_init: dlopen failed
11-07 18:35:15.237  2149  2158 W audio_hw_extn: :: ssrec_feature_init: ---- Feature SSREC is disabled ----
11-07 18:35:15.237  2149  2158 D audio_hw_extn: src_trkn_feature_init:: ---- Feature SOURCE_TRACKING is Enabled ----
11-07 18:35:15.237  2149  2158 D audio_hw_extn: hdmi_edid_feature_init: HDMI_EDID feature Enabled
11-07 18:35:15.238  2149  2158 D audio_hw_extn: hdmi_edid_feature_init:: ---- Feature HDMI_EDID is Enabled ----
11-07 18:35:15.238  2149  2158 D audio_hw_extn: :: keep_alive_feature_init: ---- Feature KEEP_ALIVE is  NOT ENABLED ----
11-07 18:35:15.238  2149  2158 D audio_hw_extn: :: hifi_audio_feature_init: ---- Feature HIFI_AUDIO is  NOT ENABLED ----
11-07 18:35:15.238  2149  2158 D audio_hw_extn: :: ras_feature_init: ---- Feature RAS_FEATURE is ENABLED ----
11-07 18:35:15.238  2149  2158 D audio_hw_extn: :: kpi_optimize_feature_init: ---- Feature KPI_OPTIMIZE is  NOT ENABLED ----
11-07 18:35:15.238  2149  2158 D audio_hw_extn: usb_offload_feature_init: Called with feature Enabled
11-07 18:35:15.238  2149  2158 D audio_hw_extn: usb_offload_burst_mode_feature_init: Called with feature NOT Enabled
11-07 18:35:15.238  2149  2158 D audio_hw_extn: usb_offload_sidetone_volume_feature_init: Called with feature NOT Enabled
11-07 18:35:15.238  2149  2158 D audio_hw_extn: a2dp_offload_feature_init: Called with feature Enabled
11-07 18:35:15.238  2149  2158 D audio_hw_extn: a2dp_offload_feature_init:: ---- Feature A2DP_OFFLOAD is Enabled ----
11-07 18:35:15.238  2149  2158 D audio_hw_extn: :: vbat_feature_init: ---- Feature VBAT is ENABLED ----
11-07 18:35:15.238  2149  2158 D audio_hw_extn: :: display_port_feature_init: ---- Feature DISPLAY_PORT is ENABLED ----
11-07 18:35:15.238  2149  2158 D audio_hw_extn: :: fluence_feature_init: ---- Feature FLUENCE is ENABLED ----
11-07 18:35:15.238  2149  2158 D audio_hw_extn: :: custom_stereo_feature_init: ---- Feature CUSTOM_STEREO is ENABLED ----
11-07 18:35:15.238  2149  2158 D audio_hw_extn: :: anc_headset_feature_init: ---- Feature ANC_HEADSET is ENABLED----
11-07 18:35:15.238  2149  2158 D audio_hw_extn: spkr_prot_feature_init: Called with feature NOT Enabled, vendor_enhanced_info 0x3
11-07 18:35:15.238  2149  2158 W audio_hw_extn: :: spkr_prot_feature_init: ---- Feature SPKR_PROT is disabled ----
11-07 18:35:15.238  2149  2158 D audio_hw_extn: fm_feature_init: ---- Feature FM_POWER_OPT is ENABLED----
11-07 18:35:15.238  2149  2158 D audio_hw_extn: external_qdsp_feature_init: Called with feature NOT Enabled
11-07 18:35:15.238  2149  2158 W audio_hw_extn: :: external_qdsp_feature_init: ---- Feature EXTERNAL_QDSP is disabled ----
11-07 18:35:15.238  2149  2158 D audio_hw_extn: external_speaker_feature_init: Called with feature NOT Enabled
11-07 18:35:15.238  2149  2158 W audio_hw_extn: :: external_speaker_feature_init: ---- Feature EXTERNAL_SPKR is disabled ----
11-07 18:35:15.238  2149  2158 D audio_hw_extn: external_speaker_tfa_feature_init: Called with feature NOT Enabled
11-07 18:35:15.239  2149  2158 W audio_hw_extn: :: external_speaker_tfa_feature_init: ---- Feature EXTERNAL_SPKR_TFA is disabled ----
11-07 18:35:15.239  2149  2158 D audio_hw_extn: hwdep_cal_feature_init: Called with feature NOT Enabled
11-07 18:35:15.239  2149  2158 W audio_hw_extn: :: hwdep_cal_feature_init: ---- Feature HWDEP_CAL is disabled ----
11-07 18:35:15.239  2149  2158 D audio_hw_extn: hfp_feature_init: Called with feature Enabled
11-07 18:35:15.239  2149  2158 D audio_hw_extn: hfp_feature_init:: ---- Feature HFP is Enabled ----
11-07 18:35:15.239  2149  2158 D audio_hw_extn: ext_hw_plugin_feature_init: Called with feature NOT Enabled
11-07 18:35:15.239  2149  2158 W audio_hw_extn: :: ext_hw_plugin_feature_init: ---- Feature EXT_HW_PLUGIN is disabled ----
11-07 18:35:15.239  2149  2158 D audio_hw_extn: record_play_concurency_feature_init: ---- Feature RECORD_PLAY_CONCURRENCY is NOT ENABLED----
11-07 18:35:15.239  2149  2158 D audio_hw_extn: hdmi_passthrough_feature_init: Called with feature Enabled
11-07 18:35:15.240  2149  2158 E audio_hw_extn: hdmi_passthrough_feature_init: dlsym failed
11-07 18:35:15.240  2149  2158 W audio_hw_extn: :: hdmi_passthrough_feature_init: ---- Feature HDMI_PASSTHROUGH is disabled ----
11-07 18:35:15.240  2149  2158 D audio_hw_extn: concurrent_capture_feature_init: ---- Feature CONCURRENT_CAPTURE is NOT ENABLED----
11-07 18:35:15.240  2149  2158 D audio_hw_extn: compress_in_feature_init: ---- Feature COMPRESS_IN is NOT ENABLED----
11-07 18:35:15.240  2149  2158 W audio_hw_extn: :: battery_listener_feature_init: ---- Feature BATTERY_LISTENER is disabled ----
11-07 18:35:15.240  2149  2158 D audio_hw_extn: maxx_audio_feature_init: Called with feature NOT Enabled
11-07 18:35:15.240  2149  2158 W audio_hw_extn: :: maxx_audio_feature_init: ---- Feature MAXX_AUDIO is disabled ----
11-07 18:35:15.240  2149  2158 D audio_hw_extn: audiozoom_feature_init: Called with feature NOT Enabled
11-07 18:35:15.240  2149  2158 W audio_hw_extn: :: audiozoom_feature_init: ---- Feature AUDIOZOOM is disabled ----
11-07 18:35:15.240  2149  2158 D audio_hw_extn: auto_hal_feature_init: Called with feature NOT Enabled
11-07 18:35:15.240  2149  2158 W audio_hw_extn: :: auto_hal_feature_init: ---- Feature AUTO_HAL is disabled ----
11-07 18:35:15.240  2149  2158 D voice_extn: :: dynamic_ecns_feature_init: ---- Feature DYNAMIC_ECNS is NOT ENABLED ----
11-07 18:35:15.242  2149  2158 D audio_hw_utils: audio_extn_utils_open_snd_mixer: snd_card_name: sdm845-tavil-snd-card
11-07 18:35:15.242  2149  2158 W hardware_info: update_hardware_info_sdm845: Not a sdm845 device
11-07 18:35:15.242  2149  2158 D audio_hw_utils: audio_extn_utils_open_snd_mixer: Opened sound card:0
11-07 18:35:15.242  2149  2158 D msm8974_platform: platform_init: Opened sound card:0
11-07 18:35:15.242  2149  2158 I audio_hw_extn: audio_extn_set_snd_card_split: snd_card_name(sdm845-tavil-snd-card) device(sdm845) snd_card(tavil) form_factor(snd)
11-07 18:35:15.242  2149  2158 W hardware_info: update_hardware_info_sdm845: Not a sdm845 device
11-07 18:35:15.243  2149  2158 D audio_hw_extn: audio_extn_can_use_vbat: vbat.enabled property is set to 0
11-07 18:35:15.243  2149  2158 D audio_hw_extn: audio_extn_can_use_bcl: bcl.enabled property is set to 0
11-07 18:35:15.244  2149  2158 D msm8974_platform: Alac software decoder is available...removing alac from DSP decoder list
11-07 18:35:15.244  2149  2158 D msm8974_platform: APE software decoder is available...removing ape from DSP decoder list
11-07 18:35:15.244  2149  2158 I audio_hw_extn: audio_extn_set_snd_card_split: snd_card_name(sdm845-tavil-snd-card) device(sdm845) snd_card(tavil) form_factor(snd)
11-07 18:35:15.244  2149  2158 E msm8974_platform: find_index: Could not find index for name = USECASE_AUDIO_PLAYBACK_OFFLOAD3
11-07 18:35:15.244  2149  2158 E platform_info: process_pcm_id: usecase USECASE_AUDIO_PLAYBACK_OFFLOAD3 not found!
11-07 18:35:15.244  2149  2158 D audio_hw_hfp: hfp_set_parameters: enter
11-07 18:35:15.244  2149  2158 D audio_hw_hfp: hfp_set_parameters: enter
11-07 18:35:15.244  2149  2158 D audio_hw_hfp: hfp_set_parameters: enter
11-07 18:35:15.244  2149  2158 D audio_hw_hfp: hfp_set_parameters: enter
11-07 18:35:15.244  2149  2158 D msm8974_platform: native_audio_set_params:napb updating mode (1) from XML
11-07 18:35:15.244  2149  2158 D msm8974_platform: platform_set_native_support:napb: native audio playback enabled in (SRC) mode
11-07 18:35:15.244  2149  2158 D audio_hw_hfp: hfp_set_parameters: enter
11-07 18:35:15.244  2149  2158 D msm8974_platform: native_audio_set_params:napb updating mode (1) from XML
11-07 18:35:15.244  2149  2158 D msm8974_platform: platform_set_native_support:napb: native audio playback enabled in (SRC) mode
11-07 18:35:15.244  2149  2158 D audio_hw_hfp: hfp_set_parameters: enter
11-07 18:35:15.244  2149  2158 D msm8974_platform: native_audio_set_params:napb updating mode (1) from XML
11-07 18:35:15.244  2149  2158 D msm8974_platform: platform_set_native_support:napb: native audio playback enabled in (SRC) mode
11-07 18:35:15.244  2149  2158 D audio_hw_hfp: hfp_set_parameters: enter
11-07 18:35:15.244  2149  2158 D msm8974_platform: native_audio_set_params:napb updating mode (1) from XML
11-07 18:35:15.244  2149  2158 D msm8974_platform: platform_set_native_support:napb: native audio playback enabled in (SRC) mode
11-07 18:35:15.244  2149  2158 D audio_hw_hfp: hfp_set_parameters: enter
11-07 18:35:15.245  2149  2158 D msm8974_platform: platform_set_snd_device_backend: backend_tag_table[headphones]: old = null new = headphones
11-07 18:35:15.249  2149  2158 D msm8974_platform: platform_set_snd_device_backend: hw_interface_table[13] = SLIMBUS_6_RX
11-07 18:35:15.249  2149  2158 D msm8974_platform: platform_set_snd_device_backend: backend_tag_table[bt-sco-headset-wb]: old = bt-sco-wb new = bt-sco-wb
11-07 18:35:15.249  2149  2158 D msm8974_platform: platform_set_snd_device_backend: hw_interface_table[47] = SLIMBUS_7_RX
11-07 18:35:15.249  2149  2158 D msm8974_platform: platform_set_snd_device_backend: backend_tag_table[bt-sco-headset]: old = bt-sco new = bt-sco
11-07 18:35:15.249  2149  2158 D msm8974_platform: platform_set_snd_device_backend: hw_interface_table[46] = SLIMBUS_7_RX
11-07 18:35:15.249  2149  2158 D msm8974_platform: platform_set_snd_device_backend: backend_tag_table[bt-a2dp]: old = bt-a2dp new = bt-a2dp
11-07 18:35:15.249  2149  2158 D msm8974_platform: platform_set_snd_device_backend: hw_interface_table[49] = SLIMBUS_7_RX
11-07 18:35:15.249  2149  2158 D msm8974_platform: platform_set_snd_device_backend: backend_tag_table[line]: old = null new = headphones
11-07 18:35:15.249  2149  2158 D msm8974_platform: platform_set_snd_device_backend: hw_interface_table[12] = SLIMBUS_6_RX
11-07 18:35:15.249  2149  2158 D msm8974_platform: platform_set_snd_device_backend: backend_tag_table[anc-headphones]: old = null new = headphones
11-07 18:35:15.249  2149  2158 D msm8974_platform: platform_set_snd_device_backend: hw_interface_table[92] = SLIMBUS_6_RX
11-07 18:35:15.250  2149  2158 D msm8974_platform: platform_set_snd_device_backend: backend_tag_table[anc-fb-headphones]: old = null new = headphones
11-07 18:35:15.250  2149  2158 D msm8974_platform: platform_set_snd_device_backend: hw_interface_table[93] = SLIMBUS_6_RX
11-07 18:35:15.250  2149  2158 D msm8974_platform: platform_set_snd_device_backend: backend_tag_table[speaker-and-headphones]: old = speaker-and-headphones new = speaker-and-headphones
11-07 18:35:15.250  2149  2158 D msm8974_platform: platform_set_snd_device_backend: hw_interface_table[20] = SLIMBUS_0_RX-and-SLIMBUS_6_RX
11-07 18:35:15.250  2149  2158 D msm8974_platform: platform_set_snd_device_backend: backend_tag_table[speaker-and-line]: old = null new = speaker-and-headphones
11-07 18:35:15.250  2149  2158 D msm8974_platform: platform_set_snd_device_backend: hw_interface_table[25] = SLIMBUS_0_RX-and-SLIMBUS_6_RX
11-07 18:35:15.250  2149  2158 D msm8974_platform: platform_set_snd_device_backend: backend_tag_table[speaker-and-anc-headphones]: old = null new = speaker-and-headphones
11-07 18:35:15.250  2149  2158 D msm8974_platform: platform_set_snd_device_backend: hw_interface_table[96] = SLIMBUS_0_RX-and-SLIMBUS_6_RX
11-07 18:35:15.250  2149  2158 D msm8974_platform: platform_set_snd_device_backend: backend_tag_table[speaker-and-anc-fb-headphones]: old = null new = speaker-and-headphones
11-07 18:35:15.250  2149  2158 D msm8974_platform: platform_set_snd_device_backend: hw_interface_table[97] = SLIMBUS_0_RX-and-SLIMBUS_6_RX
11-07 18:35:15.251  2149  2158 D msm8974_platform: platform_set_snd_device_backend: backend_tag_table[voice-headphones]: old = null new = headphones
11-07 18:35:15.251  2149  2158 D msm8974_platform: platform_set_snd_device_backend: hw_interface_table[35] = SLIMBUS_6_RX
11-07 18:35:15.251  2149  2158 D msm8974_platform: platform_set_snd_device_backend: backend_tag_table[voice-anc-headphones]: old = null new = headphones
11-07 18:35:15.251  2149  2158 D msm8974_platform: platform_set_snd_device_backend: hw_interface_table[94] = SLIMBUS_6_RX
11-07 18:35:15.251  2149  2158 D msm8974_platform: platform_set_snd_device_backend: backend_tag_table[voice-anc-fb-headphones]: old = null new = headphones
11-07 18:35:15.251  2149  2158 D msm8974_platform: platform_set_snd_device_backend: hw_interface_table[95] = SLIMBUS_6_RX
11-07 18:35:15.251  2149  2158 D msm8974_platform: platform_set_snd_device_backend: backend_tag_table[voice-line]: old = null new = headphones
11-07 18:35:15.251  2149  2158 D msm8974_platform: platform_set_snd_device_backend: hw_interface_table[37] = SLIMBUS_6_RX
11-07 18:35:15.251  2149  2158 D msm8974_platform: platform_set_snd_device_backend: backend_tag_table[voice-tty-full-headphones]: old = null new = headphones
11-07 18:35:15.251  2149  2158 D msm8974_platform: platform_set_snd_device_backend: hw_interface_table[70] = SLIMBUS_6_RX
11-07 18:35:15.251  2149  2158 D msm8974_platform: platform_set_snd_device_backend: backend_tag_table[voice-tty-vco-headphones]: old = null new = headphones
11-07 18:35:15.251  2149  2158 D msm8974_platform: platform_set_snd_device_backend: hw_interface_table[72] = SLIMBUS_6_RX
11-07 18:35:15.251  2149  2158 D msm8974_platform: platform_set_snd_device_backend: backend_tag_table[speaker-and-bt-sco]: old = null new = speaker-and-bt-sco
11-07 18:35:15.251  2149  2158 D msm8974_platform: platform_set_snd_device_backend: hw_interface_table[55] = SLIMBUS_0_RX-and-SLIMBUS_7_RX
11-07 18:35:15.251  2149  2158 D msm8974_platform: platform_set_snd_device_backend: backend_tag_table[speaker-and-bt-sco-wb]: old = null new = speaker-and-bt-sco-wb
11-07 18:35:15.251  2149  2158 D msm8974_platform: platform_set_snd_device_backend: hw_interface_table[57] = SLIMBUS_0_RX-and-SLIMBUS_7_RX
11-07 18:35:15.251  2149  2158 D msm8974_platform: platform_set_snd_device_backend: backend_tag_table[voice-headset-anc-mic]: old = null new = voice-headset-anc-mic
11-07 18:35:15.251  2149  2158 D msm8974_platform: platform_set_snd_device_backend: hw_interface_table[184] = SLIMBUS_0_TX
11-07 18:35:15.251  2160  2160 D XfrmController: Sending Netlink XFRM Message: XFRM_MSG_FLUSHSA
11-07 18:35:15.251  2160  2160 D XfrmController: [0016]: 140000001c0005000000000000000000
11-07 18:35:15.251  2149  2158 D msm8974_platform: platform_set_snd_device_backend: backend_tag_table[voice-headset-mic]: old = null new = voice-headset-mic
11-07 18:35:15.251  2160  2160 D XfrmController: [0001]: ff
11-07 18:35:15.251  2160  2160 D XfrmController: [0003]: 000000
11-07 18:35:15.251  2149  2158 D msm8974_platform: platform_set_snd_device_backend: hw_interface_table[183] = SLIMBUS_0_TX
11-07 18:35:15.251  2160  2160 D XfrmController: {netlink msg resp}[0036]: 2400000002000000000000007008000000000000140000001c0005000000000000000000
11-07 18:35:15.251  2149  2158 D msm8974_platform: platform_set_snd_device_backend: backend_tag_table[voice-dmic-ef]: old = null new = voice-dmic-ef
11-07 18:35:15.251  2149  2158 D msm8974_platform: platform_set_snd_device_backend: hw_interface_table[196] = SLIMBUS_0_TX
11-07 18:35:15.251  2160  2160 D XfrmController: Sending Netlink XFRM Message: XFRM_MSG_FLUSHPOLICY
11-07 18:35:15.251  2160  2160 D XfrmController: [0016]: 100000001d0005000000000000000000
11-07 18:35:15.251  2149  2158 D msm8974_platform: platform_set_snd_device_backend: backend_tag_table[voice-speaker-mic]: old = null new = voice-speaker-mic
11-07 18:35:15.251  2149  2158 D msm8974_platform: platform_set_snd_device_backend: hw_interface_table[178] = SLIMBUS_0_TX
11-07 18:35:15.252  2160  2160 D XfrmController: {netlink msg resp}[0036]: 2400000002000000000000007008000000000000100000001d0005000000000000000000
11-07 18:35:15.252  2149  2158 D msm8974_platform: platform_set_snd_device_backend: backend_tag_table[voice-speaker-dmic-ef]: old = null new = voice-speaker-dmic-ef
11-07 18:35:15.252  2149  2158 D msm8974_platform: platform_set_snd_device_backend: hw_interface_table[199] = SLIMBUS_0_TX
11-07 18:35:15.252  2160  2160 I netd    : Initializing XfrmController: 96935us
11-07 18:35:15.252  2160  2160 E Netd    : Unable to create netlink socket for family 5: Protocol not supported
11-07 18:35:15.250     0     0 E [RMNET:HI] rmnet_config_notify_cb(): Kernel is trying to unregister ipsec_test
11-07 18:35:15.252  2160  2160 W Netd    : Unable to open qlog quota socket, check if xt_quota2 can send via UeventHandler
11-07 18:35:15.254  2160  2160 I libnetd_resolv: resolv_init: Initializing resolver
11-07 18:35:15.255  2149  2158 D msm8974_platform: platform_init: Loading mixer file: /vendor/etc/mixer_paths_tavil.xml
11-07 18:35:15.255     0     0 I binder  : 2160:2160 ioctl 40046210 7ffdd50304 returned -22
11-07 18:35:15.257  2152  2152 D zygote  : Time zone APEX ICU file found: /apex/com.android.tzdata/etc/icu/icu_tzdata.dat
11-07 18:35:15.257  2152  2152 D zygote  : I18n APEX ICU file found: /apex/com.android.i18n/etc/icu/icudt68l.dat
11-07 18:35:15.260  1102  1581 I QC-NETMGR-LIB: onRegistration(): Starting Netd getService thread
11-07 18:35:15.259     0     0 I binder  : 2160:2160 ioctl 40046210 7ffdd50514 returned -22
11-07 18:35:15.259     0     0 I headset_imp_feature_get: get success!
11-07 18:35:15.256   583   583 I hwservicemanage: type=1400 audit(0.0:1206): avc: denied { call } for scontext=u:r:hwservicemanager:s0 tcontext=u:r:init:s0 tclass=binder permissive=1
11-07 18:35:15.256  1102  1102 I HwBinder:1102_1: type=1400 audit(0.0:1207): avc: denied { call } for scontext=u:r:init:s0 tcontext=u:r:hwservicemanager:s0 tclass=binder permissive=1
11-07 18:35:15.256   583   583 I hwservicemanage: type=1400 audit(0.0:1208): avc: denied { transfer } for scontext=u:r:hwservicemanager:s0 tcontext=u:r:init:s0 tclass=binder permissive=1
11-07 18:35:15.262  1102  2200 I QC-NETMGR-LIB: getServiceImpl(): INetd discovered
11-07 18:35:15.262  1102  2200 I QC-NETMGR-LIB: registerLinkToDeath(): Success registerLinkToDeath!
11-07 18:35:15.262  1102  1581 D QC-NETMGR-LIB: onRegistration(): netd restart detected
11-07 18:35:15.263  1102  1240 I QC-NETMGR-LIB: NetmgrNetdClientRegisterNetwork(): Looking for Netd service
11-07 18:35:15.256  1102  1102 I HwBinder:1102_1: type=1400 audit(0.0:1209): avc: denied { call } for scontext=u:r:init:s0 tcontext=u:r:netd:s0 tclass=binder permissive=1
11-07 18:35:15.263  1102  1240 I QC-NETMGR-LIB: registerNetwork(): Attempting createOemNetwork
11-07 18:35:15.266  2152  2152 I zygote  : fcntl(F_ADD_SEALS) failed: Invalid argument, no memfd support.
11-07 18:35:15.267  2152  2152 I zygote  : Falling back to ashmem implementation for JIT zygote mapping
11-07 18:35:15.272  1102  1240 I QC-NETMGR-LIB: registerNetwork(): command completed!
11-07 18:35:15.272  1102  1240 I QC-NETMGR-LIB: registerNetwork(): createOemNetwork succeeded [packet mark : 0xf0001] [net id : 1] [network handle : 0x1cafed00d]
11-07 18:35:15.272  1102  1240 I QC-NETMGR-LIB: NetmgrNetdClientRegisterNetwork(): [packet mark : 0xf0001] [network handle : 0x1cafed00d]
11-07 18:35:15.266  2205  2205 I netmgrd : type=1400 audit(0.0:1210): avc: denied { execute } for name="netutils-wrapper-1.0" dev="sda14" ino=392 scontext=u:r:init:s0 tcontext=u:object_r:netutils_wrapper_exec:s0 tclass=file permissive=1
11-07 18:35:15.266  2205  2205 I netmgrd : type=1400 audit(0.0:1211): avc: denied { read open } for path="/system/bin/netutils-wrapper-1.0" dev="sda14" ino=392 scontext=u:r:init:s0 tcontext=u:object_r:netutils_wrapper_exec:s0 tclass=file permissive=1
11-07 18:35:15.266  2205  2205 I netmgrd : type=1400 audit(0.0:1212): avc: denied { execute_no_trans } for path="/system/bin/netutils-wrapper-1.0" dev="sda14" ino=392 scontext=u:r:init:s0 tcontext=u:object_r:netutils_wrapper_exec:s0 tclass=file permissive=1
11-07 18:35:15.266  2205  2205 I iptables-wrappe: type=1400 audit(0.0:1213): avc: denied { getattr } for path="/system/bin/netutils-wrapper-1.0" dev="sda14" ino=392 scontext=u:r:init:s0 tcontext=u:object_r:netutils_wrapper_exec:s0 tclass=file permissive=1
11-07 18:35:15.276  2205  2205 I iptables-wrappe: type=1400 audit(0.0:1214): avc: denied { execute_no_trans } for path="/system/bin/iptables" dev="sda14" ino=314 scontext=u:r:init:s0 tcontext=u:object_r:system_file:s0 tclass=file permissive=1
11-07 18:35:15.286  2205  2205 I iptables: type=1400 audit(0.0:1215): avc: denied { create } for scontext=u:r:init:s0 tcontext=u:r:init:s0 tclass=rawip_socket permissive=1
11-07 18:35:15.286  2205  2205 I iptables: type=1400 audit(0.0:1216): avc: denied { getopt } for lport=255 scontext=u:r:init:s0 tcontext=u:r:init:s0 tclass=rawip_socket permissive=1
11-07 18:35:15.286  2205  2205 I iptables: type=1400 audit(0.0:1217): avc: denied { setopt } for lport=255 scontext=u:r:init:s0 tcontext=u:r:init:s0 tclass=rawip_socket permissive=1
11-07 18:35:15.286  2205  2205 I iptables: type=1400 audit(0.0:1218): avc: denied { prog_run } for scontext=u:r:init:s0 tcontext=u:r:bpfloader:s0 tclass=bpf permissive=1
11-07 18:35:15.304  2152  2152 I zygote  : Explicit concurrent copying GC freed 684(72KB) AllocSpace objects, 0(0B) LOS objects, 93% free, 106KB/1642KB, paused 221us total 4.879ms
11-07 18:35:15.310  2152  2152 I zygote  : Explicit concurrent copying GC freed 46(43KB) AllocSpace objects, 0(0B) LOS objects, 92% free, 117KB/1653KB, paused 86us total 4.942ms
11-07 18:35:15.310  2151  2151 D zygote64: Time zone APEX ICU file found: /apex/com.android.tzdata/etc/icu/icu_tzdata.dat
11-07 18:35:15.310  2151  2151 D zygote64: I18n APEX ICU file found: /apex/com.android.i18n/etc/icu/icudt68l.dat
11-07 18:35:15.310  2152  2152 D Zygote32Timing: PostZygoteInitGC took to complete: 11ms
11-07 18:35:15.310  2152  2152 D Zygote32Timing: ZygoteInit took to complete: 17ms
11-07 18:35:15.314  2152  2152 I Zygote  : Accepting command socket connections
11-07 18:35:15.318  2151  2151 I zygote64: fcntl(F_ADD_SEALS) failed: Invalid argument, no memfd support.
11-07 18:35:15.318  2151  2151 I zygote64: Falling back to ashmem implementation for JIT zygote mapping
11-07 18:35:15.330     0     0 E         : msm_qti_pp_get_rms_value_control, back not active to query rms be_idx:3
11-07 18:35:15.339     0     0 I core_get_license_status: cmdrsp_license_result.result = 0x15 for module 0x131ff
11-07 18:35:15.340     0     0 E msm-ext-disp-audio-codec-rx soc: qcom,msm-ext-disp:qcom,msm-ext-disp-audio-codec-rx: msm_ext_disp_audio_type_get: codec_data, get_audio_edid_blk() or get_intf_id is NULL
11-07 18:35:15.347  2151  2151 D Zygote  : begin preload
11-07 18:35:15.347  2151  2151 I Zygote  : Calling ZygoteHooks.beginPreload()
11-07 18:35:15.385  2151  2151 D Zygote64Timing: BeginPreload took to complete: 37ms
11-07 18:35:15.385  2151  2151 I Zygote  : Preloading classes...
11-07 18:35:15.406  2215  2215 I iptables: type=1400 audit(0.0:1219): avc: denied { prog_run } for scontext=u:r:init:s0 tcontext=u:r:bpfloader:s0 tclass=bpf permissive=1
11-07 18:35:15.435  2151  2151 I Typeface: Preloading /system/fonts/Roboto-Regular.ttf
11-07 18:35:15.435  2151  2151 I Typeface: Preloading /system/fonts/RobotoStatic-Regular.ttf
11-07 18:35:15.436  2149  2149 W audio_route: Control 'MADONOFF Switch' doesn't exist - skipping
11-07 18:35:15.436  2149  2149 W audio_route: unknown enum value string ZERO for ctl CDC_IF TX13 MUX
11-07 18:35:15.436  2149  2149 W audio_route: Control 'TX13 INP MUX' doesn't exist - skipping
11-07 18:35:15.436  2149  2149 W audio_route: Control 'AIF4_MAD Mixer SLIM TX12' doesn't exist - skipping
11-07 18:35:15.436  2149  2149 W audio_route: Control 'CPE AFE MAD Enable' doesn't exist - skipping
11-07 18:35:15.436  2149  2149 W audio_route: Control 'EC BUF MUX INP' doesn't exist - skipping
11-07 18:35:15.435     0     0 E tfa98xx_info_vstep(): vsteps count: 1 [prof=0]
11-07 18:35:15.437  2149  2149 W audio_route: Control 'EC BUF MUX INP' doesn't exist - skipping
11-07 18:35:15.435     0     0 E tfa98xx_info_vstep(): vsteps count: 1 [prof=0]
