12-31 22:33:52.510   848   848 I android.hardware.wifi@1.0-service: Wifi Hal is booting up...
12-31 22:33:52.504     0     0 I binder  : 827:827 ioctl 40046210 7fed9a2754 returned -22
12-31 22:33:52.505     0     0 E [RMNET:HI] rmnet_config_notify_cb(): Kernel is trying to unregister ipsec_test
12-31 22:33:52.506     0     0 I binder  : 864:864 ioctl 40046210 7fe6da8ac4 returned -22
12-31 22:33:52.506     0     0 I binder  : 868:868 ioctl 40046210 7fe7467064 returned -22
12-31 22:33:52.507     0     0 I binder  : 829:829 ioctl 40046210 7ff8b4ed74 returned -22
12-31 22:33:52.507     0     0 E diag    : In diag_send_feature_mask_update, control channel is not open, p: 5, 0000000000000000
12-31 22:33:52.507     0     0 E diag    : In diag_send_peripheral_buffering_mode, buffering flag not set for 5
12-31 22:33:52.507     0     0 E diag    : In diag_send_peripheral_buffering_mode, buffering flag not set for 5
12-31 22:33:52.507     0     0 E FG      : fg_psy_get_property: unsupported property 79
12-31 22:33:52.510     0     0 I binder  : 848:848 ioctl 40046210 7fcd3e5cd4 returned -22
12-31 22:33:52.511     0     0 I binder  : 829:829 ioctl 40046210 7ff8b4ed54 returned -22
12-31 22:33:52.512     0     0 W healthd : battery l=100 v=4244 t=28.0 h=2 st=2 c=26000 fc=2605 chg=u
12-31 22:33:52.513     0     0 I binder  : 812:812 ioctl 40046210 7febed2e24 returned -22
12-31 22:33:52.514     0     0 I binder  : 812:812 ioctl 40046210 7febed3034 returned -22
12-31 22:33:52.522     0     0 E FG      : fg_psy_get_property: unsupported property 79
12-31 22:33:52.524   848   848 I HidlServiceManagement: Registered android.hardware.wifi@1.5::IWifi/default
12-31 22:33:52.534     0     0 I rmt_storage: INFO:check_support_using_libmdm: Modem subsystem found on target!
12-31 22:33:52.535     0     0 E rmt_storage: INFO:oem_remote_storage_parse_partitions: Registering oem_dycnvbk: 9, /oem/nvbk/dynamic
12-31 22:33:52.536     0     0 E rmt_storage: INFO:oem_remote_storage_parse_partitions: Registering oem_stanvbk: 10, /oem/nvbk/static
12-31 22:33:52.540     0     0 I rmt_storage: INFO:main: Done with init now waiting for messages!
12-31 22:33:52.544     0     0 I binder  : 826:826 ioctl 40046210 7fc8f3eea4 returned -22
12-31 22:33:52.544     0     0 I capability: warning: `msm_irqbalance' uses 32-bit capabilities (legacy support in use)
12-31 22:33:52.551     0     0 I binder  : 909:909 ioctl 40046210 7fdfe394f4 returned -22
12-31 22:33:52.567     0     0 I binder  : 832:832 ioctl 40046210 7fdfb80974 returned -22
12-31 22:33:52.570     0     0 I subsys-pil-tz 5c00000.qcom,ssc: slpi: Brought out of reset
12-31 22:33:52.572     0     0 I servloc : service_locator_svc_arrive: Connection established with the Service locator
12-31 22:33:52.572     0     0 I servloc : init_service_locator: Service locator initialized
12-31 22:33:52.572     0     0 I audio_notifer_reg_service: service PDR_ADSP is in use
12-31 22:33:52.574     0     0 E FG      : fg_psy_get_property: unsupported property 79
--------- beginning of crash
12-31 22:33:52.575   829   829 F libc    : Fatal signal 11 (SIGSEGV), code 1 (SEGV_MAPERR), fault addr 0x0 in tid 829 (android.hardwar), pid 829 (android.hardwar)
12-31 22:33:52.578     0     0 I binder  : 924:924 ioctl 40046210 7fd3a77544 returned -22
12-31 22:33:52.601     0     0 I subsys-pil-tz 5c00000.qcom,ssc: Subsystem error monitoring/handling services are up
12-31 22:33:52.602     0     0 I         : 'opened /dev/sdsprpc-smd c 216 2'
12-31 22:33:52.608     0     0 I binder  : 931:931 ioctl 40046210 7ff33737b4 returned -22
12-31 22:33:52.608     0     0 I subsys-pil-tz 5c00000.qcom,ssc: slpi: Power/Clock ready interrupt received
12-31 22:33:52.614     0     0 I sysmon-qmi: sysmon_clnt_svc_arrive: Connection established between QMI handle and slpi's SSCTL service
12-31 22:33:52.616     0     0 E diag    : In diag_send_feature_mask_update, control channel is not open, p: 3, 0000000000000000
12-31 22:33:52.616     0     0 E diag    : In diag_send_peripheral_buffering_mode, buffering flag not set for 3
12-31 22:33:52.616     0     0 E diag    : In diag_send_peripheral_buffering_mode, buffering flag not set for 3
12-31 22:33:52.644     0     0 I subsys-pil-tz 17300000.qcom,lpass: adsp: Brought out of reset
12-31 22:33:52.645     0     0 I binder  : 866:866 ioctl 40046210 7fe3cf6884 returned -22
12-31 22:33:52.652   952   952 F DEBUG   : *** *** *** *** *** *** *** *** *** *** *** *** *** *** *** ***
12-31 22:33:52.652   952   952 F DEBUG   : Build fingerprint: 'OnePlus/OnePlus6T/OnePlus6T:9/PKQ1.180716.001/1812260627:user/release-keys'
12-31 22:33:52.652   952   952 F DEBUG   : Revision: '0'
12-31 22:33:52.652   952   952 F DEBUG   : ABI: 'arm64'
12-31 22:33:52.652   952   952 F DEBUG   : Timestamp: 1972-12-31 22:33:52.605117029+0100
12-31 22:33:52.652   952   952 F DEBUG   : Process uptime: 0s
12-31 22:33:52.652   952   952 F DEBUG   : Cmdline: /vendor/bin/hw/android.hardware.graphics.composer@2.3-service
12-31 22:33:52.652   952   952 F DEBUG   : pid: 829, tid: 829, name: android.hardwar  >>> /vendor/bin/hw/android.hardware.graphics.composer@2.3-service <<<
12-31 22:33:52.652   952   952 F DEBUG   : uid: 1000
12-31 22:33:52.652   952   952 F DEBUG   : signal 11 (SIGSEGV), code 1 (SEGV_MAPERR), fault addr 0x0
12-31 22:33:52.652   952   952 F DEBUG   : Cause: null pointer dereference
12-31 22:33:52.652   952   952 F DEBUG   :     x0  0000000000000000  x1  0000007b0e5de0c0  x2  0000000000000200  x3  000000006f732e6d
12-31 22:33:52.652   952   952 F DEBUG   :     x4  0000007c18e2b060  x5  0000007ff8b4d705  x6  726465647362696c  x7  6f732e6d72646564
12-31 22:33:52.652   952   952 F DEBUG   :     x8  0000000000000000  x9  000000797bd67000  x10 3f86666618964020  x11 0000000000000000
12-31 22:33:52.652   952   952 F DEBUG   :     x12 000000000000000c  x13 646e756f6620746f  x14 0000007ff8b4d939  x15 ffffffffffffffff
12-31 22:33:52.652   952   952 F DEBUG   :     x16 000000797bdbbec0  x17 000000797bda3614  x18 0000007c1932e000  x19 0000007b0e5de0c0
12-31 22:33:52.652   952   952 F DEBUG   :     x20 0000007c18cac010  x21 0000007ff8b4ea90  x22 0000007ff8b4eb08  x23 0000007ff8b4eaf0
12-31 22:33:52.652   952   952 F DEBUG   :     x24 0000000001001008  x25 0000007c18cac010  x26 000000797bdbd3a8  x27 0000000000000000
12-31 22:33:52.652   952   952 F DEBUG   :     x28 0000000000000000  x29 0000007ff8b4eb60
12-31 22:33:52.652   952   952 F DEBUG   :     lr  000000797bda2f54  sp  0000007ff8b4ea70  pc  000000797bda36a4  pst 0000000060000000
12-31 22:33:52.652   952   952 F DEBUG   : backtrace:
12-31 22:33:52.652   952   952 F DEBUG   :       #00 pc 00000000000616a4  /vendor/lib64/libsdmcore.so (sdm::HWInfoDRM::GetSystemInfo(sdm::HWResourceInfo*)+144) (BuildId: 1429da2638acf75c1e58262864e1bfd2)
12-31 22:33:52.652   952   952 F DEBUG   :       #01 pc 0000000000060f50  /vendor/lib64/libsdmcore.so (sdm::HWInfoDRM::GetHWResourceInfo(sdm::HWResourceInfo*)+444) (BuildId: 1429da2638acf75c1e58262864e1bfd2)
12-31 22:33:52.652   952   952 F DEBUG   :       #02 pc 0000000000031b68  /vendor/lib64/libsdmcore.so (sdm::CoreImpl::Init()+292) (BuildId: 1429da2638acf75c1e58262864e1bfd2)
12-31 22:33:52.652   952   952 F DEBUG   :       #03 pc 0000000000031160  /vendor/lib64/libsdmcore.so (sdm::CoreInterface::CreateCore(sdm::BufferAllocator*, sdm::BufferSyncHandler*, sdm::SocketHandler*, sdm::CoreInterface**, unsigned int)+276) (BuildId: 1429da2638acf75c1e58262864e1bfd2)
12-31 22:33:52.652   952   952 F DEBUG   :       #04 pc 000000000002227c  /vendor/lib64/hw/hwcomposer.sdm845.so (sdm::HWCSession::InitSupportedDisplaySlots()+68) (BuildId: d29ab2e124ef317f6ad55b0a12865f49)
12-31 22:33:52.652   952   952 F DEBUG   :       #05 pc 000000000002216c  /vendor/lib64/hw/hwcomposer.sdm845.so (sdm::HWCSession::Init()+388) (BuildId: d29ab2e124ef317f6ad55b0a12865f49)
12-31 22:33:52.652   952   952 F DEBUG   :       #06 pc 0000000000022e88  /vendor/lib64/hw/hwcomposer.sdm845.so (sdm::HWCSession::Open(hw_module_t const*, char const*, hw_device_t**)+156) (BuildId: d29ab2e124ef317f6ad55b0a12865f49)
12-31 22:33:52.652   952   952 F DEBUG   :       #07 pc 0000000000009674  /vendor/bin/hw/android.hardware.graphics.composer@2.3-service (android::hardware::graphics::composer::V2_1::passthrough::HwcLoader::openDeviceWithAdapter(hw_module_t const*, bool*)+372) (BuildId: c1b15329d524993e8f606be96b654948)
12-31 22:33:52.652   952   952 F DEBUG   :       #08 pc 0000000000009380  /vendor/bin/hw/android.hardware.graphics.composer@2.3-service (android::hardware::graphics::composer::V2_3::passthrough::HwcLoader::createHalWithAdapter(hw_module_t const*)+48) (BuildId: c1b15329d524993e8f606be96b654948)
12-31 22:33:52.652   952   952 F DEBUG   :       #09 pc 00000000000092bc  /vendor/bin/hw/android.hardware.graphics.composer@2.3-service (android::hardware::graphics::composer::V2_3::passthrough::HwcLoader::load()+136) (BuildId: c1b15329d524993e8f606be96b654948)
12-31 22:33:52.652   952   952 F DEBUG   :       #10 pc 0000000000009144  /vendor/bin/hw/android.hardware.graphics.composer@2.3-service (main+240) (BuildId: c1b15329d524993e8f606be96b654948)
12-31 22:33:52.652   952   952 F DEBUG   :       #11 pc 00000000000488c8  /apex/com.android.runtime/lib64/bionic/libc.so (__libc_init+96) (BuildId: 404fad79f9cb4dd4a710235460ef056f)
12-31 22:33:52.655     0     0 I subsys-pil-tz 17300000.qcom,lpass: Subsystem error monitoring/handling services are up
12-31 22:33:52.657     0     0 I apr_tal_link_state_cb: edge[lpass] link state[0]
12-31 22:33:52.658     0     0 W QSEECOM : qseecom_load_app: App (soter64) does'nt exist, loading apps for first time
12-31 22:33:52.663     0     0 I subsys-pil-tz 17300000.qcom,lpass: adsp: Power/Clock ready interrupt received
12-31 22:33:52.665     0     0 I service-notifier: root_service_service_arrive: Connection established between QMI handle and 74 service
12-31 22:33:52.666     0     0 I binder  : 934:934 ioctl 40046210 7fc0a69754 returned -22
12-31 22:33:52.667     0     0 I sysmon-qmi: sysmon_clnt_svc_arrive: Connection established between QMI handle and adsp's SSCTL service
12-31 22:33:52.669     0     0 E diag    : In diag_send_feature_mask_update, control channel is not open, p: 1, 0000000000000000
12-31 22:33:52.669     0     0 E diag    : In diag_send_peripheral_buffering_mode, buffering flag not set for 1
12-31 22:33:52.669     0     0 E diag    : In diag_send_peripheral_buffering_mode, buffering flag not set for 1
12-31 22:33:52.671     0     0 I binder  : undelivered TRANSACTION_COMPLETE
12-31 22:33:52.671     0     0 I binder  : undelivered transaction 700, process died.
12-31 22:33:52.679     0     0 I service-notifier: root_service_service_ind_cb: Indication received from msm/adsp/audio_pd, state: 0x1fffffff, trans-id: 1
12-31 22:33:52.679     0     0 E         : smartpa dts config is tfa98xx
12-31 22:33:52.679     0     0 E         : smartpa_present
12-31 22:33:52.680     0     0 W sdm845-asoc-snd soc: qcom,msm-audio-apr:sound-tavil: msm_init_wsa_dev: Max WSA devices is 0 for this target?
12-31 22:33:52.680     0     0 E sdm845-asoc-snd soc: qcom,msm-audio-apr:sound-tavil: ASoC: platform /soc/qcom,msm-pcm-voice not registered
12-31 22:33:52.681     0     0 I service-notifier: send_ind_ack: Indication ACKed for transid 1, service msm/adsp/audio_pd, instance 74!
12-31 22:33:52.683     0     0 I binder  : 919:919 ioctl 40046210 7fcdd37654 returned -22
12-31 22:33:52.683     0     0 I binder  : 919:919 ioctl 40046210 7fcdd37674 returned -22
12-31 22:33:52.685     0     0 I binder  : undelivered TRANSACTION_COMPLETE
12-31 22:33:52.685     0     0 I binder  : undelivered transaction 702, process died.
12-31 22:33:52.689     0     0 I binder  : 972:972 ioctl 40046210 7fd8b60ae4 returned -22
12-31 22:33:52.689     0     0 D ProcessState: Binder ioctl to enable oneway spam detection failed: Invalid argument
12-31 22:33:52.690     0     0 D vdc     : Waited 0ms for vold
12-31 22:33:52.691     0     0 W QSEECOM : qseecom_load_app: App with id 2 (soter64) now loaded
12-31 22:33:52.707     0     0 I sps     : BAM 0x0000000017204000 (va:0x0000000000000000) enabled: ver:0x19, number of pipes:13
12-31 22:33:52.707     0     0 I sps     : BAM 0x0000000017204000 is registered.
12-31 22:33:52.708     0     0 E slimbus sb-3: of_slim: invalid E-addr
12-31 22:33:52.709     0     0 E         : smartpa dts config is tfa98xx
12-31 22:33:52.709     0     0 E         : smartpa_present
12-31 22:33:52.710     0     0 W sdm845-asoc-snd soc: qcom,msm-audio-apr:sound-tavil: msm_init_wsa_dev: Max WSA devices is 0 for this target?
12-31 22:33:52.710     0     0 E sdm845-asoc-snd soc: qcom,msm-audio-apr:sound-tavil: ASoC: CODEC DAI tavil_vifeedback not registered
12-31 22:33:52.716     0     0 I sps     : BAM 0x0000000017184000 (va:0x0000000000000000) enabled: ver:0x19, number of pipes:23
12-31 22:33:52.716     0     0 I sps     : BAM 0x0000000017184000 is registered.
12-31 22:33:52.717     0     0 E slimbus sb-1: of_slim: invalid E-addr
12-31 22:33:52.717     0     0 I wcd-slim tavil-slim-pgd: Platform data from device tree
12-31 22:33:52.717     0     0 I wcd-slim tavil-slim-pgd: msm_cdc_dt_parse_vreg_info: cdc-vdd-buck: vol=[1800000 1800000]uV, curr=[650000]uA, ond 0
12-31 22:33:52.717     0     0 I wcd-slim tavil-slim-pgd: msm_cdc_dt_parse_vreg_info: cdc-buck-sido: vol=[1800000 1800000]uV, curr=[250000]uA, ond 0
12-31 22:33:52.717     0     0 I wcd-slim tavil-slim-pgd: msm_cdc_dt_parse_vreg_info: cdc-vdd-tx-h: vol=[1800000 1800000]uV, curr=[25000]uA, ond 0
12-31 22:33:52.717     0     0 I wcd-slim tavil-slim-pgd: msm_cdc_dt_parse_vreg_info: cdc-vdd-rx-h: vol=[1800000 1800000]uV, curr=[25000]uA, ond 0
12-31 22:33:52.717     0     0 I wcd-slim tavil-slim-pgd: msm_cdc_dt_parse_vreg_info: cdc-vddpx-1: vol=[1800000 1800000]uV, curr=[10000]uA, ond 0
12-31 22:33:52.717     0     0 I wcd-slim tavil-slim-pgd: wcd9xxx_slim_probe: probing for wcd type: 4, name: tavil-slim-pgd
12-31 22:33:52.719     0     0 E         : smartpa dts config is tfa98xx
12-31 22:33:52.719     0     0 E         : smartpa_present
12-31 22:33:52.719     0     0 W sdm845-asoc-snd soc: qcom,msm-audio-apr:sound-tavil: msm_init_wsa_dev: Max WSA devices is 0 for this target?
12-31 22:33:52.719     0     0 E sdm845-asoc-snd soc: qcom,msm-audio-apr:sound-tavil: ASoC: CODEC DAI tavil_vifeedback not registered
12-31 22:33:52.720     0     0 I         : Mass Storage Function, version: 2009/09/11
12-31 22:33:52.720     0     0 I LUN     : removable file: (no medium)
12-31 22:33:52.722     0     0 I         : file system registered
12-31 22:33:52.723     0     0 W         : CHRDEV "msm_usb_bridge" major number 211 goes below the dynamic allocation range
12-31 22:33:52.724     0     0 I f_cdev_alloc: port_name:at_usb0 (0000000000000000) portno:(0)
12-31 22:33:52.725     0     0 I f_cdev_alloc: port_name:at_usb1 (0000000000000000) portno:(1)
12-31 22:33:52.725     0     0 I f_cdev_alloc: port_name:at_usb2 (0000000000000000) portno:(2)
12-31 22:33:52.737   979   979 I wificond: wificond is starting up...
12-31 22:33:52.737     0     0 I binder  : 979:979 ioctl 40046210 7fe8706094 returned -22
12-31 22:33:52.743     0     0 I binder  : 979:979 ioctl 40046210 7fe8706014 returned -22
12-31 22:33:52.745   979   979 I HidlServiceManagement: Registered android.system.wifi.keystore@1.0::IKeystore/default
12-31 22:33:52.775     0     0 I slimbus : 1 laddr:0xcf, EAPC:0x1:0x50
12-31 22:33:52.775     0     0 I wcd-slim tavil-slim-pgd: wcd9xxx_slim_device_up: slim device up, dev_up = 1
12-31 22:33:52.775     0     0 I slimbus : 1 laddr:0xce, EAPC:0x0:0x50
12-31 22:33:52.777     0     0 I wcd-slim tavil-slim-pgd: wcd934x_get_cdc_info: wcd9xxx chip id major 0x108, minor 0x1
12-31 22:33:52.777     0     0 I wcd9xxx_core_res_init: num_irqs = 32, num_irq_regs = 4
12-31 22:33:52.779     0     0 E         : smartpa dts config is tfa98xx
12-31 22:33:52.779     0     0 E         : smartpa_present
12-31 22:33:52.780     0     0 W sdm845-asoc-snd soc: qcom,msm-audio-apr:sound-tavil: msm_init_wsa_dev: Max WSA devices is 0 for this target?
12-31 22:33:52.780     0     0 E sdm845-asoc-snd soc: qcom,msm-audio-apr:sound-tavil: ASoC: CODEC DAI tavil_vifeedback not registered
12-31 22:33:52.790   995   995 I gsid    : no DSU: No such file or directory
12-31 22:33:52.794     0     0 I binder  : 973:973 ioctl 40046210 7febbf0b64 returned -22
12-31 22:33:52.794     0     0 I binder  : 973:973 ioctl 40046210 7febbf0b84 returned -22
12-31 22:33:52.804     0     0 I binder  : 978:978 ioctl 40046210 fffe68f8 returned -22
12-31 22:33:52.804     0     0 E         : smartpa dts config is tfa98xx
12-31 22:33:52.805     0     0 E         : smartpa_present
12-31 22:33:52.805     0     0 W sdm845-asoc-snd soc: qcom,msm-audio-apr:sound-tavil: msm_init_wsa_dev: Max WSA devices is 0 for this target?
12-31 22:33:52.805     0     0 I         : tavil_codec tavil_codec: tavil_soc_codec_probe()
12-31 22:33:52.806     0     0 I binder  : 978:978 ioctl 40046210 fffe68e0 returned -22
12-31 22:33:52.818     0     0 W msm-pcm-routing soc: qcom,msm-pcm-routing: ASoC: no dapm match for TERT_MI2S_TX --> TERT_MI2S_TX --> MultiMedia17 Mixer
12-31 22:33:52.818     0     0 E msm-pcm-routing soc: qcom,msm-pcm-routing: ASoC: Failed to add route TERT_MI2S_TX -> TERT_MI2S_TX -> MultiMedia17 Mixer
12-31 22:33:52.818     0     0 W msm-pcm-routing soc: qcom,msm-pcm-routing: ASoC: no dapm match for TERT_MI2S_TX --> TERT_MI2S_TX --> MultiMedia18 Mixer
12-31 22:33:52.818     0     0 E msm-pcm-routing soc: qcom,msm-pcm-routing: ASoC: Failed to add route TERT_MI2S_TX -> TERT_MI2S_TX -> MultiMedia18 Mixer
12-31 22:33:52.818     0     0 W msm-pcm-routing soc: qcom,msm-pcm-routing: ASoC: no dapm match for TERT_MI2S_TX --> TERT_MI2S_TX --> MultiMedia19 Mixer
12-31 22:33:52.818     0     0 E msm-pcm-routing soc: qcom,msm-pcm-routing: ASoC: Failed to add route TERT_MI2S_TX -> TERT_MI2S_TX -> MultiMedia19 Mixer
12-31 22:33:52.818     0     0 W msm-pcm-routing soc: qcom,msm-pcm-routing: ASoC: no dapm match for TERT_MI2S_TX --> TERT_MI2S_TX --> MultiMedia28 Mixer
12-31 22:33:52.818     0     0 E msm-pcm-routing soc: qcom,msm-pcm-routing: ASoC: Failed to add route TERT_MI2S_TX -> TERT_MI2S_TX -> MultiMedia28 Mixer
12-31 22:33:52.818     0     0 W msm-pcm-routing soc: qcom,msm-pcm-routing: ASoC: no dapm match for TERT_MI2S_TX --> TERT_MI2S_TX --> MultiMedia29 Mixer
12-31 22:33:52.818     0     0 E msm-pcm-routing soc: qcom,msm-pcm-routing: ASoC: Failed to add route TERT_MI2S_TX -> TERT_MI2S_TX -> MultiMedia29 Mixer
12-31 22:33:52.818     0     0 W msm-pcm-routing soc: qcom,msm-pcm-routing: ASoC: no dapm match for QUAT_MI2S_TX --> QUAT_MI2S_TX --> MultiMedia17 Mixer
12-31 22:33:52.818     0     0 E msm-pcm-routing soc: qcom,msm-pcm-routing: ASoC: Failed to add route QUAT_MI2S_TX -> QUAT_MI2S_TX -> MultiMedia17 Mixer
12-31 22:33:52.818     0     0 W msm-pcm-routing soc: qcom,msm-pcm-routing: ASoC: no dapm match for QUAT_MI2S_TX --> QUAT_MI2S_TX --> MultiMedia19 Mixer
12-31 22:33:52.818     0     0 E msm-pcm-routing soc: qcom,msm-pcm-routing: ASoC: Failed to add route QUAT_MI2S_TX -> QUAT_MI2S_TX -> MultiMedia19 Mixer
12-31 22:33:52.818     0     0 W msm-pcm-routing soc: qcom,msm-pcm-routing: ASoC: no dapm match for QUAT_MI2S_TX --> QUAT_MI2S_TX --> MultiMedia28 Mixer
12-31 22:33:52.818     0     0 E msm-pcm-routing soc: qcom,msm-pcm-routing: ASoC: Failed to add route QUAT_MI2S_TX -> QUAT_MI2S_TX -> MultiMedia28 Mixer
12-31 22:33:52.818     0     0 W msm-pcm-routing soc: qcom,msm-pcm-routing: ASoC: no dapm match for QUAT_MI2S_TX --> QUAT_MI2S_TX --> MultiMedia29 Mixer
12-31 22:33:52.818     0     0 E msm-pcm-routing soc: qcom,msm-pcm-routing: ASoC: Failed to add route QUAT_MI2S_TX -> QUAT_MI2S_TX -> MultiMedia29 Mixer
12-31 22:33:52.823     0     0 E msm-pcm-routing soc: qcom,msm-pcm-routing: ASoC: no sink widget found for MM_UL28
12-31 22:33:52.823     0     0 E msm-pcm-routing soc: qcom,msm-pcm-routing: ASoC: Failed to add route MultiMedia28 Mixer -> direct -> MM_UL28
12-31 22:33:52.823     0     0 E msm-pcm-routing soc: qcom,msm-pcm-routing: ASoC: no sink widget found for MM_UL29
12-31 22:33:52.823     0     0 E msm-pcm-routing soc: qcom,msm-pcm-routing: ASoC: Failed to add route MultiMedia29 Mixer -> direct -> MM_UL29
12-31 22:33:52.824     0     0 E msm-pcm-routing soc: qcom,msm-pcm-routing: ASoC: no source widget found for SLIM_6_RX
12-31 22:33:52.824     0     0 E msm-pcm-routing soc: qcom,msm-pcm-routing: ASoC: Failed to add route SLIM_6_RX -> SLIM_6_RX -> AUDIO_REF_EC_UL1 MUX
12-31 22:33:52.825     0     0 E msm-pcm-routing soc: qcom,msm-pcm-routing: ASoC: no sink widget found for AUDIO_REF_EC_UL28 MUX
12-31 22:33:52.825     0     0 E msm-pcm-routing soc: qcom,msm-pcm-routing: ASoC: Failed to add route PRI_MI2S_TX -> PRI_MI2S_TX -> AUDIO_REF_EC_UL28 MUX
12-31 22:33:52.825     0     0 E msm-pcm-routing soc: qcom,msm-pcm-routing: ASoC: no sink widget found for AUDIO_REF_EC_UL28 MUX
12-31 22:33:52.825     0     0 E msm-pcm-routing soc: qcom,msm-pcm-routing: ASoC: Failed to add route SEC_MI2S_TX -> SEC_MI2S_TX -> AUDIO_REF_EC_UL28 MUX
12-31 22:33:52.825     0     0 E msm-pcm-routing soc: qcom,msm-pcm-routing: ASoC: no sink widget found for AUDIO_REF_EC_UL28 MUX
12-31 22:33:52.825     0     0 E msm-pcm-routing soc: qcom,msm-pcm-routing: ASoC: Failed to add route TERT_MI2S_TX -> TERT_MI2S_TX -> AUDIO_REF_EC_UL28 MUX
12-31 22:33:52.825     0     0 E msm-pcm-routing soc: qcom,msm-pcm-routing: ASoC: no sink widget found for AUDIO_REF_EC_UL28 MUX
12-31 22:33:52.825     0     0 E msm-pcm-routing soc: qcom,msm-pcm-routing: ASoC: Failed to add route QUAT_MI2S_TX -> QUAT_MI2S_TX -> AUDIO_REF_EC_UL28 MUX
12-31 22:33:52.825     0     0 E msm-pcm-routing soc: qcom,msm-pcm-routing: ASoC: no sink widget found for AUDIO_REF_EC_UL29 MUX
12-31 22:33:52.825     0     0 E msm-pcm-routing soc: qcom,msm-pcm-routing: ASoC: Failed to add route PRI_MI2S_TX -> PRI_MI2S_TX -> AUDIO_REF_EC_UL29 MUX
12-31 22:33:52.825     0     0 E msm-pcm-routing soc: qcom,msm-pcm-routing: ASoC: no sink widget found for AUDIO_REF_EC_UL29 MUX
12-31 22:33:52.825     0     0 E msm-pcm-routing soc: qcom,msm-pcm-routing: ASoC: Failed to add route SEC_MI2S_TX -> SEC_MI2S_TX -> AUDIO_REF_EC_UL29 MUX
12-31 22:33:52.825     0     0 E msm-pcm-routing soc: qcom,msm-pcm-routing: ASoC: no sink widget found for AUDIO_REF_EC_UL29 MUX
12-31 22:33:52.825     0     0 E msm-pcm-routing soc: qcom,msm-pcm-routing: ASoC: Failed to add route TERT_MI2S_TX -> TERT_MI2S_TX -> AUDIO_REF_EC_UL29 MUX
12-31 22:33:52.825     0     0 E msm-pcm-routing soc: qcom,msm-pcm-routing: ASoC: no sink widget found for AUDIO_REF_EC_UL29 MUX
12-31 22:33:52.825     0     0 E msm-pcm-routing soc: qcom,msm-pcm-routing: ASoC: Failed to add route QUAT_MI2S_TX -> QUAT_MI2S_TX -> AUDIO_REF_EC_UL29 MUX
12-31 22:33:52.825     0     0 E msm-pcm-routing soc: qcom,msm-pcm-routing: ASoC: no source widget found for AUDIO_REF_EC_UL28 MUX
12-31 22:33:52.825     0     0 E msm-pcm-routing soc: qcom,msm-pcm-routing: ASoC: Failed to add route AUDIO_REF_EC_UL28 MUX -> direct -> MM_UL28
12-31 22:33:52.825     0     0 E msm-pcm-routing soc: qcom,msm-pcm-routing: ASoC: no source widget found for AUDIO_REF_EC_UL29 MUX
12-31 22:33:52.825     0     0 E msm-pcm-routing soc: qcom,msm-pcm-routing: ASoC: Failed to add route AUDIO_REF_EC_UL29 MUX -> direct -> MM_UL29
12-31 22:33:52.829     0     0 I wcd-dsp-mgr soc: qcom,wcd-dsp-mgr: for wdsp segments only will be dumped.
12-31 22:33:52.829     0     0 I wcd-dsp-mgr soc: qcom,wcd-dsp-mgr: bound tavil_codec (ops wcd_ctrl_component_ops)
12-31 22:33:52.833     0     0 W msm-pcm-routing soc: qcom,msm-pcm-routing: ASoC: no dapm match for TERT_MI2S_TX --> TERT_MI2S_TX --> VoLTE Stub Tx Mixer
12-31 22:33:52.833     0     0 E msm-pcm-routing soc: qcom,msm-pcm-routing: ASoC: Failed to add route TERT_MI2S_TX -> TERT_MI2S_TX -> VoLTE Stub Tx Mixer
12-31 22:33:52.839     0     0 I wcd-dsp-mgr soc: qcom,wcd-dsp-mgr: bound spi0.0 (ops wcd_spi_component_ops)
12-31 22:33:52.839     0     0 I wcd-dsp-mgr soc: qcom,wcd-dsp-mgr: bound soc:qcom,glink-spi-xprt-wdsp (ops glink_component_ops)
12-31 22:33:52.854     0     0 W audit_log_start: 9 callbacks suppressed
12-31 22:33:52.854     0     0 W audit   : audit_backlog=70 > audit_backlog_limit=64
12-31 22:33:52.854     0     0 W audit   : audit_lost=4 audit_rate_limit=0 audit_backlog_limit=64
12-31 22:33:52.854     0     0 E audit   : backlog limit exceeded
12-31 22:33:52.854     0     0 W audit   : audit_backlog=70 > audit_backlog_limit=64
12-31 22:33:52.854     0     0 W audit   : audit_lost=5 audit_rate_limit=0 audit_backlog_limit=64
12-31 22:33:52.854     0     0 E audit   : backlog limit exceeded
12-31 22:33:52.854     0     0 W audit   : audit_backlog=70 > audit_backlog_limit=64
12-31 22:33:52.854     0     0 W audit   : audit_lost=6 audit_rate_limit=0 audit_backlog_limit=64
12-31 22:33:52.854     0     0 E audit   : backlog limit exceeded
12-31 22:33:52.854     0     0 W audit   : audit_backlog=70 > audit_backlog_limit=64
12-31 22:33:52.861     0     0 W cam-a5 ac00000.qcom,a5: loading /vendor/firmware_mnt/image/CAMERA_ICP.elf failed with error -13
12-31 22:33:52.880     0     0 I CAM_INFO: CAM-ICP: cam_icp_mgr_hw_open: 2801 FW download done successfully
12-31 22:33:52.892     0     0 I         : ro.boot.adb=true, set adb port
12-31 22:33:52.895     0     0 E get_hw_version: hw version: 41
12-31 22:33:52.895     0     0 E         : extcon_dev_work ,hw_version=41
12-31 22:33:52.895     0     0 E         : extcon_dev_work ,key[0]=0,key[1]=1,key[2]=1
12-31 22:33:52.914     0     0 I binder  : 1020:1020 ioctl 40046210 7fd20fd0b4 returned -22
12-31 22:33:52.917     0     0 I subsys-restart: __subsystem_get(): Changing subsys fw_name to modem
12-31 22:33:52.921     0     0 I ipa-wan ipa3_ssr_notifier_cb: 2738 IPA received MPSS BEFORE_POWERUP
12-31 22:33:52.922     0     0 E ipa3_uc_state_check: 289 uC is not loaded
12-31 22:33:52.922     0     0 I ipa-wan ipa3_ssr_notifier_cb: 2752 IPA BEFORE_POWERUP handling is complete
12-31 22:33:52.923     0     0 I pil-q6v5-mss 4080000.qcom,mss: modem: loading from 0x000000008e000000 to 0x0000000095800000
12-31 22:33:52.934     0     0 W pil-q6v5-mss 4080000.qcom,mss: Debug policy not present - msadp. Continue.
12-31 22:33:52.934     0     0 I pil-q6v5-mss 4080000.qcom,mss: Loading MBA and DP (if present) from 0x0000000096600000 to 0x0000000096700000
12-31 22:33:52.936     0     0 I binder  : 1026:1026 ioctl 40046210 ffb23de8 returned -22
12-31 22:33:52.977     0     0 I spi_geni a80000.spi: tx_fifo 16 rx_fifo 16 tx_width 32
12-31 22:33:52.980     0     0 I boot_mode:  
12-31 22:33:52.983     0     0 I         : read descriptors
12-31 22:33:52.983     0     0 I         : read strings
12-31 22:33:52.988     0     0 I binder  : 1043:1043 ioctl 40046210 7fdcca18b4 returned -22
12-31 22:33:53.000     0     0 I binder  : 1041:1041 ioctl 40046210 7fddb7c7f4 returned -22
12-31 22:33:53.003     0     0 E tfa98xx_probe():  
12-31 22:33:53.008  1058  1058 I installd: installd firing up
12-31 22:33:53.012     0     0 I pil-q6v5-mss 4080000.qcom,mss: MBA boot done
12-31 22:33:53.013     0     0 I binder  : 1062:1062 ioctl 40046210 7fe68aded4 returned -22
12-31 22:33:53.013     0     0 I binder  : 1051:1051 ioctl 40046210 7fc85e21e4 returned -22
12-31 22:33:53.014     0     0 E tfa98xx_probe(): Container loading requested: 0
12-31 22:33:53.014     0     0 I tfa98xx 2-0034: tfa98xx codec registered ()
12-31 22:33:53.016     0     0 I binder  : 1058:1058 ioctl 40046210 7ffa635af4 returned -22
12-31 22:33:53.040     0     0 I msm_audrx_init: dev_namesoc:qcom,msm-dai-q6:qcom,msm-dai-q6-sb-0-rx
12-31 22:33:53.042     0     0 I binder  : 1065:1065 ioctl 40046210 7fe0863214 returned -22
12-31 22:33:53.046     0     0 I binder  : 1057:1057 ioctl 40046210 7fe7a0b9d4 returned -22
12-31 22:33:53.060     0     0 E tfa98xx_container_loaded(): loaded tfa98xx.cnt - size: 11385
12-31 22:33:53.060     0     0 I apr_tal_notify_state: Channel state[0]
12-31 22:33:53.060     0     0 E tfa98xx_container_loaded(): 3_01
12-31 22:33:53.060     0     0 E tfa98xx_container_loaded(): NXP
12-31 22:33:53.060     0     0 E tfa98xx_container_loaded(): mono
12-31 22:33:53.060     0     0 E tfa98xx_container_loaded(): TFA9894
12-31 22:33:53.060     0     0 E tfa98xx_container_loaded(): 1 ndev
12-31 22:33:53.060     0     0 E tfa98xx_container_loaded(): 5 nprof
12-31 22:33:53.060     0     0 E tfa98xx_container_loaded(): Firmware init complete
12-31 22:33:53.060     0     0 E tfa98xx_create_controls(): profile added [0]: MUSIC_48000
12-31 22:33:53.060     0     0 E add_sr_to_profile(): added profile:samplerate = [0:48000] for mixer profile: MUSIC_48000
12-31 22:33:53.060     0     0 E tfa98xx_create_controls(): profile added [1]: VOICE_48000
12-31 22:33:53.060     1     1 E add_sr_to_profile(): added profile:samplerate = [1:48000] for mixer profile: VOICE_48000
12-31 22:33:53.060     0     0 E tfa98xx_create_controls(): profile added [2]: MMITest_48000
12-31 22:33:53.060     2     2 E add_sr_to_profile(): added profile:samplerate = [2:48000] for mixer profile: MMITest_48000
12-31 22:33:53.060     0     0 E tfa98xx_create_controls(): profile added [3]: dsp_bypass_P
12-31 22:33:53.060     3     3 E add_sr_to_profile(): added profile:samplerate = [3:48000] for mixer profile: dsp_bypass_P
12-31 22:33:53.061     0     0 I tfa98xx 2-0034: tfa98xx_tfa_start enter
12-31 22:33:53.061     0     0 I         : tfa_dev_start enter
12-31 22:33:53.062     0     0 D Active_profile: NONE, next_profile:MUSIC_48000
12-31 22:33:53.062     0     0 D         : Startup of device [P] is a coldstart
12-31 22:33:53.071     0     0 E sdm845-asoc-snd soc: qcom,msm-audio-apr:sound-tavil: ASoC: no sink widget found for SpkrLeft IN
12-31 22:33:53.071     0     0 E sdm845-asoc-snd soc: qcom,msm-audio-apr:sound-tavil: ASoC: Failed to add route SPK1 OUT -> direct -> SpkrLeft IN
12-31 22:33:53.071     0     0 E sdm845-asoc-snd soc: qcom,msm-audio-apr:sound-tavil: ASoC: no sink widget found for SpkrRight IN
12-31 22:33:53.071     0     0 E sdm845-asoc-snd soc: qcom,msm-audio-apr:sound-tavil: ASoC: Failed to add route SPK2 OUT -> direct -> SpkrRight IN
12-31 22:33:53.071     0     0 I sdm845-asoc-snd soc: qcom,msm-audio-apr:sound-tavil: wcd_mbhc_start: qcom,msm-mbhc-usbc-audio-supported in dt node is missing or false
12-31 22:33:53.071     0     0 I sdm845-asoc-snd soc: qcom,msm-audio-apr:sound-tavil: wcd_mbhc_start: skipping USB c analog configuration
12-31 22:33:53.079     0     0 I         : tfa cold boot patch
12-31 22:33:53.099     0     0 I input   : sdm845-tavil-snd-card Headset Jack as /devices/platform/soc/soc:qcom,msm-audio-apr/soc:qcom,msm-audio-apr:sound-tavil/sound/card0/input5
12-31 22:33:53.099     0     0 I input   : sdm845-tavil-snd-card Button Jack as /devices/platform/soc/soc:qcom,msm-audio-apr/soc:qcom,msm-audio-apr:sound-tavil/sound/card0/input6
12-31 22:33:53.105     0     0 I sdm845-asoc-snd soc: qcom,msm-audio-apr:sound-tavil: Sound card sdm845-tavil-snd-card registered
12-31 22:33:53.105     0     0 E msm_asoc_machine_probe: fsa4480_enable is false
12-31 22:33:53.105     0     0 E         : msm_asoc_machine_probe usb_sw find
12-31 22:33:53.105     0     0 E         : hp_sw_gpio of get gpio success
12-31 22:33:53.105     0     0 E         : ldo_sw_gpio of get gpio success
12-31 22:33:53.105     0     0 E         : setHpSwGpioPin hp_sw_gpio set to 1
12-31 22:33:53.105     0     0 E msm_get_pinctrl: could not get mi2s_disable pinstate
11-07 18:35:00.614  1100  1100 I imsrcsd : Uce Service HAL  is starting up...
11-07 18:35:00.621  1100  1100 I imsrcsd : Uce Service HAL  loading imsrcsbaseimpl
12-31 22:33:53.124     0     0 E [RMNET:HI] rmnet_config_notify_cb(): Kernel is trying to unregister ipsec_test
12-31 22:33:53.138     0     0 I binder  : 1077:1077 ioctl 40046210 7ff7c54834 returned -22
11-07 18:35:00.681  1100  1100 I imsrcsd : Starting Service for First Time imsbaseimpl
11-07 18:35:00.695  1100  1100 I imsrcsd : Interface com.qualcomm.qti.uceservice@2.3::IUceService  com.qualcomm.qti.uceservice is found in manifest
11-07 18:35:00.696  1100  1100 I HidlServiceManagement: Registered com.qualcomm.qti.uceservice@2.3::IUceService/com.qualcomm.qti.uceservice
11-07 18:35:00.697  1100  1100 I imsrcsd : Interface com.qualcomm.qti.imscmservice@2.2::IImsCmService  qti.ims.connectionmanagerservice is found in manifest
11-07 18:35:00.697  1100  1100 I HidlServiceManagement: Registered com.qualcomm.qti.imscmservice@2.2::IImsCmService/qti.ims.connectionmanagerservice
11-07 18:35:00.700  1100  1100 I imsrcsd : Interface vendor.qti.ims.factory@1.1::IImsFactory  default is not found in manifest
11-07 18:35:00.702  1100  1100 I imsrcsd : Interface vendor.qti.ims.factory@1.0::IImsFactory  default is found in manifest
11-07 18:35:00.704  1100  1100 I HidlServiceManagement: Registered vendor.qti.ims.factory@1.0::IImsFactory/default
11-07 18:35:00.705  1100  1100 I imsrcsd : Interface vendor.qti.ims.callinfo@1.0::IService  default is found in manifest
12-31 22:33:53.151     0     0 I         : 'opened /dev/cdsprpc-smd c 216 3'
12-31 22:33:53.154     0     0 I bad ioctl: -1072934383
12-31 22:33:53.167     0     0 I binder  : 1100:1100 ioctl 40046210 7fc309b014 returned -22
12-31 22:33:53.171     0     0 I         : 'opened /dev/adsprpc-smd c 216 0'
12-31 22:33:53.173     0     0 I bad ioctl: -1072934383
12-31 22:33:53.174     0     0 I binder  : 1073:1073 ioctl 40046210 7fdb3a8424 returned -22
12-31 22:33:53.189     0     0 I         : cnss-daemon interop issues ap: read_iot_ap_file: No such file /data/vendor/wifi/iotap_ps.bin
11-07 18:35:00.714  1100  1100 I HidlServiceManagement: Registered vendor.qti.ims.callinfo@1.0::IService/default
11-07 18:35:00.714  1100  1100 I imsrcsd : ImsRcsBaseImpl ImsCallInfo After Registering Service
12-31 22:33:53.209     0     0 I binder  : 1074:1074 ioctl 40046210 ffebb368 returned -22
12-31 22:33:53.209     0     0 I binder  : 1074:1074 ioctl 40046210 ffebb350 returned -22
12-31 22:33:53.210     0     0 I binder  : 1073:1073 ioctl 40046210 7fdb3a83d4 returned -22
12-31 22:33:53.213     0     0 I SELinux : Context u:object_r:oem_audio_device:s0 is not valid (left unmapped).
12-31 22:33:53.224     0     0 I         : cnss-daemon interop issues ap: read_iot_ap_ps_from_file, read file error
12-31 22:33:53.246     0     0 E [RMNET:HI] rmnet_config_notify_cb(): Kernel is trying to unregister ipsec_test
12-31 22:33:53.247     0     0 I binder  : 1164:1164 ioctl 40046210 7fd75e9a74 returned -22
12-31 22:33:53.248     0     0 I binder  : 1069:1069 ioctl 40046210 7fd1cb7744 returned -22
12-31 22:33:53.251     0     0 I binder  : 1069:1069 ioctl 40046210 7fd1cb7954 returned -22
12-31 22:33:53.251     0     0 I binder  : 1061:1061 ioctl 40046210 7fd51dea44 returned -22
12-31 22:33:53.252     0     0 I binder  : 1178:1178 ioctl 40046210 7ff4852674 returned -22
12-31 22:33:53.253     0     0 I binder  : 1178:1178 ioctl 40046210 7ff4852484 returned -22
12-31 22:33:53.255     0     0 I android_work: did not send uevent (0 0 0000000000000000)
12-31 22:33:53.258     0     0 I binder  : 1191:1191 ioctl 40046210 7fe5c0aa74 returned -22
12-31 22:33:53.270     0     0 I binder  : 1200:1200 ioctl 40046210 7feed6aed4 returned -22
12-31 22:33:53.280     0     0 I         : cnss-daemon Failed to init genl between daemon and platform, continue
12-31 22:33:53.300     0     0 I cnss-daemon wlfw_start: Starting
12-31 22:33:53.303     0     0 I binder  : 1123:1123 ioctl 40046210 7ff62ae9a4 returned -22
12-31 22:33:53.340     0     0 I binder  : 1183:1183 ioctl 40046210 7ff30395a4 returned -22
12-31 22:33:53.360     0     0 I binder  : 1183:1183 ioctl 40046210 7ff3039184 returned -22
12-31 22:33:53.497     0     0 I binder  : 1122:1122 ioctl 40046210 7fe6d0b264 returned -22
12-31 22:33:53.525     0     0 I android_work: sent uevent USB_STATE=CONNECTED
12-31 22:33:53.528     0     0 I android_work: sent uevent USB_STATE=DISCONNECTED
12-31 22:33:53.652     0     0 I SMBLIB  : notify_usb_enumeration_function: status=1
12-31 22:33:53.672     0     0 I android_work: sent uevent USB_STATE=CONNECTED
12-31 22:33:53.675     0     0 I configfs-gadget gadget: high-speed config #1: b
12-31 22:33:53.676     0     0 I msm-dwc3 a600000.ssusb: Avail curr from USB = 500
12-31 22:33:53.676     0     0 E SMBLIB  : smblib_set_prop_sdp_current_max: set usb current_max=500000
12-31 22:33:53.676     0     0 I android_work: sent uevent USB_STATE=CONFIGURED
12-31 22:33:53.714     0     0 I binder  : 1234:1234 ioctl 40046210 7fd49141e4 returned -22
11-07 18:35:01.228  1050  1050 D Zygote32Timing: PostZygoteInitGC took to complete: 11ms
11-07 18:35:01.228  1050  1050 D Zygote32Timing: ZygoteInit took to complete: 20ms
12-31 22:33:53.720     0     0 I binder  : 1249:1249 ioctl 40046210 7fdd2fcad4 returned -22
12-31 22:33:53.734     0     0 I binder  : 1234:1234 ioctl 40046210 7fd49138b4 returned -22
12-31 22:33:53.739     0     0 I binder  : 1249:1249 ioctl 40046210 7fdd2fc1a4 returned -22
11-07 18:35:01.300  1048  1048 D Zygote64Timing: BeginPreload took to complete: 77ms
12-31 22:33:54.252     0     0 E CAM_ERR : CAM-SENSOR: cam_sensor_update_id_info: 508 Sensor Addr: 0x1010100 sensor_id: 0x13 sensor_mask: 0x0
12-31 22:33:54.255     0     0 I SMBLIB  : check_non_standard_charger_work: chk_non_std_chger,usb_enum_status
12-31 22:33:54.261     0     0 I QCOM-BATT: pl_fcc_vote_callback: total_fcc_ua=1950000
12-31 22:33:54.261     0     0 I QCOM-BATT: pl_fv_vote_callback: fv_uv=4400000
12-31 22:33:54.263     0     0 E CAM_ERR : CAM-SENSOR: cam_sensor_match_id: 732 sensor id 0x13 matched
12-31 22:33:54.264     0     0 I CAM_INFO: CAM-SENSOR: cam_sensor_match_id: 755 imx519 sensor_version: 0x10
12-31 22:33:54.277     0     0 E CAM_ERR : CAM-SENSOR: cam_sensor_match_id: 767 sensor_id: 0x519, fuse_id:85b0519777070554
12-31 22:33:54.277     0     0 I CAM_INFO: CAM-SENSOR: cam_sensor_driver_cmd: 892 Probe Succees,slot:0,slave_addr:0x34,sensor_id:0x519
12-31 22:33:54.287     0     0 E CAM_ERR : CAM-SENSOR: cam_sensor_driver_cmd: 1134 fuse_id:85b0519777070554
11-07 18:35:01.907  1048  1048 D Zygote64Timing: PreloadClasses took to complete: 607ms
11-07 18:35:01.918  1048  1048 D Zygote64Timing: CacheNonBootClasspathClassLoaders took to complete: 11ms
11-07 18:35:01.940  1048  1048 D Zygote64Timing: PreloadResources took to complete: 22ms
12-31 22:33:54.432     0     0 I pil-q6v5-mss 4080000.qcom,mss: modem: Brought out of reset
12-31 22:33:54.484     0     0 I pil-q6v5-mss 4080000.qcom,mss: Subsystem error monitoring/handling services are up
12-31 22:33:54.486     0     0 I ipa-wan ipa3_ssr_notifier_cb: 2756 ipa3_ssr_notifier_cb:2756 IPA received MPSS AFTER_POWERUP
12-31 22:33:54.486     0     0 I ipa-wan ipa3_ssr_notifier_cb: 2761 IPA AFTER_POWERUP handling is complete
12-31 22:33:54.486     0     0 I apr_tal_link_state_cb: edge[mpss] link state[0]
12-31 22:33:54.490     0     0 E ipc_router_log_msg: Modem QMI Readiness RX cmd:0x2 ADDR:0x0
12-31 22:33:54.493     0     0 I service-notifier: root_service_service_arrive: Connection established between QMI handle and 180 service
12-31 22:33:54.493     0     0 I rmt_storage: INFO:rmt_storage_open_cb: Processing: Open Request (req_h 0x1) for /boot/modem_fs1!
12-31 22:33:54.494     0     0 I sysmon-qmi: sysmon_clnt_svc_arrive: Connection established between QMI handle and modem's SSCTL service
12-31 22:33:54.494     0     0 I rmt_storage: INFO:rmt_storage_open_cb: Processing: Open Request (req_h 0x2) for /boot/modem_fs2!
12-31 22:33:54.494     0     0 I rmt_storage: INFO:rmt_storage_open_cb: Processing: Open Request (req_h 0x3) for /boot/modem_fsg!
12-31 22:33:54.495     0     0 I rmt_storage: INFO:rmt_storage_open_cb: Processing: Open Request (req_h 0x4) for /boot/modem_fsc!
12-31 22:33:54.498     0     0 E rmt_storage: INFO:oem_remote_storage_should_create_client: init a new client for path /oem/nvbk/static!
12-31 22:33:54.499     0     0 E rmt_storage: INFO:oem_remote_storage_should_create_client: init a new client for path /oem/nvbk/dynamic!
12-31 22:33:54.500     0     0 I cnss-daemon wlfw_service_request: Start the pthread: 0x0K
12-31 22:33:54.516     0     0 I cnss-daemon ro.baseband: [msm]
11-07 18:35:02.031  1048  1048 D Zygote64Timing: ZygotePreload took to complete: 808ms
11-07 18:35:02.100  1048  1048 D Zygote64Timing: PostZygoteInitGC took to complete: 69ms
11-07 18:35:02.100  1048  1048 D Zygote64Timing: ZygoteInit took to complete: 890ms
12-31 22:33:54.620     0     0 E FG      : fg_psy_get_property: unsupported property 79
12-31 22:33:54.626     0     0 E FG      : fg_psy_get_property: unsupported property 79
11-07 18:35:02.142     0     0 W healthd : battery l=100 v=4169 t=28.0 h=2 st=2 c=817000 fc=2605 chg=u
11-07 18:35:02.148     0     0 E FG      : fg_psy_get_property: unsupported property 79
11-07 18:35:02.166     0     0 E CAM_ERR : CAM-SENSOR: cam_sensor_update_id_info: 508 Sensor Addr: 0x0 sensor_id: 0x0 sensor_mask: 0x0
11-07 18:35:02.178     0     0 E CAM_ERR : CAM-SENSOR: cam_sensor_match_id: 735 sensor id register is 0x0
11-07 18:35:02.178     0     0 I CAM_INFO: CAM-SENSOR: cam_sensor_driver_cmd: 892 Probe Succees,slot:2,slave_addr:0x20,sensor_id:0x371
11-07 18:35:02.202     0     0 E IPC_RTR : msm_ipc_router_send_to: permission failure for time_daemon
11-07 18:35:02.202     0     0 E IPC_RTR : msm_ipc_router_sendmsg: Send_to failure -1
11-07 18:35:02.207     0     0 E diag    : In diag_send_feature_mask_update, control channel is not open, p: 0, 0000000000000000
11-07 18:35:02.208     0     0 E diag    : In diag_send_peripheral_buffering_mode, buffering flag not set for 0
11-07 18:35:02.266     0     0 E CAM_ERR : CAM-SENSOR: cam_sensor_update_id_info: 508 Sensor Addr: 0x1010100 sensor_id: 0x13 sensor_mask: 0x0
11-07 18:35:02.277     0     0 E ipa-wan ipa3_handle_indication_req: 154 not send indication
11-07 18:35:02.278     0     0 I         : Sending QMI_IPA_INIT_MODEM_DRIVER_REQ_V01
11-07 18:35:02.278     0     0 E CAM_ERR : CAM-SENSOR: cam_sensor_match_id: 732 sensor id 0x13 matched
11-07 18:35:02.278     0     0 I CAM_INFO: CAM-SENSOR: cam_sensor_driver_cmd: 892 Probe Succees,slot:1,slave_addr:0x20,sensor_id:0x376
11-07 18:35:02.282     0     0 E ipa3_uc_wdi_event_log_info_handler: 364 WDI stats ofst=0x47130
11-07 18:35:02.282     0     0 E ipa3_uc_ntn_event_log_info_handler: 39 NTN feature missing 0x9
11-07 18:35:02.285     0     0 I         : QMI_IPA_INIT_MODEM_DRIVER_REQ_V01 response received
11-07 18:35:02.288     0     0 I binder  : 1359:1359 ioctl 40046210 7fd8659414 returned -22
11-07 18:35:02.309  1359  1359 I SystemServerTiming: InitBeforeStartServices
11-07 18:35:02.310  1359  1359 I SystemServer: Entered the Android system server!
11-07 18:35:02.319     0     0 E IPC_RTR : process_new_server_msg: Server 00001002 create rejected, version = 0
11-07 18:35:02.401  1359  1359 I SystemServerInitThreadPool: Creating instance with 8 threads
11-07 18:35:02.408     0     0 E BQ      : bq27411_modify_soc_smooth_parameter: bq27411_modify_soc_smooth_parameter begin
11-07 18:35:02.448     0     0 E CAM_ERR : CAM-EEPROM: cam_eeprom_read_memory: 192 OIS module 0x24
11-07 18:35:02.496     0     0 I BQ      : unseal: bq27541 : i=1,bq27541_di->device_type=1
11-07 18:35:02.552     0     0 E BQ      : bq27411_enable_config_mode: bq27411_enable_config_mode success i = 1, config_mode = 0x219, enable = 1
11-07 18:35:02.576     0     0 E BQ      : bq27411_write_block_data_cmd: bq27411 write blk_id = 0x6b, addr = 0x42, old_val = 0x71, new_val = 0x11, old_csum = 0xfd, new_csum = 0x5d
11-07 18:35:02.584  1359  1359 D SystemServerTiming: InitBeforeStartServices took to complete: 275ms
11-07 18:35:02.585  1359  1359 I SystemServerTiming: StartServices
11-07 18:35:02.585  1359  1359 I SystemServerTiming: startBootstrapServices
11-07 18:35:02.585  1359  1359 I SystemServerTiming: StartWatchdog
11-07 18:35:02.589  1359  1359 D SystemServerTiming: StartWatchdog took to complete: 4ms
11-07 18:35:02.589  1359  1359 I SystemServer: Reading configuration...
11-07 18:35:02.589  1359  1359 I SystemServerTiming: ReadingSystemConfig
11-07 18:35:02.589  1359  1359 D SystemServerTiming: ReadingSystemConfig took to complete: 0ms
11-07 18:35:02.589  1359  1359 I SystemServerTiming: PlatformCompat
11-07 18:35:02.589  1359  1391 I SystemServerTimingAsync: InitThreadPoolExec:ReadingSystemConfig
11-07 18:35:02.589  1359  1391 D SystemServerInitThreadPool: Started executing ReadingSystemConfig
11-07 18:35:02.591  1359  1391 I SystemConfig: Reading permissions from /system/etc/sysconfig/hiddenapi-package-whitelist.xml
11-07 18:35:02.591  1359  1359 D CompatConfig: Found a config file: /system/etc/compatconfig/documents-ui-compat-config.xml
11-07 18:35:02.591  1359  1359 D CompatConfig: Adding: com.android.server.compat.config.Change@915944a
11-07 18:35:02.591  1359  1391 I SystemConfig: Reading permissions from /system/etc/sysconfig/qti_whitelist.xml
11-07 18:35:02.592  1359  1391 I SystemConfig: Reading permissions from /system/etc/sysconfig/preinstalled-packages-platform.xml
11-07 18:35:02.592  1359  1359 D CompatConfig: Found a config file: /system/etc/compatconfig/calendar-provider-compat-config.xml
11-07 18:35:02.592  1359  1359 D CompatConfig: Adding: com.android.server.compat.config.Change@b20ab16
11-07 18:35:02.592  1359  1359 D CompatConfig: Found a config file: /system/etc/compatconfig/icu4j-platform-compat-config.xml
11-07 18:35:02.593  1359  1391 I SystemConfig: Reading permissions from /system/etc/sysconfig/preinstalled-packages-com.android.providers.media.module.xml
11-07 18:35:02.593  1359  1359 D CompatConfig: Adding: com.android.server.compat.config.Change@c7f466d
11-07 18:35:02.593  1359  1359 D CompatConfig: Found a config file: /system/etc/compatconfig/framework-platform-compat-config.xml
11-07 18:35:02.593  1359  1391 I SystemConfig: Reading permissions from /system/etc/sysconfig/preinstalled-packages-platform-full-base.xml
11-07 18:35:02.594  1359  1391 I SystemConfig: Reading permissions from /system/etc/sysconfig/framework-sysconfig.xml
11-07 18:35:02.594  1359  1391 I SystemConfig: Reading permissions from /system/etc/sysconfig/custom-power-whitelist.xml
11-07 18:35:02.594  1359  1359 D CompatConfig: Adding: com.android.server.compat.config.Change@d5a06ee
11-07 18:35:02.594  1359  1359 D CompatConfig: Adding: com.android.server.compat.config.Change@785a78f
11-07 18:35:02.594  1359  1359 D CompatConfig: Adding: com.android.server.compat.config.Change@4901a1c
11-07 18:35:02.595  1359  1359 D CompatConfig: Adding: com.android.server.compat.config.Change@6f7d625
11-07 18:35:02.595  1359  1359 D CompatConfig: Adding: com.android.server.compat.config.Change@3bf2dab
11-07 18:35:02.595  1359  1391 I SystemConfig: Reading permissions from /system/etc/permissions/com.android.networkstack.tethering.xml
11-07 18:35:02.595  1359  1359 D CompatConfig: Adding: com.android.server.compat.config.Change@592bc08
11-07 18:35:02.595  1359  1359 D CompatConfig: Adding: com.android.server.compat.config.Change@af4afa1
11-07 18:35:02.596  1359  1391 I SystemConfig: Reading permissions from /system/etc/permissions/com.android.mediadrm.signer.xml
11-07 18:35:02.596  1359  1359 D CompatConfig: Adding: com.android.server.compat.config.Change@9c0f987
11-07 18:35:02.596  1359  1359 D CompatConfig: Adding: com.android.server.compat.config.Change@89b90b4
11-07 18:35:02.596  1359  1391 I SystemConfig: Reading permissions from /system/etc/permissions/android.hardware.biometrics.face.xml
11-07 18:35:02.596  1359  1359 D CompatConfig: Adding: com.android.server.compat.config.Change@a9eb852
11-07 18:35:02.596  1359  1359 D CompatConfig: Adding: com.android.server.compat.config.Change@329a723
11-07 18:35:02.596  1359  1359 D CompatConfig: Adding: com.android.server.compat.config.Change@8a2b1d9
11-07 18:35:02.596  1359  1391 I SystemConfig: Reading permissions from /system/etc/permissions/android.hardware.telephony.ims.xml
11-07 18:35:02.597  1359  1359 D CompatConfig: Adding: com.android.server.compat.config.Change@64c079e
11-07 18:35:02.597  1359  1359 D CompatConfig: Adding: com.android.server.compat.config.Change@ae5927f
11-07 18:35:02.597  1359  1391 I SystemConfig: Reading permissions from /system/etc/permissions/org.apache.http.legacy.xml
11-07 18:35:02.597  1359  1359 D CompatConfig: Adding: com.android.server.compat.config.Change@8839295
11-07 18:35:02.597  1359  1359 D CompatConfig: Adding: com.android.server.compat.config.Change@aecffaa
11-07 18:35:02.597  1359  1391 I SystemConfig: Reading permissions from /system/etc/permissions/privapp-permissions-qti.xml
11-07 18:35:02.598  1359  1359 D CompatConfig: Adding: com.android.server.compat.config.Change@e713738
11-07 18:35:02.598  1359  1359 D CompatConfig: Adding: com.android.server.compat.config.Change@257c311
11-07 18:35:02.598  1359  1359 D CompatConfig: Adding: com.android.server.compat.config.Change@cf36c76
11-07 18:35:02.598  1359  1359 D CompatConfig: Adding: com.android.server.compat.config.Change@7f55277
11-07 18:35:02.594     0     0 E BQ      : bq27411_write_block_data_cmd: bq27411 write blk_id = 0x40, addr = 0x42, old_val = 0xf, new_val = 0x7, old_csum = 0x1, new_csum = 0x9
11-07 18:35:02.598  1359  1359 D CompatConfig: Adding: com.android.server.compat.config.Change@19e8ee4
11-07 18:35:02.598  1359  1391 I SystemConfig: Reading permissions from /system/etc/permissions/android.software.nfc.beam.xml
11-07 18:35:02.598  1359  1359 D CompatConfig: Adding: com.android.server.compat.config.Change@421da02
11-07 18:35:02.599  1359  1359 D CompatConfig: Adding: com.android.server.compat.config.Change@2629f13
11-07 18:35:02.599  1359  1391 I SystemConfig: Reading permissions from /system/etc/permissions/android.software.sip.voip.xml
11-07 18:35:02.599  1359  1359 D CompatConfig: Adding: com.android.server.compat.config.Change@206c349
