11-07 18:35:02.599  1359  1359 D CompatConfig: Adding: com.android.server.compat.config.Change@fd7944e
11-07 18:35:02.599  1359  1391 I SystemConfig: Reading permissions from /system/etc/permissions/com.android.media.remotedisplay.xml
11-07 18:35:02.599  1359  1359 D CompatConfig: Adding: com.android.server.compat.config.Change@7dad67c
11-07 18:35:02.599  1359  1359 D CompatConfig: Adding: com.android.server.compat.config.Change@56f4b05
11-07 18:35:02.600  1359  1359 D CompatConfig: Adding: com.android.server.compat.config.Change@4ccdd8b
11-07 18:35:02.600  1359  1391 I SystemConfig: Reading permissions from /system/etc/permissions/handheld_core_hardware.xml
11-07 18:35:02.600  1359  1359 D CompatConfig: Adding: com.android.server.compat.config.Change@b3cde68
11-07 18:35:02.600  1359  1359 D CompatConfig: Adding: com.android.server.compat.config.Change@11e9281
11-07 18:35:02.600  1359  1391 I SystemConfig: Reading permissions from /system/etc/permissions/android.software.live_wallpaper.xml
11-07 18:35:02.600  1359  1359 D CompatConfig: Adding: com.android.server.compat.config.Change@529c767
11-07 18:35:02.600  1359  1359 D CompatConfig: Adding: com.android.server.compat.config.Change@e357914
11-07 18:35:02.601  1359  1391 I SystemConfig: Reading permissions from /system/etc/permissions/com.android.location.provider.xml
11-07 18:35:02.601  1359  1359 D CompatConfig: Adding: com.android.server.compat.config.Change@948c7b2
11-07 18:35:02.601  1359  1359 D CompatConfig: Adding: com.android.server.compat.config.Change@6817303
11-07 18:35:02.601  1359  1391 I SystemConfig: Reading permissions from /system/etc/permissions/com.android.future.usb.accessory.xml
11-07 18:35:02.601  1359  1359 D CompatConfig: Adding: com.android.server.compat.config.Change@c0a10b9
11-07 18:35:02.601  1359  1359 D CompatConfig: Adding: com.android.server.compat.config.Change@91e3c5f
11-07 18:35:02.601  1359  1391 I SystemConfig: Reading permissions from /system/etc/permissions/android.test.base.xml
11-07 18:35:02.602  1359  1359 D CompatConfig: Adding: com.android.server.compat.config.Change@8bed6ac
11-07 18:35:02.602  1359  1359 D CompatConfig: Adding: com.android.server.compat.config.Change@3b1ff75
11-07 18:35:02.602  1359  1391 I SystemConfig: Reading permissions from /system/etc/permissions/privapp-permissions-wfd.xml
11-07 18:35:02.602  1359  1359 D CompatConfig: Adding: com.android.server.compat.config.Change@d943f7b
11-07 18:35:02.602  1359  1359 D CompatConfig: Adding: com.android.server.compat.config.Change@798b198
11-07 18:35:02.602  1359  1391 I SystemConfig: Reading permissions from /system/etc/permissions/android.test.mock.xml
11-07 18:35:02.602  1359  1359 D CompatConfig: Adding: com.android.server.compat.config.Change@e825dd6
11-07 18:35:02.603  1359  1359 D CompatConfig: Adding: com.android.server.compat.config.Change@f9d5857
11-07 18:35:02.603  1359  1391 I SystemConfig: Reading permissions from /system/etc/permissions/privapp-permissions-platform.xml
11-07 18:35:02.603  1359  1359 D CompatConfig: Adding: com.android.server.compat.config.Change@797a82d
11-07 18:35:02.603  1359  1359 D CompatConfig: Adding: com.android.server.compat.config.Change@9e8162
11-07 18:35:02.603  1359  1359 D CompatConfig: Adding: com.android.server.compat.config.Change@2b522f3
11-07 18:35:02.603  1359  1359 D CompatConfig: Adding: com.android.server.compat.config.Change@2b81bb0
11-07 18:35:02.604  1359  1359 D CompatConfig: Adding: com.android.server.compat.config.Change@af39a29
11-07 18:35:02.604  1359  1359 D CompatConfig: Adding: com.android.server.compat.config.Change@76751ae
11-07 18:35:02.604  1359  1359 D CompatConfig: Adding: com.android.server.compat.config.Change@c74fb4f
11-07 18:35:02.604  1359  1359 D CompatConfig: Adding: com.android.server.compat.config.Change@7b42dc
11-07 18:35:02.604  1359  1359 D CompatConfig: Adding: com.android.server.compat.config.Change@502afe5
11-07 18:35:02.604  1359  1359 D CompatConfig: Adding: com.android.server.compat.config.Change@3dadaba
11-07 18:35:02.605  1359  1359 D CompatConfig: Adding: com.android.server.compat.config.Change@8affd6b
11-07 18:35:02.605  1359  1359 D CompatConfig: Adding: com.android.server.compat.config.Change@de7b0c8
11-07 18:35:02.605  1359  1391 I SystemConfig: Reading permissions from /system/etc/permissions/com.android.nfc_extras.xml
11-07 18:35:02.605  1359  1359 D CompatConfig: Adding: com.android.server.compat.config.Change@6cbe886
11-07 18:35:02.605  1359  1359 D CompatConfig: Adding: com.android.server.compat.config.Change@34f0547
11-07 18:35:02.605  1359  1391 I SystemConfig: Reading permissions from /system/etc/permissions/com.android.documentsui.xml
11-07 18:35:02.605  1359  1359 D CompatConfig: Adding: com.android.server.compat.config.Change@d5ff69d
11-07 18:35:02.605  1359  1359 D CompatConfig: Adding: com.android.server.compat.config.Change@96e0712
11-07 18:35:02.606  1359  1359 D CompatConfig: Found a config file: /system/etc/compatconfig/services-platform-compat-config.xml
11-07 18:35:02.606  1359  1391 I SystemConfig: Reading permissions from /system/etc/permissions/android.test.runner.xml
11-07 18:35:02.606  1359  1391 I SystemConfig: Reading permissions from /system/etc/permissions/javax.obex.xml
11-07 18:35:02.606  1359  1391 I SystemConfig: Reading permissions from /system/etc/permissions/com.android.networkstack.xml
11-07 18:35:02.607  1359  1359 D CompatConfig: Adding: com.android.server.compat.config.Change@731563f
11-07 18:35:02.607  1359  1391 I SystemConfig: Reading permissions from /system/etc/permissions/android.software.webview.xml
11-07 18:35:02.607  1359  1359 D CompatConfig: Adding: com.android.server.compat.config.Change@6d85c55
11-07 18:35:02.607  1359  1359 D CompatConfig: Adding: com.android.server.compat.config.Change@4ff666a
11-07 18:35:02.607  1359  1391 I SystemConfig: Reading permissions from /system/etc/permissions/platform.xml
11-07 18:35:02.607  1359  1359 D CompatConfig: Adding: com.android.server.compat.config.Change@74cdbf8
11-07 18:35:02.607  1359  1359 D CompatConfig: Adding: com.android.server.compat.config.Change@8f68d1
11-07 18:35:02.608  1359  1359 D CompatConfig: Adding: com.android.server.compat.config.Change@1a57f36
11-07 18:35:02.608  1359  1359 D CompatConfig: Adding: com.android.server.compat.config.Change@9fdce37
11-07 18:35:02.608  1359  1359 D CompatConfig: Adding: com.android.server.compat.config.Change@b6fbfa4
11-07 18:35:02.609  1359  1359 D CompatConfig: Adding: com.android.server.compat.config.Change@7d0c10d
11-07 18:35:02.609  1359  1359 D CompatConfig: Adding: com.android.server.compat.config.Change@bc258c2
11-07 18:35:02.609  1359  1359 D CompatConfig: Adding: com.android.server.compat.config.Change@d716d3
11-07 18:35:02.609  1359  1359 D CompatConfig: Adding: com.android.server.compat.config.Change@ebb3210
11-07 18:35:02.610  1359  1359 D CompatConfig: Adding: com.android.server.compat.config.Change@7556109
11-07 18:35:02.610  1359  1391 I SystemConfig: Reading permissions from /vendor/etc/permissions/com.nxp.mifare.xml
11-07 18:35:02.610  1359  1359 D CompatConfig: Adding: com.android.server.compat.config.Change@bf24d2f
11-07 18:35:02.610  1359  1359 D CompatConfig: Adding: com.android.server.compat.config.Change@b095f3c
11-07 18:35:02.610  1359  1391 I SystemConfig: Reading permissions from /vendor/etc/permissions/android.hardware.fingerprint.xml
11-07 18:35:02.610  1359  1359 D CompatConfig: Adding: com.android.server.compat.config.Change@9f63e1a
11-07 18:35:02.610  1359  1359 D CompatConfig: Adding: com.android.server.compat.config.Change@6e08d4b
11-07 18:35:02.611  1359  1391 I SystemConfig: Reading permissions from /vendor/etc/permissions/android.hardware.vulkan.compute.xml
11-07 18:35:02.611  1359  1359 D CompatConfig: Adding: com.android.server.compat.config.Change@a6b2841
11-07 18:35:02.611  1359  1359 D CompatConfig: Adding: com.android.server.compat.config.Change@92a21e6
11-07 18:35:02.611  1359  1391 I SystemConfig: Reading permissions from /vendor/etc/permissions/android.hardware.vulkan.version.xml
11-07 18:35:02.611  1359  1359 D CompatConfig: Adding: com.android.server.compat.config.Change@e1459d4
11-07 18:35:02.611  1359  1359 D CompatConfig: Adding: com.android.server.compat.config.Change@1077d
11-07 18:35:02.611  1359  1391 I SystemConfig: Reading permissions from /vendor/etc/permissions/android.hardware.telephony.gsm.xml
11-07 18:35:02.611  1359  1359 D CompatConfig: Adding: com.android.server.compat.config.Change@9e35ac3
11-07 18:35:02.612  1359  1391 I SystemConfig: Reading permissions from /vendor/etc/permissions/android.hardware.camera.flash-autofocus.xml
11-07 18:35:02.612  1359  1359 D CompatConfig: Adding: com.android.server.compat.config.Change@c1b9e79
11-07 18:35:02.612  1359  1359 D CompatConfig: Adding: com.android.server.compat.config.Change@ca187be
11-07 18:35:02.612  1359  1359 D CompatConfig: Adding: com.android.server.compat.config.Change@10f6c
11-07 18:35:02.612  1359  1391 I SystemConfig: Reading permissions from /vendor/etc/permissions/android.hardware.sensor.proximity.xml
11-07 18:35:02.612  1359  1359 D CompatConfig: Adding: com.android.server.compat.config.Change@caea935
11-07 18:35:02.612  1359  1391 I SystemConfig: Reading permissions from /vendor/etc/permissions/android.hardware.vulkan.level.xml
11-07 18:35:02.612  1359  1359 D CompatConfig: Adding: com.android.server.compat.config.Change@6d35f3b
11-07 18:35:02.613  1359  1359 D CompatConfig: Adding: com.android.server.compat.config.Change@1a5b658
11-07 18:35:02.613  1359  1391 I SystemConfig: Reading permissions from /vendor/etc/permissions/android.hardware.audio.pro.xml
11-07 18:35:02.613  1359  1359 D CompatConfig: Adding: com.android.server.compat.config.Change@434d096
11-07 18:35:02.613  1359  1359 D CompatConfig: Adding: com.android.server.compat.config.Change@c0eb417
11-07 18:35:02.613  1359  1391 I SystemConfig: Reading permissions from /vendor/etc/permissions/android.hardware.sensor.light.xml
11-07 18:35:02.613  1359  1359 D CompatConfig: Adding: com.android.server.compat.config.Change@2c7c9ed
11-07 18:35:02.613  1359  1391 I SystemConfig: Reading permissions from /vendor/etc/permissions/android.software.ipsec_tunnels.xml
11-07 18:35:02.613  1359  1359 D CompatConfig: Adding: com.android.server.compat.config.Change@9407ab3
11-07 18:35:02.614  1359  1359 D CompatConfig: Adding: com.android.server.compat.config.Change@f48f870
11-07 18:35:02.614  1359  1391 I SystemConfig: Reading permissions from /vendor/etc/permissions/android.hardware.wifi.direct.xml
11-07 18:35:02.614  1359  1359 D CompatConfig: Adding: com.android.server.compat.config.Change@51d5c6e
11-07 18:35:02.614  1359  1391 I SystemConfig: Reading permissions from /vendor/etc/permissions/android.hardware.opengles.aep.xml
11-07 18:35:02.614  1359  1359 D CompatConfig: Adding: com.android.server.compat.config.Change@1d2b9c
11-07 18:35:02.614  1359  1359 D CompatConfig: Adding: com.android.server.compat.config.Change@65d49a5
11-07 18:35:02.614  1359  1391 I SystemConfig: Reading permissions from /vendor/etc/permissions/android.hardware.camera.raw.xml
11-07 18:35:02.615  1359  1359 D CompatConfig: Adding: com.android.server.compat.config.Change@2d68d2b
11-07 18:35:02.615  1359  1391 I SystemConfig: Reading permissions from /vendor/etc/permissions/android.hardware.sensor.compass.xml
11-07 18:35:02.615  1359  1359 D CompatConfig: Adding: com.android.server.compat.config.Change@9fddb21
11-07 18:35:02.615  1359  1359 D CompatConfig: Adding: com.android.server.compat.config.Change@6608b46
11-07 18:35:02.615  1359  1391 I SystemConfig: Reading permissions from /vendor/etc/permissions/android.software.sip.voip.xml
11-07 18:35:02.615  1359  1359 D CompatConfig: Adding: com.android.server.compat.config.Change@3895234
11-07 18:35:02.615  1359  1359 D CompatConfig: Adding: com.android.server.compat.config.Change@bc085d
11-07 18:35:02.615  1359  1391 I SystemConfig: Reading permissions from /vendor/etc/permissions/android.hardware.location.gps.xml
11-07 18:35:02.616  1359  1359 D CompatConfig: Adding: com.android.server.compat.config.Change@2dd76a3
11-07 18:35:02.616  1359  1359 D CompatConfig: Adding: com.android.server.compat.config.Change@7835da0
11-07 18:35:02.616  1359  1391 I SystemConfig: Reading permissions from /vendor/etc/permissions/android.hardware.sensor.stepcounter.xml
11-07 18:35:02.616  1359  1359 D CompatConfig: Adding: com.android.server.compat.config.Change@e4fbd1e
11-07 18:35:02.616  1359  1359 D CompatConfig: Adding: com.android.server.compat.config.Change@6c6d9ff
11-07 18:35:02.616  1359  1391 I SystemConfig: Reading permissions from /vendor/etc/permissions/com.android.nfc_extras.xml
11-07 18:35:02.616  1359  1359 D CompatConfig: Adding: com.android.server.compat.config.Change@bece615
11-07 18:35:02.617  1359  1391 I SystemConfig: Reading permissions from /vendor/etc/permissions/android.hardware.sensor.gyroscope.xml
11-07 18:35:02.617  1359  1359 D CompatConfig: Adding: com.android.server.compat.config.Change@db9171b
11-07 18:35:02.617  1359  1359 D CompatConfig: Adding: com.android.server.compat.config.Change@6bb40b8
11-07 18:35:02.617  1359  1391 I SystemConfig: Reading permissions from /vendor/etc/permissions/android.hardware.bluetooth_le.xml
11-07 18:35:02.617  1359  1359 D CompatConfig: Adding: com.android.server.compat.config.Change@851f6
11-07 18:35:02.617  1359  1391 I SystemConfig: Reading permissions from /vendor/etc/permissions/android.hardware.usb.host.xml
11-07 18:35:02.617  1359  1359 D CompatConfig: Adding: com.android.server.compat.config.Change@23fb064
11-07 18:35:02.618  1359  1391 I SystemConfig: Reading permissions from /vendor/etc/permissions/handheld_core_hardware.xml
11-07 18:35:02.618  1359  1359 D CompatConfig: Adding: com.android.server.compat.config.Change@75f9782
11-07 18:35:02.618  1359  1359 D CompatConfig: Adding: com.android.server.compat.config.Change@4694e93
11-07 18:35:02.618  1359  1391 I SystemConfig: Reading permissions from /vendor/etc/permissions/android.hardware.bluetooth.xml
11-07 18:35:02.618  1359  1391 I SystemConfig: Reading permissions from /vendor/etc/permissions/android.hardware.touchscreen.multitouch.jazzhand.xml
11-07 18:35:02.619  1359  1359 D CompatConfig: Found a config file: /system/system_ext/etc/compatconfig/settings-platform-compat-config.xml
11-07 18:35:02.619  1359  1391 I SystemConfig: Reading permissions from /vendor/etc/permissions/android.hardware.nfc.hce.xml
11-07 18:35:02.619  1359  1359 D CompatConfig: Adding: com.android.server.compat.config.Change@44ea7fc
11-07 18:35:02.619  1359  1391 I SystemConfig: Reading permissions from /vendor/etc/permissions/vendor.lineage.biometrics.fingerprint.inscreen.xml
11-07 18:35:02.620  1359  1391 I SystemConfig: Reading permissions from /vendor/etc/permissions/android.hardware.camera.front.xml
11-07 18:35:02.620  1359  1359 I ApexManagerTiming: getActiveApexInfos_noCache
11-07 18:35:02.620  1359  1391 I SystemConfig: Reading permissions from /vendor/etc/permissions/android.hardware.audio.low_latency.xml
11-07 18:35:02.620  1359  1391 I SystemConfig: Reading permissions from /vendor/etc/permissions/vendor-qti-hardware-sensorscalibrate.xml
11-07 18:35:02.621  1359  1391 I SystemConfig: Reading permissions from /vendor/etc/permissions/android.hardware.telephony.cdma.xml
11-07 18:35:02.621  1359  1391 I SystemConfig: Reading permissions from /vendor/etc/permissions/android.hardware.sensor.stepdetector.xml
11-07 18:35:02.621  1359  1391 I SystemConfig: Reading permissions from /vendor/etc/permissions/android.software.midi.xml
11-07 18:35:02.622  1359  1391 I SystemConfig: Reading permissions from /vendor/etc/permissions/android.hardware.sensor.accelerometer.xml
11-07 18:35:02.622  1359  1391 I SystemConfig: Reading permissions from /vendor/etc/permissions/android.hardware.usb.accessory.xml
11-07 18:35:02.622  1359  1391 I SystemConfig: Reading permissions from /vendor/etc/permissions/android.hardware.nfc.xml
11-07 18:35:02.623  1359  1391 I SystemConfig: Reading permissions from /vendor/etc/permissions/android.hardware.sensor.hifi_sensors.xml
11-07 18:35:02.623  1359  1359 D ApexManagerTiming: getActiveApexInfos_noCache took to complete: 3ms
11-07 18:35:02.623  1359  1391 I SystemConfig: Reading permissions from /vendor/etc/permissions/android.hardware.wifi.xml
11-07 18:35:02.623  1359  1359 D CompatConfig: No directory /apex/com.android.cellbroadcast/etc/compatconfig, skipping
11-07 18:35:02.623  1359  1359 D CompatConfig: No directory /apex/com.android.vndk.v31/etc/compatconfig, skipping
11-07 18:35:02.623  1359  1359 D CompatConfig: No directory /apex/com.android.scheduling/etc/compatconfig, skipping
11-07 18:35:02.623  1359  1359 D CompatConfig: No directory /apex/com.android.tethering/etc/compatconfig, skipping
11-07 18:35:02.623  1359  1359 D CompatConfig: No directory /apex/com.android.permission/etc/compatconfig, skipping
11-07 18:35:02.623  1359  1359 D CompatConfig: No directory /apex/com.android.ipsec/etc/compatconfig, skipping
11-07 18:35:02.623  1359  1391 I SystemConfig: Reading permissions from /vendor/etc/permissions/android.hardware.camera.full.xml
11-07 18:35:02.623  1359  1359 D CompatConfig: No directory /apex/com.android.adbd/etc/compatconfig, skipping
11-07 18:35:02.623  1359  1359 D CompatConfig: No directory /apex/com.android.i18n/etc/compatconfig, skipping
11-07 18:35:02.623  1359  1359 D CompatConfig: No directory /apex/com.android.runtime/etc/compatconfig, skipping
11-07 18:35:02.623  1359  1359 D CompatConfig: No directory /apex/com.android.resolv/etc/compatconfig, skipping
11-07 18:35:02.624  1359  1359 D CompatConfig: Found a config file: /apex/com.android.mediaprovider/etc/compatconfig/media-provider-platform-compat-config.xml
11-07 18:35:02.624  1359  1391 I SystemConfig: Reading permissions from /product/etc/sysconfig/preinstalled-packages-platform-overlays.xml
11-07 18:35:02.624  1359  1359 D CompatConfig: Adding: com.android.server.compat.config.Change@6a05cc7
11-07 18:35:02.625  1359  1359 D CompatConfig: Adding: com.android.server.compat.config.Change@77652f4
11-07 18:35:02.625  1359  1391 I SystemConfig: Reading permissions from /product/etc/sysconfig/preinstalled-packages-platform-handheld-product.xml
11-07 18:35:02.625  1359  1359 D CompatConfig: Adding: com.android.server.compat.config.Change@7b2e492
11-07 18:35:02.625  1359  1359 D CompatConfig: Adding: com.android.server.compat.config.Change@3bbfe63
11-07 18:35:02.626  1359  1359 D CompatConfig: Adding: com.android.server.compat.config.Change@3a4fb19
11-07 18:35:02.626  1359  1391 I SystemConfig: Reading permissions from /product/etc/permissions/privapp-permissions-hotword.xml
11-07 18:35:02.626  1359  1359 D CompatConfig: Adding: com.android.server.compat.config.Change@16b7de
11-07 18:35:02.626  1359  1359 D CompatConfig: Adding: com.android.server.compat.config.Change@9661dbf
11-07 18:35:02.626  1359  1391 I SystemConfig: Reading permissions from /product/etc/permissions/com.android.imsserviceentitlement.xml
11-07 18:35:02.626  1359  1359 D CompatConfig: No directory /apex/com.android.conscrypt/etc/compatconfig, skipping
11-07 18:35:02.626  1359  1359 D CompatConfig: No directory /apex/com.android.tzdata/etc/compatconfig, skipping
11-07 18:35:02.626  1359  1391 I SystemConfig: Reading permissions from /product/etc/permissions/com.android.settings.intelligence.xml
11-07 18:35:02.627  1359  1359 D CompatConfig: Found a config file: /apex/com.android.art/etc/compatconfig/libcore-platform-compat-config.xml
11-07 18:35:02.627  1359  1391 I SystemConfig: Reading permissions from /product/etc/permissions/com.android.contacts.xml
11-07 18:35:02.627  1359  1359 D CompatConfig: Adding: com.android.server.compat.config.Change@d7c6578
11-07 18:35:02.627  1359  1391 I SystemConfig: Reading permissions from /product/etc/permissions/ims_ext_common.xml
11-07 18:35:02.627  1359  1359 D CompatConfig: Adding: com.android.server.compat.config.Change@6dbe4b6
11-07 18:35:02.628  1359  1391 I SystemConfig: Reading permissions from /product/etc/permissions/com.android.dialer.xml
11-07 18:35:02.628  1359  1359 D CompatConfig: Adding: com.android.server.compat.config.Change@2ce6124
11-07 18:35:02.628  1359  1359 D CompatConfig: Adding: com.android.server.compat.config.Change@950848d
11-07 18:35:02.628  1359  1391 W SystemConfig: No directory /system_ext/etc/sysconfig, skipping
11-07 18:35:02.628  1359  1359 D CompatConfig: Adding: com.android.server.compat.config.Change@1b99642
11-07 18:35:02.628  1359  1391 I SystemConfig: Reading permissions from /system_ext/etc/permissions/telephonyservice.xml
11-07 18:35:02.628  1359  1359 D CompatConfig: No directory /apex/com.android.media/etc/compatconfig, skipping
11-07 18:35:02.629  1359  1359 D CompatConfig: No directory /apex/com.android.extservices/etc/compatconfig, skipping
11-07 18:35:02.629  1359  1359 D CompatConfig: No directory /apex/com.android.appsearch/etc/compatconfig, skipping
11-07 18:35:02.629  1359  1359 D CompatConfig: No directory /apex/com.android.media.swcodec/etc/compatconfig, skipping
11-07 18:35:02.629  1359  1359 D CompatConfig: No directory /apex/com.android.os.statsd/etc/compatconfig, skipping
11-07 18:35:02.629  1359  1359 D CompatConfig: No directory /apex/com.android.sdkext/etc/compatconfig, skipping
11-07 18:35:02.629  1359  1359 D CompatConfig: No directory /apex/com.android.wifi/etc/compatconfig, skipping
11-07 18:35:02.629  1359  1359 D CompatConfig: No directory /apex/com.android.neuralnetworks/etc/compatconfig, skipping
11-07 18:35:02.629  1359  1359 D CompatConfig: No directory /apex/com.android.apex.cts.shim/etc/compatconfig, skipping
11-07 18:35:02.629  1359  1391 I SystemConfig: Reading permissions from /system_ext/etc/permissions/com.qti.dpmframework.xml
11-07 18:35:02.629  1359  1391 I SystemConfig: Reading permissions from /system_ext/etc/permissions/com.android.systemui.xml
11-07 18:35:02.630  1359  1391 I SystemConfig: Reading permissions from /system_ext/etc/permissions/qti_telephony_utils.xml
11-07 18:35:02.630  1359  1391 I SystemConfig: Reading permissions from /system_ext/etc/permissions/com.android.emergency.xml
11-07 18:35:02.630  1359  1359 D SystemServerTiming: PlatformCompat took to complete: 42ms
11-07 18:35:02.630  1359  1359 I SystemServerTiming: StartFileIntegrityService
11-07 18:35:02.630  1359  1359 I SystemServiceManager: Starting com.android.server.security.FileIntegrityService
11-07 18:35:02.631  1359  1391 I SystemConfig: Reading permissions from /system_ext/etc/permissions/com.qualcomm.qti.imscmservice-V2.1-java.xml
11-07 18:35:02.632  1359  1391 I SystemConfig: Reading permissions from /system_ext/etc/permissions/com.qualcomm.qti.imscmservice-V2.0-java.xml
11-07 18:35:02.632  1359  1391 I SystemConfig: Reading permissions from /system_ext/etc/permissions/com.android.carrierconfig.xml
11-07 18:35:02.632  1359  1391 I SystemConfig: Reading permissions from /system_ext/etc/permissions/com.qualcomm.qti.imscmservice-V2.2-java.xml
11-07 18:35:02.633  1359  1391 I SystemConfig: Reading permissions from /system_ext/etc/permissions/com.android.launcher3.xml
11-07 18:35:02.633  1359  1391 I SystemConfig: Reading permissions from /system_ext/etc/permissions/privapp-permissions-ims.xml
11-07 18:35:02.633  1359  1391 I SystemConfig: Reading permissions from /system_ext/etc/permissions/qti_telephony_hidl_wrapper.xml
11-07 18:35:02.634  1359  1391 I SystemConfig: Reading permissions from /system_ext/etc/permissions/com.android.hotwordenrollment.common.util.xml
11-07 18:35:02.634  1359  1391 I SystemConfig: Reading permissions from /system_ext/etc/permissions/privapp_whitelist_com.android.wallpaper.xml
11-07 18:35:02.635  1359  1391 I SystemConfig: Reading permissions from /system_ext/etc/permissions/com.nxp.nfc.xml
11-07 18:35:02.635  1359  1391 I SystemConfig: Reading permissions from /system_ext/etc/permissions/telephony_system-ext_privapp-permissions-qti.xml
11-07 18:35:02.635  1359  1359 D SystemServerTiming: StartFileIntegrityService took to complete: 5ms
11-07 18:35:02.635  1359  1359 I SystemServerTiming: StartInstaller
11-07 18:35:02.635  1359  1359 I SystemServiceManager: Starting com.android.server.pm.Installer
11-07 18:35:02.635  1359  1391 I SystemConfig: Reading permissions from /system_ext/etc/permissions/com.android.settings.xml
11-07 18:35:02.636  1359  1391 I SystemConfig: Reading permissions from /system_ext/etc/permissions/qcrilhook.xml
11-07 18:35:02.637  1359  1391 I SystemConfig: Reading permissions from /system_ext/etc/permissions/dpmapi.xml
11-07 18:35:02.637  1359  1359 D SystemServerTiming: StartInstaller took to complete: 1ms
11-07 18:35:02.637  1359  1359 I SystemServerTiming: DeviceIdentifiersPolicyService
11-07 18:35:02.637  1359  1359 I SystemServiceManager: Starting com.android.server.os.DeviceIdentifiersPolicyService
11-07 18:35:02.637  1359  1391 I SystemConfig: Reading permissions from /system_ext/etc/permissions/com.android.storagemanager.xml
11-07 18:35:02.638  1359  1359 D SystemServerTiming: DeviceIdentifiersPolicyService took to complete: 1ms
11-07 18:35:02.638  1359  1359 I SystemServerTiming: UriGrantsManagerService
11-07 18:35:02.638  1359  1359 I SystemServiceManager: Starting com.android.server.uri.UriGrantsManagerService$Lifecycle
11-07 18:35:02.638  1359  1391 I SystemConfig: Reading permissions from /system_ext/etc/permissions/com.android.provision.xml
11-07 18:35:02.638  1359  1359 D SystemServerTiming: UriGrantsManagerService took to complete: 1ms
11-07 18:35:02.638  1359  1359 I SystemServerTiming: StartPowerStatsService
11-07 18:35:02.638  1359  1359 I SystemServiceManager: Starting com.android.server.powerstats.PowerStatsService
11-07 18:35:02.639  1359  1391 I SystemConfig: Reading permissions from /apex/com.android.ipsec/etc/permissions/android.net.ipsec.ike.xml
11-07 18:35:02.640  1359  1359 D SystemServerTiming: StartPowerStatsService took to complete: 2ms
11-07 18:35:02.640  1359  1359 I SystemServerTiming: StartIStatsService
11-07 18:35:02.641  1359  1391 D SystemConfig: readAllPermissions took to complete: 51ms
11-07 18:35:02.641  1359  1391 D SystemServerInitThreadPool: Finished executing ReadingSystemConfig
11-07 18:35:02.641  1359  1391 D SystemServerTimingAsync: InitThreadPoolExec:ReadingSystemConfig took to complete: 51ms
11-07 18:35:02.641  1359  1359 D SystemServerTiming: StartIStatsService took to complete: 1ms
11-07 18:35:02.641  1359  1359 I SystemServerTiming: MemtrackProxyService
11-07 18:35:02.640     0     0 I binder  : 1359:1359 ioctl 40046210 7fd8658af4 returned -22
11-07 18:35:02.643  1359  1359 D SystemServerTiming: MemtrackProxyService took to complete: 1ms
11-07 18:35:02.643  1359  1359 I SystemServerTiming: StartActivityManager
11-07 18:35:02.643  1359  1359 I SystemServiceManager: Starting com.android.server.wm.ActivityTaskManagerService$Lifecycle
11-07 18:35:02.647  1359  1359 I SystemServiceManager: Starting com.android.server.am.ActivityManagerService$Lifecycle
11-07 18:35:02.652  1359  1359 I ActivityManager: Memory class: 16
11-07 18:35:02.653  1359  1394 I Binder  : Setting heavy hitter watcher config: false, 0, 0.0
11-07 18:35:02.671  1359  1359 D BatteryStatsImpl: Reading daily items from /data/system/batterystats-daily.xml
11-07 18:35:02.677  1359  1400 I KernelCpuUidFreqTimeReader: mPerClusterTimesAvailable=false
11-07 18:35:02.679  1359  1400 W KernelCpuUidFreqTimeBpfMapReader: Failed to start tracking
11-07 18:35:02.679  1359  1400 W KernelCpuUidActiveTimeBpfMapReader: Failed to start tracking
11-07 18:35:02.680  1359  1400 W KernelCpuUidClusterTimeBpfMapReader: Failed to start tracking
11-07 18:35:02.737  1359  1359 I IntentFirewall: Read new rules (A:0 B:0 S:0)
11-07 18:35:02.741  1359  1359 D AppOps  : AppOpsService published
11-07 18:35:02.741  1359  1359 D SystemServerTiming: StartActivityManager took to complete: 99ms
11-07 18:35:02.741  1359  1359 I SystemServerTiming: StartDataLoaderManagerService
11-07 18:35:02.741  1359  1359 I SystemServiceManager: Starting com.android.server.pm.DataLoaderManagerService
11-07 18:35:02.742  1359  1359 D SystemServerTiming: StartDataLoaderManagerService took to complete: 0ms
11-07 18:35:02.742  1359  1359 I SystemServerTiming: StartIncrementalService
11-07 18:35:02.742  1359  1359 D SystemServerTiming: StartIncrementalService took to complete: 0ms
11-07 18:35:02.742  1359  1359 I SystemServerTiming: StartPowerManager
11-07 18:35:02.742  1359  1359 I SystemServiceManager: Starting com.android.server.power.PowerManagerService
11-07 18:35:02.754     0     0 E init    : Control message: Could not find 'aidl/SurfaceFlinger' for ctl.interface_start from pid: 582 (/system/bin/servicemanager)
11-07 18:35:02.748  1359  1359 D SystemServerTiming: StartPowerManager took to complete: 6ms
11-07 18:35:02.748  1359  1359 I SystemServerTiming: StartThermalManager
11-07 18:35:02.748  1359  1359 I SystemServiceManager: Starting com.android.server.power.ThermalManagerService
11-07 18:35:02.748  1359  1359 D SystemServerTiming: StartThermalManager took to complete: 0ms
11-07 18:35:02.748  1359  1359 I SystemServerTiming: StartHintManager
11-07 18:35:02.748  1359  1359 I SystemServiceManager: Starting com.android.server.power.hint.HintManagerService
11-07 18:35:02.748  1359  1359 D SystemServerTiming: StartHintManager took to complete: 1ms
11-07 18:35:02.749  1359  1359 I SystemServerTiming: InitPowerManagement
11-07 18:35:02.749  1359  1359 D SystemServerTiming: InitPowerManagement took to complete: 1ms
11-07 18:35:02.749  1359  1359 I SystemServerTiming: StartRecoverySystemService
11-07 18:35:02.749  1359  1359 I SystemServiceManager: Starting com.android.server.recoverysystem.RecoverySystemService$Lifecycle
11-07 18:35:02.750  1359  1359 D SystemServerTiming: StartRecoverySystemService took to complete: 0ms
11-07 18:35:02.750  1359  1359 I PackageWatchdog: Syncing state, reason: added new observer
11-07 18:35:02.750  1359  1359 I PackageWatchdog: Not pruning observers, elapsed time: 0ms
11-07 18:35:02.750  1359  1359 I PackageWatchdog: Cancelling state sync, nothing to sync
11-07 18:35:02.750  1359  1393 I PackageWatchdog: Saving observer state to file
11-07 18:35:02.750  1359  1359 I SystemServerTiming: StartLightsService
11-07 18:35:02.750  1359  1359 I SystemServiceManager: Starting com.android.server.lights.LightsService
11-07 18:35:02.752  1359  1359 D SystemServerTiming: StartLightsService took to complete: 1ms
11-07 18:35:02.752  1359  1359 I SystemServerTiming: StartSidekickService
11-07 18:35:02.752  1359  1359 D SystemServerTiming: StartSidekickService took to complete: 0ms
11-07 18:35:02.752  1359  1359 I SystemServerTiming: StartDisplayManager
11-07 18:35:02.752  1359  1359 I SystemServiceManager: Starting com.android.server.display.DisplayManagerService
11-07 18:35:02.868     0     0 I pil-q6v5-mss 4080000.qcom,mss: modem: Power/Clock ready interrupt received
11-07 18:35:02.873     0     0 I binder  : 1102:1241 ioctl 40046210 72f46e8224 returned -22
11-07 18:35:02.937     0     0 I init    : processing action (persist.vendor.net.doxlat=false) from (/system/etc/init/vendor-464xlat.rc:14)
11-07 18:35:03.066     0     0 I init    : processing action (persist.vendor.net.doxlat=false) from (/system/etc/init/vendor-464xlat.rc:14)
11-07 18:35:03.132     0     0 E init    : Unable to set property 'ro.vendor.ril.svlte1x' from uid:1001 gid:1001 pid:1234: Read-only property was already set
11-07 18:35:03.132     0     0 E init    : Unable to set property 'ro.vendor.ril.svdo' from uid:1001 gid:1001 pid:1234: Read-only property was already set
11-07 18:35:03.141     0     0 E init    : Unable to set property 'ro.ril.supportLTE' from uid:1001 gid:1001 pid:1234: Read-only property was already set
11-07 18:35:03.149     0     0 E BQ      : bq27411_enable_config_mode: bq27411_enable_config_mode success i = 19, config_mode = 0x209, enable = 0
11-07 18:35:03.162     0     0 E BQ      : bq27411_modify_soc_smooth_parameter: bq27411_modify_soc_smooth_parameter end
11-07 18:35:03.395     0     0 E ip_local_port_range: prefer different parity for start/end values.
11-07 18:35:03.739     0     0 E ipa3_assign_policy: 2909 get close-by 8192
11-07 18:35:03.739     0     0 E ipa3_assign_policy: 2915 set rx_buff_sz 7680
11-07 18:35:03.739     0     0 E ipa3_assign_policy: 2937 set aggr_limit 6
11-07 18:35:03.755     0     0 E init    : Control message: Could not find 'aidl/SurfaceFlinger' for ctl.interface_start from pid: 582 (/system/bin/servicemanager)
11-07 18:35:03.762     0     0 E ipa-wan ipa3_wwan_ioctl: 1722 dev(rmnet_data0) register to IPA
11-07 18:35:03.846     0     0 E ipa-wan ipa3_wwan_ioctl: 1722 dev(rmnet_data1) register to IPA
11-07 18:35:03.916     0     0 E ipa-wan ipa3_wwan_ioctl: 1722 dev(rmnet_data2) register to IPA
11-07 18:35:03.986     0     0 E ipa-wan ipa3_wwan_ioctl: 1722 dev(rmnet_data3) register to IPA
11-07 18:35:04.063     0     0 E ipa-wan ipa3_wwan_ioctl: 1722 dev(rmnet_data4) register to IPA
11-07 18:35:04.134     0     0 E ipa-wan ipa3_wwan_ioctl: 1722 dev(rmnet_data5) register to IPA
11-07 18:35:04.206     0     0 E ipa-wan ipa3_wwan_ioctl: 1722 dev(rmnet_data6) register to IPA
11-07 18:35:04.284     0     0 E ipa-wan ipa3_wwan_ioctl: 1722 dev(rmnet_data7) register to IPA
11-07 18:35:04.328     0     0 I         : synap rmidev_create_attr
11-07 18:35:04.367     0     0 E ipa-wan ipa3_wwan_ioctl: 1722 dev(rmnet_data8) register to IPA
11-07 18:35:04.455     0     0 E ipa-wan ipa3_wwan_ioctl: 1722 dev(rmnet_data9) register to IPA
11-07 18:35:04.533     0     0 E ipa-wan ipa3_wwan_ioctl: 1722 dev(rmnet_data10) register to IPA
11-07 18:35:04.755     0     0 E init    : Control message: Could not find 'aidl/SurfaceFlinger' for ctl.interface_start from pid: 582 (/system/bin/servicemanager)
11-07 18:35:04.851     0     0 I init    : starting service 'vendor.audio-hal'...
11-07 18:35:04.851     0     0 I init    : Created socket '/dev/socket/audio_hw_socket', mode 666, user 1000, group 1000
11-07 18:35:04.861     0     0 I binder  : 1761:1761 ioctl 40046210 ffa5eb78 returned -22
11-07 18:35:04.861     0     0 I binder  : 1761:1761 ioctl 40046210 ffa5eb60 returned -22
11-07 18:35:04.877     0     0 I headset_imp_feature_get: get success!
11-07 18:35:04.891     0     0 I binder  : 1766:1766 ioctl 40046210 7ff3ae3c74 returned -22
11-07 18:35:04.892     0     0 I binder  : 1766:1766 ioctl 40046210 7ff3ae3c54 returned -22
11-07 18:35:04.901     0     0 I binder  : 1767:1767 ioctl 40046210 7ffdff5a64 returned -22
11-07 18:35:04.911  1766  1766 F libc    : Fatal signal 11 (SIGSEGV), code 1 (SEGV_MAPERR), fault addr 0x0 in tid 1766 (android.hardwar), pid 1766 (android.hardwar)
11-07 18:35:04.958  1775  1775 F DEBUG   : *** *** *** *** *** *** *** *** *** *** *** *** *** *** *** ***
11-07 18:35:04.958  1775  1775 F DEBUG   : Build fingerprint: 'OnePlus/OnePlus6T/OnePlus6T:9/PKQ1.180716.001/1812260627:user/release-keys'
11-07 18:35:04.958  1775  1775 F DEBUG   : Revision: '0'
11-07 18:35:04.958  1775  1775 F DEBUG   : ABI: 'arm64'
11-07 18:35:04.958  1775  1775 F DEBUG   : Timestamp: 2021-11-07 18:35:04.926276821+0100
11-07 18:35:04.958  1775  1775 F DEBUG   : Process uptime: 0s
11-07 18:35:04.958  1775  1775 F DEBUG   : Cmdline: /vendor/bin/hw/android.hardware.graphics.composer@2.3-service
11-07 18:35:04.958  1775  1775 F DEBUG   : pid: 1766, tid: 1766, name: android.hardwar  >>> /vendor/bin/hw/android.hardware.graphics.composer@2.3-service <<<
11-07 18:35:04.958  1775  1775 F DEBUG   : uid: 1000
11-07 18:35:04.958  1775  1775 F DEBUG   : signal 11 (SIGSEGV), code 1 (SEGV_MAPERR), fault addr 0x0
11-07 18:35:04.958  1775  1775 F DEBUG   : Cause: null pointer dereference
11-07 18:35:04.958  1775  1775 F DEBUG   :     x0  0000000000000000  x1  00000073d5873da0  x2  0000000000000200  x3  000000006f732e6d
11-07 18:35:04.958  1775  1775 F DEBUG   :     x4  00000074df3dd060  x5  0000007ff3ae2605  x6  726465647362696c  x7  6f732e6d72646564
11-07 18:35:04.958  1775  1775 F DEBUG   :     x8  0000000000000000  x9  00000072409a5000  x10 3f86666618964020  x11 0000000000000000
11-07 18:35:04.958  1775  1775 F DEBUG   :     x12 000000000000000c  x13 646e756f6620746f  x14 0000007ff3ae2839  x15 ffffffffffffffff
11-07 18:35:04.958  1775  1775 F DEBUG   :     x16 00000072409f9ec0  x17 00000072409e1614  x18 00000074df5ce000  x19 00000073d5873da0
11-07 18:35:04.958  1775  1775 F DEBUG   :     x20 00000074df25e010  x21 0000007ff3ae3990  x22 0000007ff3ae3a08  x23 0000007ff3ae39f0
11-07 18:35:04.958  1775  1775 F DEBUG   :     x24 0000000001001008  x25 00000074df25e010  x26 00000072409fb3a8  x27 0000000000000000
11-07 18:35:04.958  1775  1775 F DEBUG   :     x28 0000000000000000  x29 0000007ff3ae3a60
11-07 18:35:04.958  1775  1775 F DEBUG   :     lr  00000072409e0f54  sp  0000007ff3ae3970  pc  00000072409e16a4  pst 0000000060000000
11-07 18:35:04.958  1775  1775 F DEBUG   : backtrace:
11-07 18:35:04.958  1775  1775 F DEBUG   :       #00 pc 00000000000616a4  /vendor/lib64/libsdmcore.so (sdm::HWInfoDRM::GetSystemInfo(sdm::HWResourceInfo*)+144) (BuildId: 1429da2638acf75c1e58262864e1bfd2)
11-07 18:35:04.958  1775  1775 F DEBUG   :       #01 pc 0000000000060f50  /vendor/lib64/libsdmcore.so (sdm::HWInfoDRM::GetHWResourceInfo(sdm::HWResourceInfo*)+444) (BuildId: 1429da2638acf75c1e58262864e1bfd2)
11-07 18:35:04.958  1775  1775 F DEBUG   :       #02 pc 0000000000031b68  /vendor/lib64/libsdmcore.so (sdm::CoreImpl::Init()+292) (BuildId: 1429da2638acf75c1e58262864e1bfd2)
11-07 18:35:04.958  1775  1775 F DEBUG   :       #03 pc 0000000000031160  /vendor/lib64/libsdmcore.so (sdm::CoreInterface::CreateCore(sdm::BufferAllocator*, sdm::BufferSyncHandler*, sdm::SocketHandler*, sdm::CoreInterface**, unsigned int)+276) (BuildId: 1429da2638acf75c1e58262864e1bfd2)
11-07 18:35:04.958  1775  1775 F DEBUG   :       #04 pc 000000000002227c  /vendor/lib64/hw/hwcomposer.sdm845.so (sdm::HWCSession::InitSupportedDisplaySlots()+68) (BuildId: d29ab2e124ef317f6ad55b0a12865f49)
11-07 18:35:04.958  1775  1775 F DEBUG   :       #05 pc 000000000002216c  /vendor/lib64/hw/hwcomposer.sdm845.so (sdm::HWCSession::Init()+388) (BuildId: d29ab2e124ef317f6ad55b0a12865f49)
11-07 18:35:04.958  1775  1775 F DEBUG   :       #06 pc 0000000000022e88  /vendor/lib64/hw/hwcomposer.sdm845.so (sdm::HWCSession::Open(hw_module_t const*, char const*, hw_device_t**)+156) (BuildId: d29ab2e124ef317f6ad55b0a12865f49)
11-07 18:35:04.958  1775  1775 F DEBUG   :       #07 pc 0000000000009674  /vendor/bin/hw/android.hardware.graphics.composer@2.3-service (android::hardware::graphics::composer::V2_1::passthrough::HwcLoader::openDeviceWithAdapter(hw_module_t const*, bool*)+372) (BuildId: c1b15329d524993e8f606be96b654948)
11-07 18:35:04.958  1775  1775 F DEBUG   :       #08 pc 0000000000009380  /vendor/bin/hw/android.hardware.graphics.composer@2.3-service (android::hardware::graphics::composer::V2_3::passthrough::HwcLoader::createHalWithAdapter(hw_module_t const*)+48) (BuildId: c1b15329d524993e8f606be96b654948)
11-07 18:35:04.958  1775  1775 F DEBUG   :       #09 pc 00000000000092bc  /vendor/bin/hw/android.hardware.graphics.composer@2.3-service (android::hardware::graphics::composer::V2_3::passthrough::HwcLoader::load()+136) (BuildId: c1b15329d524993e8f606be96b654948)
11-07 18:35:04.958  1775  1775 F DEBUG   :       #10 pc 0000000000009144  /vendor/bin/hw/android.hardware.graphics.composer@2.3-service (main+240) (BuildId: c1b15329d524993e8f606be96b654948)
11-07 18:35:04.958  1775  1775 F DEBUG   :       #11 pc 00000000000488c8  /apex/com.android.runtime/lib64/bionic/libc.so (__libc_init+96) (BuildId: 404fad79f9cb4dd4a710235460ef056f)
11-07 18:35:05.021     0     0 I binder  : 865:865 ioctl 40046210 7fedeaa494 returned -22
11-07 18:35:05.077  1359  1382 W android.permission.PermissionManager: Missing ActivityManager; assuming 1041 does not hold android.permission.UPDATE_DEVICE_STATS
11-07 18:35:05.075     0     0 I binder  : 1783:1783 ioctl 40046210 7ffd21c2c4 returned -22
11-07 18:35:05.075     0     0 I binder  : 1783:1783 ioctl 40046210 7ffd21c2e4 returned -22
11-07 18:35:05.094     0     0 E         : msm_qti_pp_get_rms_value_control, back not active to query rms be_idx:3
11-07 18:35:05.097     0     0 I binder  : 1784:1784 ioctl 40046210 7fde2db2e4 returned -22
11-07 18:35:05.098     0     0 I binder  : 1784:1784 ioctl 40046210 7fde2db304 returned -22
11-07 18:35:05.101     0     0 I core_get_license_status: cmdrsp_license_result.result = 0x15 for module 0x131ff
11-07 18:35:05.102     0     0 E msm-ext-disp-audio-codec-rx soc: qcom,msm-ext-disp:qcom,msm-ext-disp-audio-codec-rx: msm_ext_disp_audio_type_get: codec_data, get_audio_edid_blk() or get_intf_id is NULL
11-07 18:35:05.133     0     0 W kgsl-3d0: loading /vendor/firmware_mnt/image/a630_sqe.fw failed with error -13
11-07 18:35:05.136     0     0 I ueventd : firmware: loading 'a630_sqe.fw' for '/devices/platform/soc/5000000.qcom,kgsl-3d0/kgsl/kgsl-3d0/a630_sqe.fw'
11-07 18:35:05.138     0     0 I ueventd : loading /devices/platform/soc/5000000.qcom,kgsl-3d0/kgsl/kgsl-3d0/a630_sqe.fw took 2ms
11-07 18:35:05.138     0     0 W kgsl-3d0: loading /vendor/firmware_mnt/image/a630_gmu.bin failed with error -13
11-07 18:35:05.141     0     0 I ueventd : firmware: loading 'a630_gmu.bin' for '/devices/platform/soc/5000000.qcom,kgsl-3d0/kgsl/kgsl-3d0/a630_gmu.bin'
11-07 18:35:05.143     0     0 I ueventd : loading /devices/platform/soc/5000000.qcom,kgsl-3d0/kgsl/kgsl-3d0/a630_gmu.bin took 1ms
11-07 18:35:05.146     0     0 I headset_imp_feature_get: get success!
11-07 18:35:05.164     0     0 W subsys-pil-tz soc: qcom,kgsl-hyp: loading /vendor/firmware_mnt/image/a630_zap.mdt failed with error -13
11-07 18:35:05.167     0     0 I ueventd : firmware: loading 'a630_zap.mdt' for '/devices/platform/soc/soc:qcom,kgsl-hyp/firmware/a630_zap.mdt'
11-07 18:35:05.169     0     0 I ueventd : loading /devices/platform/soc/soc:qcom,kgsl-hyp/firmware/a630_zap.mdt took 1ms
11-07 18:35:05.169     0     0 I subsys-pil-tz soc: qcom,kgsl-hyp: a630_zap: loading from 0x000000008c415000 to 0x000000008c416000
11-07 18:35:05.188     0     0 E IPC_RTR : msm_ipc_router_bind: Loc_hal_worker Do not have permissions
11-07 18:35:05.188     0     0 E IPC_RTR : msm_ipc_router_bind: Loc_hal_worker Do not have permissions
11-07 18:35:05.188     0     0 E tfa98xx_info_vstep(): vsteps count: 1 [prof=0]
11-07 18:35:05.188     0     0 E tfa98xx_info_vstep(): vsteps count: 1 [prof=0]
11-07 18:35:05.188     0     0 E tfa98xx_info_vstep(): vsteps count: 1 [prof=0]
11-07 18:35:05.188     0     0 E tfa98xx_info_vstep(): vsteps count: 1 [prof=0]
11-07 18:35:05.188     0     0 E tfa98xx_info_vstep(): vsteps count: 1 [prof=0]
11-07 18:35:05.188     0     0 E tfa98xx_info_vstep(): vsteps count: 1 [prof=0]
11-07 18:35:05.198     0     0 I ueventd : firmware: loading 'a630_zap.b02' for '/devices/platform/soc/soc:qcom,kgsl-hyp/firmware/a630_zap.b02'
11-07 18:35:05.200     0     0 I ueventd : loading /devices/platform/soc/soc:qcom,kgsl-hyp/firmware/a630_zap.b02 took 1ms
11-07 18:35:05.201     0     0 I subsys-pil-tz soc: qcom,kgsl-hyp: a630_zap: Brought out of reset
11-07 18:35:05.372     0     0 E         : msm_qti_pp_get_rms_value_control, back not active to query rms be_idx:3
11-07 18:35:05.379     0     0 I core_get_license_status: cmdrsp_license_result.result = 0x15 for module 0x131ff
11-07 18:35:05.380     0     0 E msm-ext-disp-audio-codec-rx soc: qcom,msm-ext-disp:qcom,msm-ext-disp-audio-codec-rx: msm_ext_disp_audio_type_get: codec_data, get_audio_edid_blk() or get_intf_id is NULL
11-07 18:35:05.438     0     0 E tfa98xx_info_vstep(): vsteps count: 1 [prof=0]
11-07 18:35:05.438     0     0 E tfa98xx_info_vstep(): vsteps count: 1 [prof=0]
11-07 18:35:05.438     0     0 E tfa98xx_info_vstep(): vsteps count: 1 [prof=0]
11-07 18:35:05.438     0     0 E tfa98xx_info_vstep(): vsteps count: 1 [prof=0]
11-07 18:35:05.438     0     0 E tfa98xx_info_vstep(): vsteps count: 1 [prof=0]
11-07 18:35:05.438     0     0 E tfa98xx_info_vstep(): vsteps count: 1 [prof=0]
11-07 18:35:05.749  1073  1073 E storaged: getService package_native failed
11-07 18:35:05.755     0     0 E FG      : fg_psy_get_property: unsupported property 79
11-07 18:35:05.759  1073  1844 I storaged: storaged: Start
11-07 18:35:06.034     0     0 E diag    : In diag_ioctl_set_buffering_mode, invalid peripheral = -22
11-07 18:35:06.508     0     0 I binder  : 1852:1852 ioctl 40046210 7fca1508f4 returned -22
11-07 18:35:06.902     0     0 I binder  : 1879:1879 ioctl 40046210 7fea95f8d4 returned -22
11-07 18:35:06.908  1881  1881 I imsrcsd : Uce Service HAL  is starting up...
11-07 18:35:06.908  1881  1881 I imsrcsd : getAndroidPropValue : vendor.ims.DATA_DAEMON_STATUS[1]
11-07 18:35:08.111     0     0 E init    : Control message: Could not find 'android.hardware.graphics.composer@2.1::IComposer/default' for ctl.interface_start from pid: 583 (/system/bin/hwservicemanager)
11-07 18:35:08.757     0     0 E init    : Control message: Could not find 'aidl/SurfaceFlinger' for ctl.interface_start from pid: 582 (/system/bin/servicemanager)
11-07 18:35:08.815     0     0 I QCOM-BATT: pl_fcc_vote_callback: total_fcc_ua=1950000
11-07 18:35:08.815     0     0 I QCOM-BATT: pl_fv_vote_callback: fv_uv=4400000
11-07 18:35:09.111     0     0 E init    : Control message: Could not find 'android.hardware.graphics.composer@2.1::IComposer/default' for ctl.interface_start from pid: 583 (/system/bin/hwservicemanager)
11-07 18:35:09.173     0     0 E FG      : fg_psy_get_property: unsupported property 79
11-07 18:35:09.179     0     0 E FG      : fg_psy_get_property: unsupported property 79
11-07 18:35:09.182     0     0 W healthd : battery l=100 v=4295 t=28.0 h=2 st=2 c=-202000 fc=2605 chg=u
11-07 18:35:09.187     0     0 E FG      : fg_psy_get_property: unsupported property 79
11-07 18:35:09.757     0     0 E init    : Control message: Could not find 'aidl/SurfaceFlinger' for ctl.interface_start from pid: 582 (/system/bin/servicemanager)
11-07 18:35:09.882     0     0 I init    : starting service 'vendor.hwcomposer-2-3'...
11-07 18:35:09.885     0     0 I init    : processing action (init.svc.vendor.hwcomposer-2-3=running) from (/vendor/etc/init/hw/init.target.rc:228)
11-07 18:35:09.885     0     0 E init    : File /vendor/bin/mm-pp-dpps (labeled "u:object_r:vendor_file:s0") has incorrect label or no domain transition from u:r:init:s0 to another SELinux domain defined. Have you configured your service correctly? https://source.android.com/security/selinux/device-policy#label_new_services_and_address_denials. Note: this error shows up even in permissive mode in order to make auditing denials possible.
11-07 18:35:09.885     0     0 I init    : starting service 'ppd'...
11-07 18:35:09.886     0     0 I init    : Created socket '/dev/socket/pps', mode 660, user 1000, group 1000
11-07 18:35:09.894     0     0 I binder  : 1900:1900 ioctl 40046210 7fc8b5ce94 returned -22
11-07 18:35:09.895     0     0 I binder  : 1901:1901 ioctl 40046210 7fd07a04f4 returned -22
11-07 18:35:09.895     0     0 I binder  : 1900:1900 ioctl 40046210 7fc8b5ce74 returned -22
11-07 18:35:09.914  1900  1900 F libc    : Fatal signal 11 (SIGSEGV), code 1 (SEGV_MAPERR), fault addr 0x0 in tid 1900 (android.hardwar), pid 1900 (android.hardwar)
11-07 18:35:09.963  1910  1910 F DEBUG   : *** *** *** *** *** *** *** *** *** *** *** *** *** *** *** ***
11-07 18:35:09.963  1910  1910 F DEBUG   : Build fingerprint: 'OnePlus/OnePlus6T/OnePlus6T:9/PKQ1.180716.001/1812260627:user/release-keys'
11-07 18:35:09.963  1910  1910 F DEBUG   : Revision: '0'
11-07 18:35:09.963  1910  1910 F DEBUG   : ABI: 'arm64'
11-07 18:35:09.963  1910  1910 F DEBUG   : Timestamp: 2021-11-07 18:35:09.930352652+0100
11-07 18:35:09.963  1910  1910 F DEBUG   : Process uptime: 0s
11-07 18:35:09.963  1910  1910 F DEBUG   : Cmdline: /vendor/bin/hw/android.hardware.graphics.composer@2.3-service
11-07 18:35:09.963  1910  1910 F DEBUG   : pid: 1900, tid: 1900, name: android.hardwar  >>> /vendor/bin/hw/android.hardware.graphics.composer@2.3-service <<<
11-07 18:35:09.963  1910  1910 F DEBUG   : uid: 1000
11-07 18:35:09.963  1910  1910 F DEBUG   : signal 11 (SIGSEGV), code 1 (SEGV_MAPERR), fault addr 0x0
11-07 18:35:09.963  1910  1910 F DEBUG   : Cause: null pointer dereference
11-07 18:35:09.963  1910  1910 F DEBUG   :     x0  0000000000000000  x1  000000780e6c2700  x2  0000000000000200  x3  000000006f732e6d
11-07 18:35:09.963  1910  1910 F DEBUG   :     x4  0000007915f8e060  x5  0000007fc8b5b825  x6  726465647362696c  x7  6f732e6d72646564
11-07 18:35:09.963  1910  1910 F DEBUG   :     x8  0000000000000000  x9  0000007678067000  x10 3f86666618964020  x11 0000000000000000
11-07 18:35:09.963  1910  1910 F DEBUG   :     x12 000000000000000c  x13 646e756f6620746f  x14 0000007fc8b5ba59  x15 ffffffffffffffff
11-07 18:35:09.963  1910  1910 F DEBUG   :     x16 00000076780bbec0  x17 00000076780a3614  x18 0000007916618000  x19 000000780e6c2700
11-07 18:35:09.963  1910  1910 F DEBUG   :     x20 0000007915e0f010  x21 0000007fc8b5cbb0  x22 0000007fc8b5cc28  x23 0000007fc8b5cc10
11-07 18:35:09.963  1910  1910 F DEBUG   :     x24 0000000001001008  x25 0000007915e0f010  x26 00000076780bd3a8  x27 0000000000000000
11-07 18:35:09.963  1910  1910 F DEBUG   :     x28 0000000000000000  x29 0000007fc8b5cc80
11-07 18:35:09.963  1910  1910 F DEBUG   :     lr  00000076780a2f54  sp  0000007fc8b5cb90  pc  00000076780a36a4  pst 0000000060000000
11-07 18:35:09.963  1910  1910 F DEBUG   : backtrace:
11-07 18:35:09.964  1910  1910 F DEBUG   :       #00 pc 00000000000616a4  /vendor/lib64/libsdmcore.so (sdm::HWInfoDRM::GetSystemInfo(sdm::HWResourceInfo*)+144) (BuildId: 1429da2638acf75c1e58262864e1bfd2)
11-07 18:35:09.964  1910  1910 F DEBUG   :       #01 pc 0000000000060f50  /vendor/lib64/libsdmcore.so (sdm::HWInfoDRM::GetHWResourceInfo(sdm::HWResourceInfo*)+444) (BuildId: 1429da2638acf75c1e58262864e1bfd2)
